Component: Arm Compiler for Embedded 6.22 Tool: armlink [5ee90200]

==============================================================================

Section Cross References

    startup_stm32f407xx.o(STACK) refers (Special) to heapauxi.o(.text) for __use_two_region_memory
    startup_stm32f407xx.o(HEAP) refers (Special) to heapauxi.o(.text) for __use_two_region_memory
    startup_stm32f407xx.o(RESET) refers (Special) to heapauxi.o(.text) for __use_two_region_memory
    startup_stm32f407xx.o(RESET) refers to startup_stm32f407xx.o(STACK) for __initial_sp
    startup_stm32f407xx.o(RESET) refers to startup_stm32f407xx.o(.text) for Reset_Handler
    startup_stm32f407xx.o(RESET) refers to stm32f4xx_it.o(.text.NMI_Handler) for NMI_Handler
    startup_stm32f407xx.o(RESET) refers to stm32f4xx_it.o(.text.HardFault_Handler) for HardFault_Handler
    startup_stm32f407xx.o(RESET) refers to stm32f4xx_it.o(.text.MemManage_Handler) for MemManage_Handler
    startup_stm32f407xx.o(RESET) refers to stm32f4xx_it.o(.text.BusFault_Handler) for BusFault_Handler
    startup_stm32f407xx.o(RESET) refers to stm32f4xx_it.o(.text.UsageFault_Handler) for UsageFault_Handler
    startup_stm32f407xx.o(RESET) refers to port.o(.text.SVC_Handler) for SVC_Handler
    startup_stm32f407xx.o(RESET) refers to stm32f4xx_it.o(.text.DebugMon_Handler) for DebugMon_Handler
    startup_stm32f407xx.o(RESET) refers to port.o(.text.PendSV_Handler) for PendSV_Handler
    startup_stm32f407xx.o(RESET) refers to port.o(.text.SysTick_Handler) for SysTick_Handler
    startup_stm32f407xx.o(RESET) refers to stm32f4xx_it.o(.text.EXTI0_IRQHandler) for EXTI0_IRQHandler
    startup_stm32f407xx.o(RESET) refers to stm32f4xx_it.o(.text.EXTI1_IRQHandler) for EXTI1_IRQHandler
    startup_stm32f407xx.o(RESET) refers to stm32f4xx_it.o(.text.EXTI3_IRQHandler) for EXTI3_IRQHandler
    startup_stm32f407xx.o(RESET) refers to stm32f4xx_it.o(.text.EXTI4_IRQHandler) for EXTI4_IRQHandler
    startup_stm32f407xx.o(RESET) refers to stm32f4xx_it.o(.text.DMA1_Stream1_IRQHandler) for DMA1_Stream1_IRQHandler
    startup_stm32f407xx.o(RESET) refers to stm32f4xx_it.o(.text.CAN1_RX0_IRQHandler) for CAN1_RX0_IRQHandler
    startup_stm32f407xx.o(RESET) refers to stm32f4xx_it.o(.text.EXTI9_5_IRQHandler) for EXTI9_5_IRQHandler
    startup_stm32f407xx.o(RESET) refers to stm32f4xx_it.o(.text.TIM4_IRQHandler) for TIM4_IRQHandler
    startup_stm32f407xx.o(RESET) refers to stm32f4xx_it.o(.text.USART1_IRQHandler) for USART1_IRQHandler
    startup_stm32f407xx.o(RESET) refers to stm32f4xx_it.o(.text.USART3_IRQHandler) for USART3_IRQHandler
    startup_stm32f407xx.o(RESET) refers to stm32f4xx_it.o(.text.TIM8_BRK_TIM12_IRQHandler) for TIM8_BRK_TIM12_IRQHandler
    startup_stm32f407xx.o(RESET) refers to stm32f4xx_it.o(.text.DMA2_Stream1_IRQHandler) for DMA2_Stream1_IRQHandler
    startup_stm32f407xx.o(RESET) refers to imu_task.o(.text.DMA2_Stream2_IRQHandler) for DMA2_Stream2_IRQHandler
    startup_stm32f407xx.o(RESET) refers to stm32f4xx_it.o(.text.DMA2_Stream3_IRQHandler) for DMA2_Stream3_IRQHandler
    startup_stm32f407xx.o(RESET) refers to stm32f4xx_it.o(.text.CAN2_RX1_IRQHandler) for CAN2_RX1_IRQHandler
    startup_stm32f407xx.o(RESET) refers to stm32f4xx_it.o(.text.OTG_FS_IRQHandler) for OTG_FS_IRQHandler
    startup_stm32f407xx.o(RESET) refers to stm32f4xx_it.o(.text.DMA2_Stream5_IRQHandler) for DMA2_Stream5_IRQHandler
    startup_stm32f407xx.o(RESET) refers to stm32f4xx_it.o(.text.DMA2_Stream6_IRQHandler) for DMA2_Stream6_IRQHandler
    startup_stm32f407xx.o(RESET) refers to stm32f4xx_it.o(.text.DMA2_Stream7_IRQHandler) for DMA2_Stream7_IRQHandler
    startup_stm32f407xx.o(RESET) refers to stm32f4xx_it.o(.text.USART6_IRQHandler) for USART6_IRQHandler
    startup_stm32f407xx.o(.text) refers (Special) to heapauxi.o(.text) for __use_two_region_memory
    startup_stm32f407xx.o(.text) refers to system_stm32f4xx.o(.text.SystemInit) for SystemInit
    startup_stm32f407xx.o(.text) refers to __main.o(!!!main) for __main
    startup_stm32f407xx.o(.text) refers to startup_stm32f407xx.o(HEAP) for Heap_Mem
    startup_stm32f407xx.o(.text) refers to startup_stm32f407xx.o(STACK) for Stack_Mem
    main.o(.text.main) refers to stm32f4xx_hal.o(.text.HAL_Init) for HAL_Init
    main.o(.text.main) refers to main.o(.text.SystemClock_Config) for SystemClock_Config
    main.o(.text.main) refers to gpio.o(.text.MX_GPIO_Init) for MX_GPIO_Init
    main.o(.text.main) refers to dma.o(.text.MX_DMA_Init) for MX_DMA_Init
    main.o(.text.main) refers to can.o(.text.MX_CAN1_Init) for MX_CAN1_Init
    main.o(.text.main) refers to can.o(.text.MX_CAN2_Init) for MX_CAN2_Init
    main.o(.text.main) refers to usart.o(.text.MX_USART3_UART_Init) for MX_USART3_UART_Init
    main.o(.text.main) refers to tim.o(.text.MX_TIM1_Init) for MX_TIM1_Init
    main.o(.text.main) refers to usart.o(.text.MX_USART6_UART_Init) for MX_USART6_UART_Init
    main.o(.text.main) refers to tim.o(.text.MX_TIM4_Init) for MX_TIM4_Init
[...]
    0x0800074c   0x0800074c   0x000000b8   Code   RO         2924    .text.BMI088_accel_read_over  bmi088driver.o
    0x08000804   0x08000804   0x00000002   Code   RO         2952    .text.BMI088_com_init  bmi088middleware.o
    0x08000806   0x08000806   0x00000002   PAD
    0x08000808   0x08000808   0x00000014   Code   RO         2954    .text.BMI088_delay_ms  bmi088middleware.o
    0x0800081c   0x0800081c   0x00000012   Code   RO         2956    .text.BMI088_delay_us  bmi088middleware.o
    0x0800082e   0x0800082e   0x00000002   PAD
    0x08000830   0x08000830   0x0000008a   Code   RO         2926    .text.BMI088_gyro_read_over  bmi088driver.o
    0x080008ba   0x080008ba   0x00000002   PAD
    0x080008bc   0x080008bc   0x0000006a   Code   RO         2902    .text.BMI088_init   bmi088driver.o
    0x08000926   0x08000926   0x00000002   PAD
    0x08000928   0x08000928   0x000001c0   Code   RO         2928    .text.BMI088_read   bmi088driver.o
    0x08000ae8   0x08000ae8   0x00000044   Code   RO         2916    .text.BMI088_read_muli_reg  bmi088driver.o
    0x08000b2c   0x08000b2c   0x00000024   Code   RO         2914    .text.BMI088_read_single_reg  bmi088driver.o
    0x08000b50   0x08000b50   0x0000002e   Code   RO         2966    .text.BMI088_read_write_byte  bmi088middleware.o
    0x08000b7e   0x08000b7e   0x00000002   PAD
    0x08000b80   0x08000b80   0x00000056   Code   RO         2922    .text.BMI088_temperature_read_over  bmi088driver.o
    0x08000bd6   0x08000bd6   0x00000002   PAD
    0x08000bd8   0x08000bd8   0x00000020   Code   RO         2912    .text.BMI088_write_single_reg  bmi088driver.o
    0x08000bf8   0x08000bf8   0x00000004   Code   RO          177    .text.BusFault_Handler  stm32f4xx_it.o
    0x08000bfc   0x08000bfc   0x00000010   Code   RO          193    .text.CAN1_RX0_IRQHandler  stm32f4xx_it.o
    0x08000c0c   0x08000c0c   0x00000010   Code   RO          209    .text.CAN2_RX1_IRQHandler  stm32f4xx_it.o
    0x08000c1c   0x08000c1c   0x0000003e   Code   RO         2614    .text.CAN_Select_Handle  bsp_can.o
    0x08000c5a   0x08000c5a   0x00000002   PAD
    0x08000c5c   0x08000c5c   0x0000005c   Code   RO          294    .text.CDC_Control_FS  usbd_cdc_if.o
    0x08000cb8   0x08000cb8   0x00000004   Code   RO          292    .text.CDC_DeInit_FS  usbd_cdc_if.o
    0x08000cbc   0x08000cbc   0x00000032   Code   RO          290    .text.CDC_Init_FS   usbd_cdc_if.o
    0x08000cee   0x08000cee   0x00000002   PAD
    0x08000cf0   0x08000cf0   0x00000024   Code   RO          296    .text.CDC_Receive_FS  usbd_cdc_if.o
    0x08000d14   0x08000d14   0x00000018   Code   RO          298    .text.CDC_TransmitCplt_FS  usbd_cdc_if.o
    0x08000d2c   0x08000d2c   0x000000b8   Code   RO         2628    .text.Can_ID_Mask_Mode_Filter_Init  bsp_can.o
    0x08000de4   0x08000de4   0x00000082   Code   RO         2612    .text.Can_Init      bsp_can.o
    0x08000e66   0x08000e66   0x00000002   PAD
    0x08000e68   0x08000e68   0x000000f0   Code   RO         2608    .text.Can_Register  bsp_can.o
    0x08000f58   0x08000f58   0x00000270   Code   RO         2610    .text.Can_Register_Check  bsp_can.o
    0x080011c8   0x080011c8   0x000000e2   Code   RO         2616    .text.Can_Register_To_x_Instance  bsp_can.o
    0x080012aa   0x080012aa   0x00000002   PAD
    0x080012ac   0x080012ac   0x00000104   Code   RO         2630    .text.Can_Service_Init  bsp_can.o
    0x080013b0   0x080013b0   0x00000058   Code   RO         2620    .text.Can_Transmit  bsp_can.o
    0x08001408   0x08001408   0x00000010   Code   RO          191    .text.DMA1_Stream1_IRQHandler  stm32f4xx_it.o
    0x08001418   0x08001418   0x00000010   Code   RO          205    .text.DMA2_Stream1_IRQHandler  stm32f4xx_it.o
    0x08001428   0x08001428   0x000010b0   Code   RO         3016    .text.DMA2_Stream2_IRQHandler  imu_task.o
    0x080024d8   0x080024d8   0x00000010   Code   RO          207    .text.DMA2_Stream3_IRQHandler  stm32f4xx_it.o
    0x080024e8   0x080024e8   0x00000010   Code   RO          213    .text.DMA2_Stream5_IRQHandler  stm32f4xx_it.o
    0x080024f8   0x080024f8   0x00000010   Code   RO          215    .text.DMA2_Stream6_IRQHandler  stm32f4xx_it.o
    0x08002508   0x08002508   0x00000010   Code   RO          217    .text.DMA2_Stream7_IRQHandler  stm32f4xx_it.o
    0x08002518   0x08002518   0x00000056   Code   RO         1100    .text.DMA_CalcBaseAndBitshift  stm32f4xx_hal_dma.o
    0x0800256e   0x0800256e   0x00000002   PAD
    0x08002570   0x08002570   0x000000f0   Code   RO         1098    .text.DMA_CheckFifoParam  stm32f4xx_hal_dma.o
    0x08002660   0x08002660   0x00000050   Code   RO         1106    .text.DMA_SetConfig  stm32f4xx_hal_dma.o
    0x080026b0   0x080026b0   0x00000002   Code   RO          181    .text.DebugMon_Handler  stm32f4xx_it.o
    0x080026b2   0x080026b2   0x00000002   PAD
    0x080026b4   0x080026b4   0x0000000a   Code   RO          183    .text.EXTI0_IRQHandler  stm32f4xx_it.o
    0x080026be   0x080026be   0x00000002   PAD
    0x080026c0   0x080026c0   0x0000000a   Code   RO          185    .text.EXTI1_IRQHandler  stm32f4xx_it.o
    0x080026ca   0x080026ca   0x00000002   PAD
    0x080026cc   0x080026cc   0x0000000a   Code   RO          187    .text.EXTI3_IRQHandler  stm32f4xx_it.o
    0x080026d6   0x080026d6   0x00000002   PAD
    0x080026d8   0x080026d8   0x0000000a   Code   RO          189    .text.EXTI4_IRQHandler  stm32f4xx_it.o
    0x080026e2   0x080026e2   0x00000002   PAD
    0x080026e4   0x080026e4   0x0000000a   Code   RO          195    .text.EXTI9_5_IRQHandler  stm32f4xx_it.o
    0x080026ee   0x080026ee   0x00000002   PAD
    0x080026f0   0x080026f0   0x00000006   Code   RO           15    .text.Error_Handler  main.o
    0x080026f6   0x080026f6   0x00000002   PAD
    0x080026f8   0x080026f8   0x0000005c   Code   RO          273    .text.Get_SerialNum  usbd_desc.o
    0x08002754   0x08002754   0x0000007e   Code   RO         2884    .text.Gimbal_Init   gimbal_fun.o
    0x080027d2   0x080027d2   0x00000006   PAD
    0x080027d8   0x080027d8   0x000001fc   Code   RO         2872    .text.Gimbal_task   gimbal_task.o
    0x080029d4   0x080029d4   0x00000052   Code   RO         1394    .text.HAL_CAN_ActivateNotification  stm32f4xx_hal_can.o
    0x08002a26   0x08002a26   0x00000002   PAD
    0x08002a28   0x08002a28   0x00000156   Code   RO         1380    .text.HAL_CAN_AddTxMessage  stm32f4xx_hal_can.o
    0x08002b7e   0x08002b7e   0x00000002   PAD
    0x08002b80   0x08002b80   0x000001a4   Code   RO         1370    .text.HAL_CAN_ConfigFilter  stm32f4xx_hal_can.o
    0x08002d24   0x08002d24   0x00000008   Code   RO         1424    .text.HAL_CAN_ErrorCallback  stm32f4xx_hal_can.o
    0x08002d2c   0x08002d2c   0x00000052   Code   RO         1392    .text.HAL_CAN_GetRxFifoFillLevel  stm32f4xx_hal_can.o
    0x08002d7e   0x08002d7e   0x00000002   PAD
    0x08002d80   0x08002d80   0x00000212   Code   RO         1390    .text.HAL_CAN_GetRxMessage  stm32f4xx_hal_can.o
    0x08002f92   0x08002f92   0x00000002   PAD
    0x08002f94   0x08002f94   0x00000070   Code   RO         1384    .text.HAL_CAN_GetTxMailboxesFreeLevel  stm32f4xx_hal_can.o
    0x08003004   0x08003004   0x000003f2   Code   RO         1398    .text.HAL_CAN_IRQHandler  stm32f4xx_hal_can.o
    0x080033f6   0x080033f6   0x00000002   PAD
    0x080033f8   0x080033f8   0x000001de   Code   RO         1360    .text.HAL_CAN_Init  stm32f4xx_hal_can.o
    0x080035d6   0x080035d6   0x00000002   PAD
    0x080035d8   0x080035d8   0x00000184   Code   RO           69    .text.HAL_CAN_MspInit  can.o
    0x0800375c   0x0800375c   0x00000008   Code   RO         1412    .text.HAL_CAN_RxFifo0FullCallback  stm32f4xx_hal_can.o
    0x08003764   0x08003764   0x000000c6   Code   RO         2622    .text.HAL_CAN_RxFifo0MsgPendingCallback  bsp_can.o
    0x0800382a   0x0800382a   0x00000002   PAD
    0x0800382c   0x0800382c   0x00000008   Code   RO         1416    .text.HAL_CAN_RxFifo1FullCallback  stm32f4xx_hal_can.o
    0x08003834   0x08003834   0x000000c6   Code   RO         2626    .text.HAL_CAN_RxFifo1MsgPendingCallback  bsp_can.o
    0x080038fa   0x080038fa   0x00000002   PAD
    0x080038fc   0x080038fc   0x00000008   Code   RO         1420    .text.HAL_CAN_SleepCallback  stm32f4xx_hal_can.o
    0x08003904   0x08003904   0x0000008a   Code   RO         1372    .text.HAL_CAN_Start  stm32f4xx_hal_can.o
    0x0800398e   0x0800398e   0x00000002   PAD
    0x08003990   0x08003990   0x00000008   Code   RO         1402    .text.HAL_CAN_TxMailbox0AbortCallback  stm32f4xx_hal_can.o
    0x08003998   0x08003998   0x00000008   Code   RO         1400    .text.HAL_CAN_TxMailbox0CompleteCallback  stm32f4xx_hal_can.o
    0x080039a0   0x080039a0   0x00000008   Code   RO         1406    .text.HAL_CAN_TxMailbox1AbortCallback  stm32f4xx_hal_can.o
    0x080039a8   0x080039a8   0x00000008   Code   RO         1404    .text.HAL_CAN_TxMailbox1CompleteCallback  stm32f4xx_hal_can.o
    0x080039b0   0x080039b0   0x00000008   Code   RO         1410    .text.HAL_CAN_TxMailbox2AbortCallback  stm32f4xx_hal_can.o
    0x080039b8   0x080039b8   0x00000008   Code   RO         1408    .text.HAL_CAN_TxMailbox2CompleteCallback  stm32f4xx_hal_can.o
    0x080039c0   0x080039c0   0x00000008   Code   RO         1422    .text.HAL_CAN_WakeUpFromRxMsgCallback  stm32f4xx_hal_can.o
    0x080039c8   0x080039c8   0x000000ec   Code   RO         1110    .text.HAL_DMA_Abort  stm32f4xx_hal_dma.o
    0x08003ab4   0x08003ab4   0x00000044   Code   RO         1112    .text.HAL_DMA_Abort_IT  stm32f4xx_hal_dma.o
    0x08003af8   0x08003af8   0x0000031e   Code   RO         1116    .text.HAL_DMA_IRQHandler  stm32f4xx_hal_dma.o
    0x08003e16   0x08003e16   0x00000002   PAD
    0x08003e18   0x08003e18   0x0000016e   Code   RO         1096    .text.HAL_DMA_Init  stm32f4xx_hal_dma.o
    0x08003f86   0x08003f86   0x00000002   PAD
    0x08003f88   0x08003f88   0x000000c2   Code   RO         1108    .text.HAL_DMA_Start_IT  stm32f4xx_hal_dma.o
    0x0800404a   0x0800404a   0x00000002   PAD
    0x0800404c   0x0800404c   0x00000042   Code   RO         1291    .text.HAL_Delay     stm32f4xx_hal.o
    0x0800408e   0x0800408e   0x00000002   PAD
    0x08004090   0x08004090   0x0000012e   Code   RO         3012    .text.HAL_GPIO_EXTI_Callback  imu_task.o
    0x080041be   0x080041be   0x00000002   PAD
    0x080041c0   0x080041c0   0x00000038   Code   RO         1070    .text.HAL_GPIO_EXTI_IRQHandler  stm32f4xx_hal_gpio.o
    0x080041f8   0x080041f8   0x000003b6   Code   RO         1058    .text.HAL_GPIO_Init  stm32f4xx_hal_gpio.o
    0x080045ae   0x080045ae   0x00000002   PAD
    0x080045b0   0x080045b0   0x0000002e   Code   RO         1064    .text.HAL_GPIO_WritePin  stm32f4xx_hal_gpio.o
    0x080045de   0x080045de   0x00000002   PAD
    0x080045e0   0x080045e0   0x0000000c   Code   RO         1283    .text.HAL_GetTick   stm32f4xx_hal.o
    0x080045ec   0x080045ec   0x000002a4   Code   RO         1439    .text.HAL_I2C_Init  stm32f4xx_hal_i2c.o
    0x08004890   0x08004890   0x000000e6   Code   RO           93    .text.HAL_I2C_MspInit  i2c.o
    0x08004976   0x08004976   0x00000002   PAD
    0x08004978   0x08004978   0x0000001a   Code   RO         1281    .text.HAL_IncTick   stm32f4xx_hal.o
    0x08004992   0x08004992   0x00000002   PAD
    0x08004994   0x08004994   0x00000036   Code   RO         1271    .text.HAL_Init      stm32f4xx_hal.o
    0x080049ca   0x080049ca   0x00000002   PAD
    0x080049cc   0x080049cc   0x000000f0   Code   RO          236    .text.HAL_InitTick  stm32f4xx_hal_timebase_tim.o
    0x08004abc   0x08004abc   0x00000058   Code   RO          228    .text.HAL_MspInit   stm32f4xx_hal_msp.o
    0x08004b14   0x08004b14   0x00000014   Code   RO         1206    .text.HAL_NVIC_EnableIRQ  stm32f4xx_hal_cortex.o
    0x08004b28   0x08004b28   0x00000032   Code   RO         1198    .text.HAL_NVIC_SetPriority  stm32f4xx_hal_cortex.o
    0x08004b5a   0x08004b5a   0x00000002   PAD
    0x08004b5c   0x08004b5c   0x00000010   Code   RO         1194    .text.HAL_NVIC_SetPriorityGrouping  stm32f4xx_hal_cortex.o
    0x08004b6c   0x08004b6c   0x0000000c   Code   RO          806    .text.HAL_PCDEx_LPM_Callback  stm32f4xx_hal_pcd_ex.o
    0x08004b78   0x08004b78   0x00000018   Code   RO          804    .text.HAL_PCDEx_SetRxFiFo  stm32f4xx_hal_pcd_ex.o
    0x08004b90   0x08004b90   0x0000009c   Code   RO          802    .text.HAL_PCDEx_SetTxFiFo  stm32f4xx_hal_pcd_ex.o
    0x08004c2c   0x08004c2c   0x00000014   Code   RO          334    .text.HAL_PCD_ConnectCallback  usbd_conf.o
    0x08004c40   0x08004c40   0x00000026   Code   RO          320    .text.HAL_PCD_DataInStageCallback  usbd_conf.o
    0x08004c66   0x08004c66   0x00000002   PAD
    0x08004c68   0x08004c68   0x00000028   Code   RO          318    .text.HAL_PCD_DataOutStageCallback  usbd_conf.o
    0x08004c90   0x08004c90   0x00000014   Code   RO          336    .text.HAL_PCD_DisconnectCallback  usbd_conf.o
    0x08004ca4   0x08004ca4   0x0000005e   Code   RO          753    .text.HAL_PCD_EP_Abort  stm32f4xx_hal_pcd.o
    0x08004d02   0x08004d02   0x00000002   PAD
    0x08004d04   0x08004d04   0x000000a8   Code   RO          773    .text.HAL_PCD_EP_Close  stm32f4xx_hal_pcd.o
    0x08004dac   0x08004dac   0x000000c8   Code   RO          783    .text.HAL_PCD_EP_ClrStall  stm32f4xx_hal_pcd.o
    0x08004e74   0x08004e74   0x00000022   Code   RO          777    .text.HAL_PCD_EP_GetRxCount  stm32f4xx_hal_pcd.o
    0x08004e96   0x08004e96   0x00000002   PAD
    0x08004e98   0x08004e98   0x000000ee   Code   RO          771    .text.HAL_PCD_EP_Open  stm32f4xx_hal_pcd.o
    0x08004f86   0x08004f86   0x00000002   PAD
    0x08004f88   0x08004f88   0x0000006c   Code   RO          775    .text.HAL_PCD_EP_Receive  stm32f4xx_hal_pcd.o
    0x08004ff4   0x08004ff4   0x000000de   Code   RO          781    .text.HAL_PCD_EP_SetStall  stm32f4xx_hal_pcd.o
    0x080050d2   0x080050d2   0x00000002   PAD
    0x080050d4   0x080050d4   0x0000006c   Code   RO          779    .text.HAL_PCD_EP_Transmit  stm32f4xx_hal_pcd.o
    0x08005140   0x08005140   0x00000838   Code   RO          731    .text.HAL_PCD_IRQHandler  stm32f4xx_hal_pcd.o
    0x08005978   0x08005978   0x0000001c   Code   RO          332    .text.HAL_PCD_ISOINIncompleteCallback  usbd_conf.o
    0x08005994   0x08005994   0x0000001c   Code   RO          330    .text.HAL_PCD_ISOOUTIncompleteCallback  usbd_conf.o
    0x080059b0   0x080059b0   0x00000242   Code   RO          719    .text.HAL_PCD_Init  stm32f4xx_hal_pcd.o
    0x08005bf2   0x08005bf2   0x00000002   PAD
    0x08005bf4   0x08005bf4   0x000000b0   Code   RO          312    .text.HAL_PCD_MspInit  usbd_conf.o
    0x08005ca4   0x08005ca4   0x00000052   Code   RO          324    .text.HAL_PCD_ResetCallback  usbd_conf.o
    0x08005cf6   0x08005cf6   0x00000002   PAD
    0x08005cf8   0x08005cf8   0x00000014   Code   RO          328    .text.HAL_PCD_ResumeCallback  usbd_conf.o
    0x08005d0c   0x08005d0c   0x00000014   Code   RO          322    .text.HAL_PCD_SOFCallback  usbd_conf.o
    0x08005d20   0x08005d20   0x0000005c   Code   RO          769    .text.HAL_PCD_SetAddress  stm32f4xx_hal_pcd.o
    0x08005d7c   0x08005d7c   0x00000018   Code   RO          316    .text.HAL_PCD_SetupStageCallback  usbd_conf.o
    0x08005d94   0x08005d94   0x0000007c   Code   RO          727    .text.HAL_PCD_Start  stm32f4xx_hal_pcd.o
    0x08005e10   0x08005e10   0x0000003e   Code   RO          326    .text.HAL_PCD_SuspendCallback  usbd_conf.o
    0x08005e4e   0x08005e4e   0x00000002   PAD
    0x08005e50   0x08005e50   0x00000262   Code   RO          926    .text.HAL_RCC_ClockConfig  stm32f4xx_hal_rcc.o
    0x080060b2   0x080060b2   0x00000002   PAD
    0x080060b4   0x080060b4   0x00000054   Code   RO          944    .text.HAL_RCC_GetClockConfig  stm32f4xx_hal_rcc.o
    0x08006108   0x08006108   0x0000000c   Code   RO          936    .text.HAL_RCC_GetHCLKFreq  stm32f4xx_hal_rcc.o
    0x08006114   0x08006114   0x00000022   Code   RO          938    .text.HAL_RCC_GetPCLK1Freq  stm32f4xx_hal_rcc.o
    0x08006136   0x08006136   0x00000002   PAD
    0x08006138   0x08006138   0x00000022   Code   RO          940    .text.HAL_RCC_GetPCLK2Freq  stm32f4xx_hal_rcc.o
    0x0800615a   0x0800615a   0x00000002   PAD
    0x0800615c   0x0800615c   0x000000e6   Code   RO          928    .text.HAL_RCC_GetSysClockFreq  stm32f4xx_hal_rcc.o
    0x08006242   0x08006242   0x00000002   PAD
    0x08006244   0x08006244   0x000006be   Code   RO          924    .text.HAL_RCC_OscConfig  stm32f4xx_hal_rcc.o
    0x08006902   0x08006902   0x00000002   PAD
    0x08006904   0x08006904   0x00000102   Code   RO         1611    .text.HAL_SPI_Init  stm32f4xx_hal_spi.o
    0x08006a06   0x08006a06   0x00000002   PAD
    0x08006a08   0x08006a08   0x0000018c   Code   RO          107    .text.HAL_SPI_MspInit  spi.o
    0x08006b94   0x08006b94   0x000003a2   Code   RO         1625    .text.HAL_SPI_TransmitReceive  stm32f4xx_hal_spi.o
    0x08006f36   0x08006f36   0x00000002   PAD
    0x08006f38   0x08006f38   0x00000008   Code   RO          706    .text.HAL_TIMEx_BreakCallback  stm32f4xx_hal_tim_ex.o
    0x08006f40   0x08006f40   0x00000008   Code   RO          702    .text.HAL_TIMEx_CommutCallback  stm32f4xx_hal_tim_ex.o
    0x08006f48   0x08006f48   0x000000b2   Code   RO          698    .text.HAL_TIMEx_ConfigBreakDeadTime  stm32f4xx_hal_tim_ex.o
    0x08006ffa   0x08006ffa   0x00000002   PAD
    0x08006ffc   0x08006ffc   0x00000122   Code   RO          696    .text.HAL_TIMEx_MasterConfigSynchronization  stm32f4xx_hal_tim_ex.o
    0x0800711e   0x0800711e   0x00000002   PAD
    0x08007120   0x08007120   0x0000009c   Code   RO          383    .text.HAL_TIM_Base_Init  stm32f4xx_hal_tim.o
    0x080071bc   0x080071bc   0x000000f8   Code   RO          131    .text.HAL_TIM_Base_MspInit  tim.o
    0x080072b4   0x080072b4   0x000000f6   Code   RO          397    .text.HAL_TIM_Base_Start_IT  stm32f4xx_hal_tim.o
    0x080073aa   0x080073aa   0x00000002   PAD
    0x080073ac   0x080073ac   0x00000184   Code   RO          575    .text.HAL_TIM_ConfigClockSource  stm32f4xx_hal_tim.o
    0x08007530   0x08007530   0x00000008   Code   RO          519    .text.HAL_TIM_IC_CaptureCallback  stm32f4xx_hal_tim.o
    0x08007538   0x08007538   0x0000021a   Code   RO          517    .text.HAL_TIM_IRQHandler  stm32f4xx_hal_tim.o
    0x08007752   0x08007752   0x00000002   PAD
    0x08007754   0x08007754   0x00000160   Code   RO          123    .text.HAL_TIM_MspPostInit  tim.o
    0x080078b4   0x080078b4   0x00000008   Code   RO          521    .text.HAL_TIM_OC_DelayElapsedCallback  stm32f4xx_hal_tim.o
    0x080078bc   0x080078bc   0x00000142   Code   RO          549    .text.HAL_TIM_PWM_ConfigChannel  stm32f4xx_hal_tim.o
    0x080079fe   0x080079fe   0x00000002   PAD
    0x08007a00   0x08007a00   0x0000009c   Code   RO          437    .text.HAL_TIM_PWM_Init  stm32f4xx_hal_tim.o
    0x08007a9c   0x08007a9c   0x00000008   Code   RO          439    .text.HAL_TIM_PWM_MspInit  stm32f4xx_hal_tim.o
    0x08007aa4   0x08007aa4   0x00000008   Code   RO          523    .text.HAL_TIM_PWM_PulseFinishedCallback  stm32f4xx_hal_tim.o
    0x08007aac   0x08007aac   0x00000022   Code   RO           17    .text.HAL_TIM_PeriodElapsedCallback  main.o
    0x08007ace   0x08007ace   0x00000002   PAD
    0x08007ad0   0x08007ad0   0x00000008   Code   RO          527    .text.HAL_TIM_TriggerCallback  stm32f4xx_hal_tim.o
    0x08007ad8   0x08007ad8   0x0000000c   Code   RO         1820    .text.HAL_UARTEx_RxEventCallback  stm32f4xx_hal_uart.o
    0x08007ae4   0x08007ae4   0x00000008   Code   RO         1818    .text.HAL_UART_ErrorCallback  stm32f4xx_hal_uart.o
    0x08007aec   0x08007aec   0x0000042c   Code   RO         1812    .text.HAL_UART_IRQHandler  stm32f4xx_hal_uart.o
    0x08007f18   0x08007f18   0x0000009e   Code   RO         1728    .text.HAL_UART_Init  stm32f4xx_hal_uart.o
    0x08007fb6   0x08007fb6   0x00000002   PAD
    0x08007fb8   0x08007fb8   0x000003e0   Code   RO          152    .text.HAL_UART_MspInit  usart.o
    0x08008398   0x08008398   0x00000056   Code   RO         1764    .text.HAL_UART_Receive_DMA  stm32f4xx_hal_uart.o
    0x080083ee   0x080083ee   0x00000002   PAD
    0x080083f0   0x080083f0   0x00000056   Code   RO         1752    .text.HAL_UART_Receive_IT  stm32f4xx_hal_uart.o
    0x08008446   0x08008446   0x00000002   PAD
    0x08008448   0x08008448   0x00000010   Code   RO         2653    .text.HAL_UART_RxCpltCallback  bsp_uart.o
    0x08008458   0x08008458   0x00000008   Code   RO         1832    .text.HAL_UART_RxHalfCpltCallback  stm32f4xx_hal_uart.o
    0x08008460   0x08008460   0x00000008   Code   RO         1826    .text.HAL_UART_TxCpltCallback  stm32f4xx_hal_uart.o
    0x08008468   0x08008468   0x00000004   Code   RO          173    .text.HardFault_Handler  stm32f4xx_it.o
    0x0800846c   0x0800846c   0x0000049c   Code   RO         2994    .text.InsTask       imu_task.o
    0x08008908   0x08008908   0x0000007a   Code   RO          275    .text.IntToUnicode  usbd_desc.o
    0x08008982   0x08008982   0x00000002   PAD
    0x08008984   0x08008984   0x00000034   Code   RO         3147    .text.Limit_Min_Max  pid.o
    0x080089b8   0x080089b8   0x0000004e   Code   RO           65    .text.MX_CAN1_Init  can.o
    0x08008a06   0x08008a06   0x00000002   PAD
    0x08008a08   0x08008a08   0x0000004e   Code   RO           67    .text.MX_CAN2_Init  can.o
    0x08008a56   0x08008a56   0x00000002   PAD
    0x08008a58   0x08008a58   0x000000ce   Code   RO           83    .text.MX_DMA_Init   dma.o
    0x08008b26   0x08008b26   0x00000002   PAD
    0x08008b28   0x08008b28   0x000000c4   Code   RO           39    .text.MX_FREERTOS_Init  freertos.o
    0x08008bec   0x08008bec   0x00000284   Code   RO           27    .text.MX_GPIO_Init  gpio.o
    0x08008e70   0x08008e70   0x00000048   Code   RO           91    .text.MX_I2C3_Init  i2c.o
    0x08008eb8   0x08008eb8   0x00000052   Code   RO          105    .text.MX_SPI1_Init  spi.o
    0x08008f0a   0x08008f0a   0x00000002   PAD
    0x08008f0c   0x08008f0c   0x0000008e   Code   RO          129    .text.MX_TIM10_Init  tim.o
    0x08008f9a   0x08008f9a   0x00000002   PAD
    0x08008f9c   0x08008f9c   0x0000013a   Code   RO          121    .text.MX_TIM1_Init  tim.o
    0x080090d6   0x080090d6   0x00000002   PAD
    0x080090d8   0x080090d8   0x00000086   Code   RO          125    .text.MX_TIM4_Init  tim.o
    0x0800915e   0x0800915e   0x00000002   PAD
    0x08009160   0x08009160   0x0000010a   Code   RO          127    .text.MX_TIM5_Init  tim.o
    0x0800926a   0x0800926a   0x00000002   PAD
    0x0800926c   0x0800926c   0x00000048   Code   RO          146    .text.MX_USART1_UART_Init  usart.o
    0x080092b4   0x080092b4   0x0000004c   Code   RO          148    .text.MX_USART3_UART_Init  usart.o
    0x08009300   0x08009300   0x00000040   Code   RO          150    .text.MX_USART6_UART_Init  usart.o
    0x08009340   0x08009340   0x00000076   Code   RO          250    .text.MX_USB_DEVICE_Init  usb_device.o
    0x080093b6   0x080093b6   0x00000002   PAD
    0x080093b8   0x080093b8   0x00000450   Code   RO         3123    .text.MahonyAHRSupdateIMU  mahonyahrs.o
    0x08009808   0x08009808   0x00000004   Code   RO          175    .text.MemManage_Handler  stm32f4xx_it.o
    0x0800980c   0x0800980c   0x000000b0   Code   RO         2825    .text.Motor_DM_Register  dm_4310.o
    0x080098bc   0x080098bc   0x00000096   Code   RO         2804    .text.Motor_Dji_Control  dev_motor_dji.o
    0x08009952   0x08009952   0x00000006   PAD
    0x08009958   0x08009958   0x0000024c   Code   RO         2802    .text.Motor_Dji_Decode  dev_motor_dji.o
    0x08009ba4   0x08009ba4   0x0000010c   Code   RO         2812    .text.Motor_Dji_Grouping  dev_motor_dji.o
    0x08009cb0   0x08009cb0   0x000000ee   Code   RO         2800    .text.Motor_Dji_Register  dev_motor_dji.o
    0x08009d9e   0x08009d9e   0x00000002   PAD
    0x08009da0   0x08009da0   0x0000004e   Code   RO         2810    .text.Motor_Dji_Transmit  dev_motor_dji.o
    0x08009dee   0x08009dee   0x00000002   PAD
    0x08009df0   0x08009df0   0x0000005a   Code   RO         2829    .text.Motor_Dm_Cmd  dm_4310.o
    0x08009e4a   0x08009e4a   0x00000002   PAD
    0x08009e4c   0x08009e4c   0x000000bc   Code   RO         2835    .text.Motor_Dm_Control  dm_4310.o
    0x08009f08   0x08009f08   0x000001f0   Code   RO         2827    .text.Motor_Dm_Decode  dm_4310.o
    0x0800a0f8   0x0800a0f8   0x00000150   Code   RO         2831    .text.Motor_Dm_Mit_Control  dm_4310.o
    0x0800a248   0x0800a248   0x00000032   Code   RO         2839    .text.Motor_Dm_Transmit  dm_4310.o
    0x0800a27a   0x0800a27a   0x00000002   PAD
    0x0800a27c   0x0800a27c   0x00000004   Code   RO          171    .text.NMI_Handler   stm32f4xx_it.o
    0x0800a280   0x0800a280   0x0000006c   Code   RO         1204    .text.NVIC_EncodePriority  stm32f4xx_hal_cortex.o
    0x0800a2ec   0x0800a2ec   0x00000010   Code   RO          211    .text.OTG_FS_IRQHandler  stm32f4xx_it.o
    0x0800a2fc   0x0800a2fc   0x0000008a   Code   RO          735    .text.PCD_EP_OutSetupPacket_int  stm32f4xx_hal_pcd.o
    0x0800a386   0x0800a386   0x00000002   PAD
    0x0800a388   0x0800a388   0x000001c8   Code   RO          733    .text.PCD_EP_OutXfrComplete_int  stm32f4xx_hal_pcd.o
    0x0800a550   0x0800a550   0x00000132   Code   RO          743    .text.PCD_WriteEmptyTxFifo  stm32f4xx_hal_pcd.o
    0x0800a682   0x0800a682   0x00000002   PAD
    0x0800a684   0x0800a684   0x0000010c   Code   RO         3151    .text.PID_Calc_Speed  pid.o
    0x0800a790   0x0800a790   0x0000003a   Code   RO         3139    .text.PID_init      pid.o
    0x0800a7ca   0x0800a7ca   0x00000006   PAD
    0x0800a7d0   0x0800a7d0   0x00000064   Code   RO         2435    .text.PendSV_Handler  port.o
    0x0800a834   0x0800a834   0x00000004   PAD
    0x0800a838   0x0800a838   0x000002a0   Code   RO         2855    .text.Pid_Calculate  alg_pid.o
    0x0800aad8   0x0800aad8   0x00000050   Code   RO         2859    .text.Pid_Limit     alg_pid.o
    0x0800ab28   0x0800ab28   0x00000084   Code   RO         2857    .text.Pid_Protect   alg_pid.o
    0x0800abac   0x0800abac   0x000000fc   Code   RO         2853    .text.Pid_Register  alg_pid.o
    0x0800aca8   0x0800aca8   0x000000a2   Code   RO         2667    .text.Remote_Register  dev_remote_control.o
    0x0800ad4a   0x0800ad4a   0x00000002   PAD
    0x0800ad4c   0x0800ad4c   0x0000004c   Code   RO         2715    .text.SEGGER_RTT_Write  segger_rtt.o
    0x0800ad98   0x0800ad98   0x000000b0   Code   RO         2711    .text.SEGGER_RTT_WriteNoLock  segger_rtt.o
    0x0800ae48   0x0800ae48   0x0000002a   Code   RO         2785    .text.SEGGER_RTT_printf  segger_rtt_printf.o
    0x0800ae72   0x0800ae72   0x00000002   PAD
    0x0800ae74   0x0800ae74   0x0000033c   Code   RO         2777    .text.SEGGER_RTT_vprintf  segger_rtt_printf.o
    0x0800b1b0   0x0800b1b0   0x0000539e   Code   RO         2985    .text.SPI1_DMA_enable  bsp_spi.o
    0x0801054e   0x0801054e   0x00000002   PAD
    0x08010550   0x08010550   0x00000226   Code   RO         2983    .text.SPI1_DMA_init  bsp_spi.o
    0x08010776   0x08010776   0x00000002   PAD
    0x08010778   0x08010778   0x000000cc   Code   RO         1621    .text.SPI_EndRxTxTransaction  stm32f4xx_hal_spi.o
    0x08010844   0x08010844   0x0000012a   Code   RO         1719    .text.SPI_WaitFlagStateUntilTimeout  stm32f4xx_hal_spi.o
    0x0801096e   0x0801096e   0x00000002   PAD
    0x08010970   0x08010970   0x00000024   Code   RO         2419    .text.SVC_Handler   port.o
    0x08010994   0x08010994   0x00000036   Code   RO         2530    .text.SWAPBYTE      usbd_ctlreq.o
    0x080109ca   0x080109ca   0x00000002   PAD
    0x080109cc   0x080109cc   0x0000003c   Code   RO         2437    .text.SysTick_Handler  port.o
    0x08010a08   0x08010a08   0x000000bc   Code   RO           13    .text.SystemClock_Config  main.o
    0x08010ac4   0x08010ac4   0x00000012   Code   RO         1859    .text.SystemInit    system_stm32f4xx.o
    0x08010ad6   0x08010ad6   0x00000002   PAD
    0x08010ad8   0x08010ad8   0x00000010   Code   RO          197    .text.TIM4_IRQHandler  stm32f4xx_it.o
    0x08010ae8   0x08010ae8   0x00000010   Code   RO          203    .text.TIM8_BRK_TIM12_IRQHandler  stm32f4xx_it.o
    0x08010af8   0x08010af8   0x000001b0   Code   RO          387    .text.TIM_Base_SetConfig  stm32f4xx_hal_tim.o
    0x08010ca8   0x08010ca8   0x00000034   Code   RO          573    .text.TIM_ETR_SetConfig  stm32f4xx_hal_tim.o
    0x08010cdc   0x08010cdc   0x0000002a   Code   RO          579    .text.TIM_ITRx_SetConfig  stm32f4xx_hal_tim.o
    0x08010d06   0x08010d06   0x00000002   PAD
    0x08010d08   0x08010d08   0x000000ea   Code   RO          531    .text.TIM_OC1_SetConfig  stm32f4xx_hal_tim.o
    0x08010df2   0x08010df2   0x00000002   PAD
    0x08010df4   0x08010df4   0x000000f4   Code   RO          533    .text.TIM_OC2_SetConfig  stm32f4xx_hal_tim.o
    0x08010ee8   0x08010ee8   0x000000f2   Code   RO          535    .text.TIM_OC3_SetConfig  stm32f4xx_hal_tim.o
    0x08010fda   0x08010fda   0x00000002   PAD
    0x08010fdc   0x08010fdc   0x000000a4   Code   RO          537    .text.TIM_OC4_SetConfig  stm32f4xx_hal_tim.o
    0x08011080   0x08011080   0x00000050   Code   RO          577    .text.TIM_TI1_ConfigInputStage  stm32f4xx_hal_tim.o
    0x080110d0   0x080110d0   0x00000052   Code   RO          581    .text.TIM_TI2_ConfigInputStage  stm32f4xx_hal_tim.o
    0x08011122   0x08011122   0x00000002   PAD
    0x08011124   0x08011124   0x00000020   Code   RO         1816    .text.UART_DMAAbortOnError  stm32f4xx_hal_uart.o
    0x08011144   0x08011144   0x0000007c   Code   RO         1762    .text.UART_DMAError  stm32f4xx_hal_uart.o
    0x080111c0   0x080111c0   0x000000f4   Code   RO         1848    .text.UART_DMAReceiveCplt  stm32f4xx_hal_uart.o
    0x080112b4   0x080112b4   0x00000034   Code   RO         1850    .text.UART_DMARxHalfCplt  stm32f4xx_hal_uart.o
    0x080112e8   0x080112e8   0x00000094   Code   RO         1776    .text.UART_EndRxTransfer  stm32f4xx_hal_uart.o
    0x0801137c   0x0801137c   0x00000026   Code   RO         1824    .text.UART_EndTransmit_IT  stm32f4xx_hal_uart.o
    0x080113a2   0x080113a2   0x00000002   PAD
    0x080113a4   0x080113a4   0x00000036   Code   RO         1774    .text.UART_EndTxTransfer  stm32f4xx_hal_uart.o
    0x080113da   0x080113da   0x00000002   PAD
    0x080113dc   0x080113dc   0x0000016a   Code   RO         1814    .text.UART_Receive_IT  stm32f4xx_hal_uart.o
    0x08011546   0x08011546   0x00000002   PAD
    0x08011548   0x08011548   0x0000013a   Code   RO         1732    .text.UART_SetConfig  stm32f4xx_hal_uart.o
    0x08011682   0x08011682   0x00000002   PAD
    0x08011684   0x08011684   0x0000010c   Code   RO         1766    .text.UART_Start_Receive_DMA  stm32f4xx_hal_uart.o
    0x08011790   0x08011790   0x00000062   Code   RO         1754    .text.UART_Start_Receive_IT  stm32f4xx_hal_uart.o
    0x080117f2   0x080117f2   0x00000002   PAD
    0x080117f4   0x080117f4   0x00000094   Code   RO         1822    .text.UART_Transmit_IT  stm32f4xx_hal_uart.o
    0x08011888   0x08011888   0x00000010   Code   RO          199    .text.USART1_IRQHandler  stm32f4xx_it.o
    0x08011898   0x08011898   0x00000010   Code   RO          201    .text.USART3_IRQHandler  stm32f4xx_it.o
    0x080118a8   0x080118a8   0x00000010   Code   RO          219    .text.USART6_IRQHandler  stm32f4xx_it.o
    0x080118b8   0x080118b8   0x000000f4   Code   RO         2573    .text.USBD_CDC_DataIn  usbd_cdc.o
    0x080119ac   0x080119ac   0x00000070   Code   RO         2575    .text.USBD_CDC_DataOut  usbd_cdc.o
    0x08011a1c   0x08011a1c   0x000000ec   Code   RO         2567    .text.USBD_CDC_DeInit  usbd_cdc.o
    0x08011b08   0x08011b08   0x00000078   Code   RO         2571    .text.USBD_CDC_EP0_RxReady  usbd_cdc.o
    0x08011b80   0x08011b80   0x00000016   Code   RO         2583    .text.USBD_CDC_GetDeviceQualifierDescriptor  usbd_cdc.o
    0x08011b96   0x08011b96   0x00000002   PAD
    0x08011b98   0x08011b98   0x0000006c   Code   RO         2579    .text.USBD_CDC_GetFSCfgDesc  usbd_cdc.o
    0x08011c04   0x08011c04   0x00000070   Code   RO         2577    .text.USBD_CDC_GetHSCfgDesc  usbd_cdc.o
    0x08011c74   0x08011c74   0x0000006c   Code   RO         2581    .text.USBD_CDC_GetOtherSpeedCfgDesc  usbd_cdc.o
    0x08011ce0   0x08011ce0   0x0000021c   Code   RO         2565    .text.USBD_CDC_Init  usbd_cdc.o
    0x08011efc   0x08011efc   0x0000007e   Code   RO         2593    .text.USBD_CDC_ReceivePacket  usbd_cdc.o
    0x08011f7a   0x08011f7a   0x00000002   PAD
    0x08011f7c   0x08011f7c   0x00000034   Code   RO         2585    .text.USBD_CDC_RegisterInterface  usbd_cdc.o
    0x08011fb0   0x08011fb0   0x0000003c   Code   RO         2589    .text.USBD_CDC_SetRxBuffer  usbd_cdc.o
    0x08011fec   0x08011fec   0x00000046   Code   RO         2587    .text.USBD_CDC_SetTxBuffer  usbd_cdc.o
    0x08012032   0x08012032   0x00000002   PAD
    0x08012034   0x08012034   0x000001cc   Code   RO         2569    .text.USBD_CDC_Setup  usbd_cdc.o
    0x08012200   0x08012200   0x00000032   Code   RO         2465    .text.USBD_ClrClassConfig  usbd_core.o
    0x08012232   0x08012232   0x00000002   PAD
    0x08012234   0x08012234   0x00000040   Code   RO         2520    .text.USBD_ClrFeature  usbd_ctlreq.o
    0x08012274   0x08012274   0x0000000e   Code   RO         2473    .text.USBD_CoreFindEP  usbd_core.o
    0x08012282   0x08012282   0x00000002   PAD
    0x08012284   0x08012284   0x0000000e   Code   RO         2471    .text.USBD_CoreFindIF  usbd_core.o
    0x08012292   0x08012292   0x00000002   PAD
    0x08012294   0x08012294   0x0000001e   Code   RO         2550    .text.USBD_CtlContinueRx  usbd_ioreq.o
    0x080122b2   0x080122b2   0x00000002   PAD
    0x080122b4   0x080122b4   0x0000001e   Code   RO         2546    .text.USBD_CtlContinueSendData  usbd_ioreq.o
    0x080122d2   0x080122d2   0x00000002   PAD
    0x080122d4   0x080122d4   0x0000001c   Code   RO         2522    .text.USBD_CtlError  usbd_ctlreq.o
    0x080122f0   0x080122f0   0x00000036   Code   RO         2548    .text.USBD_CtlPrepareRx  usbd_ioreq.o
    0x08012326   0x08012326   0x00000002   PAD
    0x08012328   0x08012328   0x00000022   Code   RO         2554    .text.USBD_CtlReceiveStatus  usbd_ioreq.o
    0x0801234a   0x0801234a   0x00000002   PAD
    0x0801234c   0x0801234c   0x00000032   Code   RO         2544    .text.USBD_CtlSendData  usbd_ioreq.o
    0x0801237e   0x0801237e   0x00000002   PAD
    0x08012380   0x08012380   0x00000022   Code   RO         2552    .text.USBD_CtlSendStatus  usbd_ioreq.o
    0x080123a2   0x080123a2   0x00000002   PAD
    0x080123a4   0x080123a4   0x0000004e   Code   RO          269    .text.USBD_FS_ConfigStrDescriptor  usbd_desc.o
    0x080123f2   0x080123f2   0x00000002   PAD
    0x080123f4   0x080123f4   0x0000001a   Code   RO          259    .text.USBD_FS_DeviceDescriptor  usbd_desc.o
    0x0801240e   0x0801240e   0x00000002   PAD
    0x08012410   0x08012410   0x0000004e   Code   RO          271    .text.USBD_FS_InterfaceStrDescriptor  usbd_desc.o
    0x0801245e   0x0801245e   0x00000002   PAD
    0x08012460   0x08012460   0x0000001a   Code   RO          261    .text.USBD_FS_LangIDStrDescriptor  usbd_desc.o
    0x0801247a   0x0801247a   0x00000002   PAD
    0x0801247c   0x0801247c   0x00000028   Code   RO          263    .text.USBD_FS_ManufacturerStrDescriptor  usbd_desc.o
    0x080124a4   0x080124a4   0x0000004e   Code   RO          265    .text.USBD_FS_ProductStrDescriptor  usbd_desc.o
    0x080124f2   0x080124f2   0x00000002   PAD
    0x080124f4   0x080124f4   0x00000020   Code   RO          267    .text.USBD_FS_SerialStrDescriptor  usbd_desc.o
    0x08012514   0x08012514   0x00000064   Code   RO         2514    .text.USBD_GetConfig  usbd_ctlreq.o
    0x08012578   0x08012578   0x000002d8   Code   RO         2508    .text.USBD_GetDescriptor  usbd_ctlreq.o
    0x08012850   0x08012850   0x00000076   Code   RO         2495    .text.USBD_GetEpDesc  usbd_core.o
    0x080128c6   0x080128c6   0x00000002   PAD
    0x080128c8   0x080128c8   0x00000032   Code   RO         2534    .text.USBD_GetLen   usbd_ctlreq.o
    0x080128fa   0x080128fa   0x00000002   PAD
    0x080128fc   0x080128fc   0x00000026   Code   RO         2497    .text.USBD_GetNextDesc  usbd_core.o
    0x08012922   0x08012922   0x00000002   PAD
    0x08012924   0x08012924   0x00000062   Code   RO         2516    .text.USBD_GetStatus  usbd_ctlreq.o
    0x08012986   0x08012986   0x00000002   PAD
    0x08012988   0x08012988   0x000000bc   Code   RO         2532    .text.USBD_GetString  usbd_ctlreq.o
    0x08012a44   0x08012a44   0x00000052   Code   RO          342    .text.USBD_Get_USB_Status  usbd_conf.o
    0x08012a96   0x08012a96   0x00000002   PAD
    0x08012a98   0x08012a98   0x0000006a   Code   RO         2451    .text.USBD_Init     usbd_core.o
    0x08012b02   0x08012b02   0x00000002   PAD
    0x08012b04   0x08012b04   0x0000003a   Code   RO          356    .text.USBD_LL_ClearStallEP  usbd_conf.o
    0x08012b3e   0x08012b3e   0x00000002   PAD
    0x08012b40   0x08012b40   0x0000003a   Code   RO          350    .text.USBD_LL_CloseEP  usbd_conf.o
    0x08012b7a   0x08012b7a   0x00000002   PAD
    0x08012b7c   0x08012b7c   0x00000190   Code   RO         2475    .text.USBD_LL_DataInStage  usbd_core.o
    0x08012d0c   0x08012d0c   0x000001b2   Code   RO         2469    .text.USBD_LL_DataOutStage  usbd_core.o
    0x08012ebe   0x08012ebe   0x00000002   PAD
    0x08012ec0   0x08012ec0   0x0000000a   Code   RO         2491    .text.USBD_LL_DevConnected  usbd_core.o
    0x08012eca   0x08012eca   0x00000002   PAD
    0x08012ecc   0x08012ecc   0x00000040   Code   RO         2493    .text.USBD_LL_DevDisconnected  usbd_core.o
    0x08012f0c   0x08012f0c   0x0000001c   Code   RO          366    .text.USBD_LL_GetRxDataSize  usbd_conf.o
    0x08012f28   0x08012f28   0x0000007e   Code   RO          338    .text.USBD_LL_Init  usbd_conf.o
    0x08012fa6   0x08012fa6   0x00000002   PAD
    0x08012fa8   0x08012fa8   0x0000005a   Code   RO          358    .text.USBD_LL_IsStallEP  usbd_conf.o
    0x08013002   0x08013002   0x00000002   PAD
    0x08013004   0x08013004   0x0000006e   Code   RO         2487    .text.USBD_LL_IsoINIncomplete  usbd_core.o
    0x08013072   0x08013072   0x00000002   PAD
    0x08013074   0x08013074   0x0000006e   Code   RO         2489    .text.USBD_LL_IsoOUTIncomplete  usbd_core.o
    0x080130e2   0x080130e2   0x00000002   PAD
    0x080130e4   0x080130e4   0x0000004a   Code   RO          348    .text.USBD_LL_OpenEP  usbd_conf.o
    0x0801312e   0x0801312e   0x00000002   PAD
    0x08013130   0x08013130   0x00000042   Code   RO          364    .text.USBD_LL_PrepareReceive  usbd_conf.o
    0x08013172   0x08013172   0x00000002   PAD
    0x08013174   0x08013174   0x0000009c   Code   RO         2477    .text.USBD_LL_Reset  usbd_core.o
    0x08013210   0x08013210   0x00000024   Code   RO         2483    .text.USBD_LL_Resume  usbd_core.o
    0x08013234   0x08013234   0x0000003e   Code   RO         2485    .text.USBD_LL_SOF   usbd_core.o
    0x08013272   0x08013272   0x00000002   PAD
    0x08013274   0x08013274   0x00000016   Code   RO         2479    .text.USBD_LL_SetSpeed  usbd_core.o
    0x0801328a   0x0801328a   0x00000002   PAD
    0x0801328c   0x0801328c   0x0000003a   Code   RO          360    .text.USBD_LL_SetUSBAddress  usbd_conf.o
    0x080132c6   0x080132c6   0x00000002   PAD
    0x080132c8   0x080132c8   0x00000094   Code   RO         2467    .text.USBD_LL_SetupStage  usbd_core.o
    0x0801335c   0x0801335c   0x0000003a   Code   RO          354    .text.USBD_LL_StallEP  usbd_conf.o
    0x08013396   0x08013396   0x00000002   PAD
    0x08013398   0x08013398   0x00000032   Code   RO          344    .text.USBD_LL_Start  usbd_conf.o
    0x080133ca   0x080133ca   0x00000002   PAD
    0x080133cc   0x080133cc   0x0000002c   Code   RO         2481    .text.USBD_LL_Suspend  usbd_core.o
    0x080133f8   0x080133f8   0x00000042   Code   RO          362    .text.USBD_LL_Transmit  usbd_conf.o
    0x0801343a   0x0801343a   0x00000002   PAD
    0x0801343c   0x0801343c   0x00000062   Code   RO         2528    .text.USBD_ParseSetupRequest  usbd_ctlreq.o
    0x0801349e   0x0801349e   0x00000002   PAD
    0x080134a0   0x080134a0   0x00000072   Code   RO         2455    .text.USBD_RegisterClass  usbd_core.o
    0x08013512   0x08013512   0x00000002   PAD
    0x08013514   0x08013514   0x0000000a   Code   RO         2461    .text.USBD_RunTestMode  usbd_core.o
    0x0801351e   0x0801351e   0x00000002   PAD
    0x08013520   0x08013520   0x0000008c   Code   RO         2510    .text.USBD_SetAddress  usbd_ctlreq.o
    0x080135ac   0x080135ac   0x00000036   Code   RO         2463    .text.USBD_SetClassConfig  usbd_core.o
    0x080135e2   0x080135e2   0x00000002   PAD
    0x080135e4   0x080135e4   0x0000017e   Code   RO         2512    .text.USBD_SetConfig  usbd_ctlreq.o
    0x08013762   0x08013762   0x00000002   PAD
    0x08013764   0x08013764   0x0000004e   Code   RO         2518    .text.USBD_SetFeature  usbd_ctlreq.o
    0x080137b2   0x080137b2   0x00000002   PAD
    0x080137b4   0x080137b4   0x00000010   Code   RO         2457    .text.USBD_Start    usbd_core.o
    0x080137c4   0x080137c4   0x000000cc   Code   RO         2506    .text.USBD_StdDevReq  usbd_ctlreq.o
    0x08013890   0x08013890   0x000003ac   Code   RO         2526    .text.USBD_StdEPReq  usbd_ctlreq.o
    0x08013c3c   0x08013c3c   0x000000f4   Code   RO         2524    .text.USBD_StdItfReq  usbd_ctlreq.o
    0x08013d30   0x08013d30   0x00000008   Code   RO          370    .text.USBD_static_free  usbd_conf.o
    0x08013d38   0x08013d38   0x00000010   Code   RO          368    .text.USBD_static_malloc  usbd_conf.o
    0x08013d48   0x08013d48   0x000000de   Code   RO          841    .text.USB_ActivateEndpoint  stm32f4xx_ll_usb.o
    0x08013e26   0x08013e26   0x00000002   PAD
    0x08013e28   0x08013e28   0x0000002c   Code   RO          883    .text.USB_ActivateSetup  stm32f4xx_ll_usb.o
    0x08013e54   0x08013e54   0x000000d6   Code   RO          817    .text.USB_CoreInit  stm32f4xx_ll_usb.o
    0x08013f2a   0x08013f2a   0x00000002   PAD
    0x08013f2c   0x08013f2c   0x00000078   Code   RO          819    .text.USB_CoreReset  stm32f4xx_ll_usb.o
    0x08013fa4   0x08013fa4   0x00000138   Code   RO          845    .text.USB_DeactivateEndpoint  stm32f4xx_ll_usb.o
    0x080140dc   0x080140dc   0x0000002a   Code   RO          865    .text.USB_DevConnect  stm32f4xx_ll_usb.o
    0x08014106   0x08014106   0x00000002   PAD
    0x08014108   0x08014108   0x0000002a   Code   RO          867    .text.USB_DevDisconnect  stm32f4xx_ll_usb.o
    0x08014132   0x08014132   0x00000002   PAD
    0x08014134   0x08014134   0x0000029a   Code   RO          831    .text.USB_DevInit   stm32f4xx_ll_usb.o
    0x080143ce   0x080143ce   0x00000002   PAD
    0x080143d0   0x080143d0   0x00000014   Code   RO          825    .text.USB_DisableGlobalInt  stm32f4xx_ll_usb.o
    0x080143e4   0x080143e4   0x0000009e   Code   RO          885    .text.USB_EP0_OutStart  stm32f4xx_ll_usb.o
    0x08014482   0x08014482   0x00000002   PAD
    0x08014484   0x08014484   0x000000a0   Code   RO          859    .text.USB_EPClearStall  stm32f4xx_ll_usb.o
    0x08014524   0x08014524   0x000000a8   Code   RO          857    .text.USB_EPSetStall  stm32f4xx_ll_usb.o
    0x080145cc   0x080145cc   0x000003f8   Code   RO          849    .text.USB_EPStartXfer  stm32f4xx_ll_usb.o
    0x080149c4   0x080149c4   0x0000011c   Code   RO          853    .text.USB_EPStopXfer  stm32f4xx_ll_usb.o
    0x08014ae0   0x08014ae0   0x00000014   Code   RO          823    .text.USB_EnableGlobalInt  stm32f4xx_ll_usb.o
    0x08014af4   0x08014af4   0x00000074   Code   RO          837    .text.USB_FlushRxFifo  stm32f4xx_ll_usb.o
    0x08014b68   0x08014b68   0x0000007a   Code   RO          835    .text.USB_FlushTxFifo  stm32f4xx_ll_usb.o
    0x08014be2   0x08014be2   0x00000002   PAD
    0x08014be4   0x08014be4   0x0000004c   Code   RO          839    .text.USB_GetDevSpeed  stm32f4xx_ll_usb.o
    0x08014c30   0x08014c30   0x00000010   Code   RO          829    .text.USB_GetMode   stm32f4xx_ll_usb.o
    0x08014c40   0x08014c40   0x00000024   Code   RO          875    .text.USB_ReadDevAllInEpInterrupt  stm32f4xx_ll_usb.o
    0x08014c64   0x08014c64   0x00000024   Code   RO          873    .text.USB_ReadDevAllOutEpInterrupt  stm32f4xx_ll_usb.o
    0x08014c88   0x08014c88   0x0000004e   Code   RO          879    .text.USB_ReadDevInEPInterrupt  stm32f4xx_ll_usb.o
    0x08014cd6   0x08014cd6   0x00000002   PAD
    0x08014cd8   0x08014cd8   0x0000002e   Code   RO          877    .text.USB_ReadDevOutEPInterrupt  stm32f4xx_ll_usb.o
    0x08014d06   0x08014d06   0x00000002   PAD
    0x08014d08   0x08014d08   0x0000001a   Code   RO          869    .text.USB_ReadInterrupts  stm32f4xx_ll_usb.o
    0x08014d22   0x08014d22   0x00000002   PAD
    0x08014d24   0x08014d24   0x000000b4   Code   RO          855    .text.USB_ReadPacket  stm32f4xx_ll_usb.o
    0x08014dd8   0x08014dd8   0x000000de   Code   RO          827    .text.USB_SetCurrentMode  stm32f4xx_ll_usb.o
    0x08014eb6   0x08014eb6   0x00000002   PAD
    0x08014eb8   0x08014eb8   0x00000036   Code   RO          863    .text.USB_SetDevAddress  stm32f4xx_ll_usb.o
    0x08014eee   0x08014eee   0x00000002   PAD
    0x08014ef0   0x08014ef0   0x00000022   Code   RO          833    .text.USB_SetDevSpeed  stm32f4xx_ll_usb.o
    0x08014f12   0x08014f12   0x00000002   PAD
    0x08014f14   0x08014f14   0x000001ba   Code   RO          821    .text.USB_SetTurnaroundTime  stm32f4xx_ll_usb.o
    0x080150ce   0x080150ce   0x00000002   PAD
    0x080150d0   0x080150d0   0x00000082   Code   RO          851    .text.USB_WritePacket  stm32f4xx_ll_usb.o
    0x08015152   0x08015152   0x00000002   PAD
    0x08015154   0x08015154   0x000000e6   Code   RO         2624    .text.USER_CAN_RxFifo0MsgPendingCallback  bsp_can.o
    0x0801523a   0x0801523a   0x00000002   PAD
    0x0801523c   0x0801523c   0x0000014a   Code   RO         2647    .text.Uart_Register  bsp_uart.o
    0x08015386   0x08015386   0x00000002   PAD
    0x08015388   0x08015388   0x00000144   Code   RO         2655    .text.Uart_RxCallback  bsp_uart.o
    0x080154cc   0x080154cc   0x00000004   Code   RO          179    .text.UsageFault_Handler  stm32f4xx_it.o
    0x080154d0   0x080154d0   0x000000a4   Code   RO         2693    .text._DoInit       segger_rtt.o
    0x08015574   0x08015574   0x0000003e   Code   RO         2705    .text._GetAvailWriteSpace  segger_rtt.o
    0x080155b2   0x080155b2   0x00000002   PAD
    0x080155b4   0x080155b4   0x000001cc   Code   RO         2781    .text._PrintInt     segger_rtt_printf.o
    0x08015780   0x08015780   0x000001ac   Code   RO         2783    .text._PrintUnsigned  segger_rtt_printf.o
    0x0801592c   0x0801592c   0x00000076   Code   RO         2779    .text._StoreChar    segger_rtt_printf.o
    0x080159a2   0x080159a2   0x00000002   PAD
    0x080159a4   0x080159a4   0x000000e4   Code   RO         2709    .text._WriteBlocking  segger_rtt.o
    0x08015a88   0x08015a88   0x0000008c   Code   RO         2707    .text._WriteNoCheck  segger_rtt.o
    0x08015b14   0x08015b14   0x00000030   Code   RO         1208    .text.__NVIC_EnableIRQ  stm32f4xx_hal_cortex.o
    0x08015b44   0x08015b44   0x00000010   Code   RO         1200    .text.__NVIC_GetPriorityGrouping  stm32f4xx_hal_cortex.o
    0x08015b54   0x08015b54   0x00000042   Code   RO         1202    .text.__NVIC_SetPriority  stm32f4xx_hal_cortex.o
    0x08015b96   0x08015b96   0x00000002   PAD
    0x08015b98   0x08015b98   0x0000003c   Code   RO         1196    .text.__NVIC_SetPriorityGrouping  stm32f4xx_hal_cortex.o
    0x08015bd4   0x08015bd4   0x00000194   Code   RO         2906    .text.bmi088_accel_init  bmi088driver.o
    0x08015d68   0x08015d68   0x000003be   Code   RO         2904    .text.bmi088_accel_self_test  bmi088driver.o
    0x08016126   0x08016126   0x00000002   PAD
    0x08016128   0x08016128   0x0000014c   Code   RO         2910    .text.bmi088_gyro_init  bmi088driver.o
    0x08016274   0x08016274   0x00000122   Code   RO         2908    .text.bmi088_gyro_self_test  bmi088driver.o
    0x08016396   0x08016396   0x00000002   PAD
    0x08016398   0x08016398   0x000001d8   Code   RO         2882    .text.data_pack     gimbal_fun.o
    0x08016570   0x08016570   0x00000058   Code   RO         2833    .text.float_to_uint  dm_4310.o
    0x080165c8   0x080165c8   0x000000c8   Code   RO         3004    .text.get_angle     imu_task.o
    0x08016690   0x08016690   0x00000140   Code   RO         2996    .text.imu_cali_slove  imu_task.o
    0x080167d0   0x080167d0   0x000001da   Code   RO         3014    .text.imu_cmd_spi_dma  imu_task.o
    0x080169aa   0x080169aa   0x00000002   PAD
    0x080169ac   0x080169ac   0x0000001a   Code   RO         2975    .text.imu_pwm_set   bsp_imu_pwm.o
    0x080169c6   0x080169c6   0x00000002   PAD
    0x080169c8   0x080169c8   0x000000d4   Code   RO         3000    .text.imu_temp_control  imu_task.o
    0x08016a9c   0x08016a9c   0x0000005a   Code   RO         3125    .text.invSqrt       mahonyahrs.o
    0x08016af6   0x08016af6   0x00000002   PAD
    0x08016af8   0x08016af8   0x00000050   Code   RO           11    .text.main          main.o
    0x08016b48   0x08016b48   0x00000028   Code   RO         2269    .text.makeFreeRtosPriority  cmsis_os.o
    0x08016b70   0x08016b70   0x00000028   Code   RO         2283    .text.osDelay       cmsis_os.o
    0x08016b98   0x08016b98   0x0000000a   Code   RO         2259    .text.osKernelStart  cmsis_os.o
    0x08016ba2   0x08016ba2   0x00000002   PAD
    0x08016ba4   0x08016ba4   0x000000ac   Code   RO         2267    .text.osThreadCreate  cmsis_os.o
    0x08016c50   0x08016c50   0x00000046   Code   RO         2101    .text.pcTaskGetName  tasks.o
    0x08016c96   0x08016c96   0x00000002   PAD
    0x08016c98   0x08016c98   0x000000fc   Code   RO         2063    .text.prvAddCurrentTaskToDelayedList  tasks.o
    0x08016d94   0x08016d94   0x00000110   Code   RO         2049    .text.prvAddNewTaskToReadyList  tasks.o
    0x08016ea4   0x08016ea4   0x000000a2   Code   RO         2198    .text.prvCheckForValidListAndQueue  timers.o
    0x08016f46   0x08016f46   0x00000002   PAD
    0x08016f48   0x08016f48   0x0000005a   Code   RO         2165    .text.prvCheckTasksWaitingTermination  tasks.o
    0x08016fa2   0x08016fa2   0x00000002   PAD
    0x08016fa4   0x08016fa4   0x00000042   Code   RO         1952    .text.prvCopyDataFromQueue  queue.o
    0x08016fe6   0x08016fe6   0x00000002   PAD
    0x08016fe8   0x08016fe8   0x000000cc   Code   RO         1940    .text.prvCopyDataToQueue  queue.o
    0x080170b4   0x080170b4   0x0000005e   Code   RO         2055    .text.prvDeleteTCB  tasks.o
    0x08017112   0x08017112   0x00000002   PAD
    0x08017114   0x08017114   0x00000040   Code   RO         2228    .text.prvGetNextExpireTime  timers.o
    0x08017154   0x08017154   0x000000bc   Code   RO         2386    .text.prvHeapInit   heap_4.o
    0x08017210   0x08017210   0x00000038   Code   RO         2089    .text.prvIdleTask   tasks.o
    0x08017248   0x08017248   0x0000003e   Code   RO         1924    .text.prvInitialiseNewQueue  queue.o
    0x08017286   0x08017286   0x00000002   PAD
    0x08017288   0x08017288   0x00000128   Code   RO         2047    .text.prvInitialiseNewTask  tasks.o
    0x080173b0   0x080173b0   0x0000008e   Code   RO         2163    .text.prvInitialiseTaskLists  tasks.o
    0x0801743e   0x0801743e   0x00000002   PAD
    0x08017440   0x08017440   0x000000c6   Code   RO         2388    .text.prvInsertBlockIntoFreeList  heap_4.o
    0x08017506   0x08017506   0x00000002   PAD
    0x08017508   0x08017508   0x00000086   Code   RO         2240    .text.prvInsertTimerInActiveList  timers.o
    0x0801758e   0x0801758e   0x00000002   PAD
    0x08017590   0x08017590   0x00000028   Code   RO         1954    .text.prvIsQueueEmpty  queue.o
    0x080175b8   0x080175b8   0x0000002e   Code   RO         1942    .text.prvIsQueueFull  queue.o
    0x080175e6   0x080175e6   0x00000002   PAD
    0x080175e8   0x080175e8   0x00000028   Code   RO         2427    .text.prvPortStartFirstTask  port.o
    0x08017610   0x08017610   0x0000008e   Code   RO         2236    .text.prvProcessExpiredTimer  timers.o
    0x0801769e   0x0801769e   0x00000002   PAD
    0x080176a0   0x080176a0   0x00000158   Code   RO         2232    .text.prvProcessReceivedCommands  timers.o
    0x080177f8   0x080177f8   0x0000009a   Code   RO         2230    .text.prvProcessTimerOrBlockTask  timers.o
    0x08017892   0x08017892   0x00000002   PAD
    0x08017894   0x08017894   0x00000046   Code   RO         2057    .text.prvResetNextTaskUnblockTime  tasks.o
    0x080178da   0x080178da   0x00000002   PAD
    0x080178dc   0x080178dc   0x00000044   Code   RO         2234    .text.prvSampleTimeNow  timers.o
    0x08017920   0x08017920   0x000000e4   Code   RO         2105    .text.prvSearchForNameWithinSingleList  tasks.o
    0x08017a04   0x08017a04   0x000000d4   Code   RO         2238    .text.prvSwitchTimerLists  timers.o
    0x08017ad8   0x08017ad8   0x0000004c   Code   RO         2417    .text.prvTaskExitError  port.o
    0x08017b24   0x08017b24   0x0000001e   Code   RO         2200    .text.prvTimerTask  timers.o
    0x08017b42   0x08017b42   0x00000002   PAD
    0x08017b44   0x08017b44   0x000000ae   Code   RO         1944    .text.prvUnlockQueue  queue.o
    0x08017bf2   0x08017bf2   0x00000002   PAD
    0x08017bf4   0x08017bf4   0x000001ec   Code   RO         2384    .text.pvPortMalloc  heap_4.o
    0x08017de0   0x08017de0   0x0000005e   Code   RO         2415    .text.pxPortInitialiseStack  port.o
    0x08017e3e   0x08017e3e   0x00000002   PAD
    0x08017e40   0x08017e40   0x0000019c   Code   RO         2669    .text.sbus_receive  dev_remote_control.o
    0x08017fdc   0x08017fdc   0x00000014   Code   RO           41    .text.test_task     freertos.o
    0x08017ff0   0x08017ff0   0x00000052   Code   RO         2841    .text.uint_to_float  dm_4310.o
    0x08018042   0x08018042   0x00000002   PAD
    0x08018044   0x08018044   0x000000ba   Code   RO         2149    .text.ulTaskNotifyTake  tasks.o
    0x080180fe   0x080180fe   0x00000002   PAD
    0x08018100   0x08018100   0x00000048   Code   RO         1911    .text.uxListRemove  list.o
    0x08018148   0x08018148   0x0000002a   Code   RO           35    .text.vApplicationGetIdleTaskMemory  freertos.o
    0x08018172   0x08018172   0x00000002   PAD
    0x08018174   0x08018174   0x0000002c   Code   RO           37    .text.vApplicationGetTimerTaskMemory  freertos.o
    0x080181a0   0x080181a0   0x0000002e   Code   RO         1903    .text.vListInitialise  list.o
    0x080181ce   0x080181ce   0x00000002   PAD
    0x080181d0   0x080181d0   0x0000000e   Code   RO         1905    .text.vListInitialiseItem  list.o
    0x080181de   0x080181de   0x00000002   PAD
    0x080181e0   0x080181e0   0x0000006a   Code   RO         1909    .text.vListInsert   list.o
    0x0801824a   0x0801824a   0x00000002   PAD
    0x0801824c   0x0801824c   0x0000003a   Code   RO         1907    .text.vListInsertEnd  list.o
    0x08018286   0x08018286   0x00000002   PAD
    0x08018288   0x08018288   0x00000014   Code   RO         2425    .text.vPortEnableVFP  port.o
    0x0801829c   0x0801829c   0x00000056   Code   RO         2431    .text.vPortEnterCritical  port.o
    0x080182f2   0x080182f2   0x00000002   PAD
    0x080182f4   0x080182f4   0x0000004a   Code   RO         2433    .text.vPortExitCritical  port.o
    0x0801833e   0x0801833e   0x00000002   PAD
    0x08018340   0x08018340   0x000000ce   Code   RO         2390    .text.vPortFree     heap_4.o
    0x0801840e   0x0801840e   0x00000002   PAD
    0x08018410   0x08018410   0x00000044   Code   RO         2423    .text.vPortSetupTimerInterrupt  port.o
    0x08018454   0x08018454   0x00000084   Code   RO         2439    .text.vPortValidateInterruptPriority  port.o
    0x080184d8   0x080184d8   0x00000052   Code   RO         1980    .text.vQueueAddToRegistry  queue.o
    0x0801852a   0x0801852a   0x00000002   PAD
    0x0801852c   0x0801852c   0x00000064   Code   RO         1984    .text.vQueueWaitForMessageRestricted  queue.o
    0x08018590   0x08018590   0x0000006e   Code   RO         2067    .text.vTaskDelay    tasks.o
    0x080185fe   0x080185fe   0x00000002   PAD
    0x08018600   0x08018600   0x00000114   Code   RO         2059    .text.vTaskDelayUntil  tasks.o
    0x08018714   0x08018714   0x00000024   Code   RO         2123    .text.vTaskInternalSetTimeOutState  tasks.o
    0x08018738   0x08018738   0x0000000e   Code   RO         2127    .text.vTaskMissedYield  tasks.o
    0x08018746   0x08018746   0x00000002   PAD
    0x08018748   0x08018748   0x0000012c   Code   RO         2157    .text.vTaskNotifyGiveFromISR  tasks.o
    0x08018874   0x08018874   0x00000042   Code   RO         2111    .text.vTaskPlaceOnEventList  tasks.o
    0x080188b6   0x080188b6   0x00000002   PAD
    0x080188b8   0x080188b8   0x00000052   Code   RO         2115    .text.vTaskPlaceOnEventListRestricted  tasks.o
    0x0801890a   0x0801890a   0x00000002   PAD
    0x0801890c   0x0801890c   0x000000e0   Code   RO         2087    .text.vTaskStartScheduler  tasks.o
    0x080189ec   0x080189ec   0x00000010   Code   RO         2061    .text.vTaskSuspendAll  tasks.o
    0x080189fc   0x080189fc   0x000000be   Code   RO         2079    .text.vTaskSwitchContext  tasks.o
    0x08018aba   0x08018aba   0x00000002   PAD
    0x08018abc   0x08018abc   0x00000156   Code   RO         2421    .text.xPortStartScheduler  port.o
    0x08018c12   0x08018c12   0x00000002   PAD
    0x08018c14   0x08018c14   0x0000010e   Code   RO         1922    .text.xQueueGenericCreateStatic  queue.o
    0x08018d22   0x08018d22   0x00000002   PAD
    0x08018d24   0x08018d24   0x000000ba   Code   RO         1920    .text.xQueueGenericReset  queue.o
    0x08018dde   0x08018dde   0x00000002   PAD
    0x08018de0   0x08018de0   0x0000022c   Code   RO         1938    .text.xQueueGenericSend  queue.o
    0x0801900c   0x0801900c   0x0000014c   Code   RO         1946    .text.xQueueGenericSendFromISR  queue.o
    0x08019158   0x08019158   0x000001dc   Code   RO         1950    .text.xQueueReceive  queue.o
    0x08019334   0x08019334   0x000000f6   Code   RO         2125    .text.xTaskCheckForTimeOut  tasks.o
    0x0801942a   0x0801942a   0x00000002   PAD
    0x0801942c   0x0801942c   0x0000009e   Code   RO         2051    .text.xTaskCreate   tasks.o
    0x080194ca   0x080194ca   0x00000002   PAD
    0x080194cc   0x080194cc   0x000000ce   Code   RO         2045    .text.xTaskCreateStatic  tasks.o
    0x0801959a   0x0801959a   0x00000002   PAD
    0x0801959c   0x0801959c   0x000000d2   Code   RO         2103    .text.xTaskGetHandle  tasks.o
    0x0801966e   0x0801966e   0x00000002   PAD
    0x08019670   0x08019670   0x00000038   Code   RO         2137    .text.xTaskGetSchedulerState  tasks.o
    0x080196a8   0x080196a8   0x00000014   Code   RO         2095    .text.xTaskGetTickCount  tasks.o
    0x080196bc   0x080196bc   0x000001b8   Code   RO         2093    .text.xTaskIncrementTick  tasks.o
    0x08019874   0x08019874   0x00000118   Code   RO         2141    .text.xTaskPriorityDisinherit  tasks.o
    0x0801998c   0x0801998c   0x000000c2   Code   RO         2117    .text.xTaskRemoveFromEventList  tasks.o
    0x08019a4e   0x08019a4e   0x00000002   PAD
    0x08019a50   0x08019a50   0x00000178   Code   RO         2065    .text.xTaskResumeAll  tasks.o
    0x08019bc8   0x08019bc8   0x00000094   Code   RO         2196    .text.xTimerCreateTimerTask  timers.o
    0x08019c5c   0x08019c5c   0x000000b0   Code   RO         2208    .text.xTimerGenericCommand  timers.o
    0x08019d0c   0x08019d0c   0x00000026   Code   RO         3251    i.__ARM_fpclassifyf  m_wm.l(fpclassifyf.o)
    0x08019d32   0x08019d32   0x00000002   PAD
    0x08019d34   0x08019d34   0x0000012c   Code   RO         3207    i.__hardfp_asinf    m_wm.l(asinf.o)
    0x08019e60   0x08019e60   0x000002ac   Code   RO         3213    i.__hardfp_atan2f   m_wm.l(atan2f.o)
    0x0801a10c   0x0801a10c   0x00000006   Code   RO         3254    i.__mathlib_flt_infnan  m_wm.l(funder.o)
    0x0801a112   0x0801a112   0x00000006   Code   RO         3255    i.__mathlib_flt_infnan2  m_wm.l(funder.o)
    0x0801a118   0x0801a118   0x00000010   Code   RO         3256    i.__mathlib_flt_invalid  m_wm.l(funder.o)
    0x0801a128   0x0801a128   0x00000010   Code   RO         3259    i.__mathlib_flt_underflow  m_wm.l(funder.o)
    0x0801a138   0x0801a138   0x0000003e   Code   RO         3269    i.sqrtf             m_wm.l(sqrtf.o)
    0x0801a176   0x0801a176   0x00000002   PAD
    0x0801a178   0x0801a178   0x00000062   Code   RO         3179    x$fpl$d2f           fz_wm.l(d2f.o)
    0x0801a1da   0x0801a1da   0x00000002   PAD
    0x0801a1dc   0x0801a1dc   0x00000150   Code   RO         3181    x$fpl$dadd          fz_wm.l(daddsub_clz.o)
    0x0801a32c   0x0801a32c   0x00000018   Code   RO         3295    x$fpl$dcmpinf       fz_wm.l(dcmpi.o)
    0x0801a344   0x0801a344   0x000002b8   Code   RO         3190    x$fpl$ddiv          fz_wm.l(ddiv.o)
    0x0801a5fc   0x0801a5fc   0x00000078   Code   RO         3234    x$fpl$deqf          fz_wm.l(deqf.o)
    0x0801a674   0x0801a674   0x0000005e   Code   RO         3193    x$fpl$dfix          fz_wm.l(dfix.o)
    0x0801a6d2   0x0801a6d2   0x0000002e   Code   RO         3198    x$fpl$dflt          fz_wm.l(dflt_clz.o)
    0x0801a700   0x0801a700   0x00000078   Code   RO         3236    x$fpl$dgeqf         fz_wm.l(dgeqf.o)
    0x0801a778   0x0801a778   0x00000078   Code   RO         3238    x$fpl$dleqf         fz_wm.l(dleqf.o)
    0x0801a7f0   0x0801a7f0   0x00000154   Code   RO         3203    x$fpl$dmul          fz_wm.l(dmul.o)
    0x0801a944   0x0801a944   0x0000009c   Code   RO         3240    x$fpl$dnaninf       fz_wm.l(dnaninf.o)
    0x0801a9e0   0x0801a9e0   0x0000000c   Code   RO         3242    x$fpl$dretinf       fz_wm.l(dretinf.o)
    0x0801a9ec   0x0801a9ec   0x000001dc   Code   RO         3183    x$fpl$dsub          fz_wm.l(daddsub_clz.o)
    0x0801abc8   0x0801abc8   0x00000056   Code   RO         3205    x$fpl$f2d           fz_wm.l(f2d.o)
    0x0801ac1e   0x0801ac1e   0x00000054   Code   RO         3187    x$fpl$fcmp          fz_wm.l(dcmp.o)
    0x0801ac72   0x0801ac72   0x0000008c   Code   RO         3246    x$fpl$fnaninf       fz_wm.l(fnaninf.o)
    0x0801acfe   0x0801acfe   0x0000001a   Code   RO         3386    x$fpl$fpinit        fz_wm.l(fpinit.o)
    0x0801ad18   0x0801ad18   0x0000000a   Code   RO         3248    x$fpl$fretinf       fz_wm.l(fretinf.o)
    0x0801ad22   0x0801ad22   0x00000000   Code   RO         3250    x$fpl$usenofp       fz_wm.l(usenofp.o)
    0x0801ad22   0x0801ad22   0x00000002   PAD
    0x0801ad24   0x0801ad24   0x0000001c   Data   RO           56    .rodata..L__const.MX_FREERTOS_Init.os_thread_def_ins  freertos.o
    0x0801ad40   0x0801ad40   0x0000001c   Data   RO           54    .rodata..L__const.MX_FREERTOS_Init.os_thread_def_myTask01  freertos.o
    0x0801ad5c   0x0801ad5c   0x0000001c   Data   RO           52    .rodata..L__const.MX_FREERTOS_Init.os_thread_def_test  freertos.o
    0x0801ad78   0x0801ad78   0x00000010   Data   RO         1864    .rodata.AHBPrescTable  system_stm32f4xx.o
    0x0801ad88   0x0801ad88   0x00000008   Data   RO         1865    .rodata.APBPrescTable  system_stm32f4xx.o
    0x0801ad90   0x0801ad90   0x00000008   Data   RO         1126    .rodata.DMA_CalcBaseAndBitshift.flagBitshiftOffset  stm32f4xx_hal_dma.o
    0x0801ad98   0x0801ad98   0x00000011   Data   RO         2766    .rodata._DoInit._aInitStr  segger_rtt.o
    0x0801ada9   0x0801ada9   0x00000010   Data   RO         2787    .rodata._PrintUnsigned._aV2C  segger_rtt_printf.o
    0x0801adb9   0x0801adb9   0x00000012   Data   RO         2942    .rodata.bmi088_accel_self_test.write_BMI088_ACCEL_self_test_Reg_Data_Error  bmi088driver.o
    0x0801adcb   0x0801adcb   0x00000001   PAD
    0x0801adcc   0x0801adcc   0x0000000c   Data   RO         3052    .rodata.fliter_num  imu_task.o
    0x0801add8   0x0801add8   0x0000000d   Data   RO           51    .rodata.str1.1      freertos.o
    0x0801ade5   0x0801ade5   0x00000042   Data   RO          281    .rodata.str1.1      usbd_desc.o
    0x0801ae27   0x0801ae27   0x00000005   Data   RO         2181    .rodata.str1.1      tasks.o
    0x0801ae2c   0x0801ae2c   0x0000000d   Data   RO         2243    .rodata.str1.1      timers.o
    0x0801ae39   0x0801ae39   0x0000042f   Data   RO         2633    .rodata.str1.1      bsp_can.o
    0x0801b268   0x0801b268   0x00000009   Data   RO         2767    .rodata.str1.1      segger_rtt.o
    0x0801b271   0x0801b271   0x0000002e   Data   RO         2886    .rodata.str1.1      gimbal_fun.o
    0x0801b29f   0x0801b29f   0x00000001   PAD
    0x0801b2a0   0x0801b2a0   0x00000020   Data   RO         3447    Region$$Table       anon$$obj.o


    Execution Region RW_IRAM1 (Exec base: 0x20000000, Load base: 0x0801b2c0, Size: 0x000077d0, Max: 0x0001c000, ABSOLUTE, COMPRESSED[0x00000180])

    Exec Addr    Load Addr    Size         Type   Attr      Idx    E Section Name        Object

    0x20000000   COMPRESSED   0x00000004   Data   RW         2938    .data.BMI088_ACCEL_SEN  bmi088driver.o
    0x20000004   COMPRESSED   0x00000004   Data   RW         2939    .data.BMI088_GYRO_SEN  bmi088driver.o
    0x20000008   COMPRESSED   0x00000001   Data   RW         2599    .data.CDCCmdEpAdd   usbd_cdc.o
    0x20000009   COMPRESSED   0x00000001   Data   RW         2597    .data.CDCInEpAdd    usbd_cdc.o
    0x2000000a   COMPRESSED   0x00000001   Data   RW         2598    .data.CDCOutEpAdd   usbd_cdc.o
    0x2000000b   COMPRESSED   0x00000001   PAD
    0x2000000c   COMPRESSED   0x0000001c   Data   RW          277    .data.FS_Desc       usbd_desc.o
    0x20000028   COMPRESSED   0x00000004   Data   RW         1863    .data.SystemCoreClock  system_stm32f4xx.o
    0x2000002c   COMPRESSED   0x00000038   Data   RW         2595    .data.USBD_CDC      usbd_cdc.o
    0x20000064   COMPRESSED   0x00000043   Data   RW         2600    .data.USBD_CDC_CfgDesc  usbd_cdc.o
    0x200000a7   COMPRESSED   0x00000001   PAD
    0x200000a8   COMPRESSED   0x0000000a   Data   RW         2596    .data.USBD_CDC_DeviceQualifierDesc  usbd_cdc.o
    0x200000b2   COMPRESSED   0x00000002   PAD
    0x200000b4   COMPRESSED   0x00000012   Data   RW          278    .data.USBD_FS_DeviceDesc  usbd_desc.o
    0x200000c6   COMPRESSED   0x00000002   PAD
    0x200000c8   COMPRESSED   0x00000014   Data   RW          302    .data.USBD_Interface_fops_FS  usbd_cdc_if.o
    0x200000dc   COMPRESSED   0x00000004   Data   RW          279    .data.USBD_LangIDDesc  usbd_desc.o
    0x200000e0   COMPRESSED   0x0000001a   Data   RW          280    .data.USBD_StringSerial  usbd_desc.o
    0x200000fa   COMPRESSED   0x00000009   Data   RW         3021    .data.accel_dma_tx_buf  imu_task.o
    0x20000103   COMPRESSED   0x00000001   PAD
    0x20000104   COMPRESSED   0x00000024   Data   RW         3032    .data.accel_scale_factor  imu_task.o
    0x20000128   COMPRESSED   0x00000004   Data   RW         3022    .data.accel_temp_dma_tx_buf  imu_task.o
    0x2000012c   COMPRESSED   0x00000011   Data   RW         2887    .data.board_data_exchange_config  gimbal_fun.o
    0x2000013d   COMPRESSED   0x00000001   Data   RW         2632    .data.can_init_flag  bsp_can.o
    0x2000013e   COMPRESSED   0x00000020   Data   RW         2845    .data.dm_cmd_frame  dm_4310.o
    0x2000015e   COMPRESSED   0x00000002   PAD
    0x20000160   COMPRESSED   0x00000090   Data   RW         2889    .data.gimbal_pitch_motor_config  gimbal_fun.o
    0x200001f0   COMPRESSED   0x00000008   Data   RW         3020    .data.gyro_dma_tx_buf  imu_task.o
    0x200001f8   COMPRESSED   0x00000024   Data   RW         3031    .data.gyro_scale_factor  imu_task.o
    0x2000021c   COMPRESSED   0x00000024   Data   RW         3033    .data.mag_scale_factor  imu_task.o
    0x20000240   COMPRESSED   0x00000074   Data   RW         2890    .data.shoot_motor1_config  gimbal_fun.o
    0x200002b4   COMPRESSED   0x00000074   Data   RW         2891    .data.shoot_motor2_config  gimbal_fun.o
    0x20000328   COMPRESSED   0x00000004   Data   RW         3127    .data.twoKp         mahonyahrs.o
    0x2000032c   COMPRESSED   0x00000001   Data   RW         1326    .data.uwTickFreq    stm32f4xx_hal.o
    0x2000032d   COMPRESSED   0x00000003   PAD
    0x20000330   COMPRESSED   0x00000004   Data   RW         1325    .data.uwTickPrio    stm32f4xx_hal.o
    0x20000334   COMPRESSED   0x00000004   Data   RW         2443    .data.uxCriticalNesting  port.o
    0x20000338   COMPRESSED   0x00000012   Data   RW         2940    .data.write_BMI088_accel_reg_data_error  bmi088driver.o
    0x2000034a   COMPRESSED   0x00000012   Data   RW         2941    .data.write_BMI088_gyro_reg_data_error  bmi088driver.o
    0x2000035c   COMPRESSED   0x00000004   Data   RW         3040    .data.yaw_add_one_tick  imu_task.o
    0x20000360        -       0x00000060   Zero   RW         3298    .bss                c_w.l(libspace.o)
    0x200003c0        -       0x00000024   Zero   RW         2634    .bss.CAN_RxFIFO0Frame  bsp_can.o
    0x200003e4        -       0x00000024   Zero   RW         2639    .bss.CAN_RxFIFO1Frame  bsp_can.o
    0x20000408        -       0x00000004   Zero   RW         3059    .bss.HAL_GPIO_EXTI_Callback.xHigherPriorityTaskWoken  imu_task.o
    0x2000040c        -       0x00000004   Zero   RW           75    .bss.HAL_RCC_CAN1_CLK_ENABLED  can.o
    0x20000410        -       0x0000000c   Zero   RW         3056    .bss.IMU_angle      imu_task.o
    0x2000041c        -       0x0000000c   Zero   RW         3035    .bss.INS_accel      imu_task.o
    0x20000428        -       0x0000000c   Zero   RW         3053    .bss.INS_angle      imu_task.o
    0x20000434        -       0x0000000c   Zero   RW         3034    .bss.INS_gyro       imu_task.o
    0x20000440        -       0x0000000c   Zero   RW         3036    .bss.INS_mag        imu_task.o
    0x2000044c        -       0x00000010   Zero   RW         3037    .bss.INS_quat       imu_task.o
    0x2000045c        -       0x00000004   Zero   RW         3054    .bss.InsTask.pre_tick  imu_task.o
    0x20000460        -       0x00000004   Zero   RW         3044    .bss.InsTask_local_handler  imu_task.o
    0x20000464        -       0x00000001   Zero   RW         2536    .bss.USBD_SetConfig.cfgidx  usbd_ctlreq.o
    0x20000465   COMPRESSED   0x00000003   PAD
    0x20000468        -       0x00000200   Zero   RW          282    .bss.USBD_StrDesc   usbd_desc.o
    0x20000668        -       0x00000220   Zero   RW          375    .bss.USBD_static_malloc.mem  usbd_conf.o
    0x20000888        -       0x00000800   Zero   RW          303    .bss.UserRxBufferFS  usbd_cdc_if.o
    0x20001088        -       0x00000800   Zero   RW          304    .bss.UserTxBufferFS  usbd_cdc_if.o
    0x20001888        -       0x000000a8   Zero   RW         2763    .bss._SEGGER_RTT    segger_rtt.o
    0x20001930        -       0x00000010   Zero   RW         2769    .bss._acDownBuffer  segger_rtt.o
    0x20001940        -       0x00000400   Zero   RW         2768    .bss._acUpBuffer    segger_rtt.o
    0x20001d40        -       0x00000009   Zero   RW         3047    .bss.accel_dma_rx_buf  imu_task.o
    0x20001d49   COMPRESSED   0x00000003   PAD
    0x20001d4c        -       0x0000000c   Zero   RW         3050    .bss.accel_fliter_1  imu_task.o
    0x20001d58        -       0x0000000c   Zero   RW         3049    .bss.accel_fliter_2  imu_task.o
    0x20001d64        -       0x0000000c   Zero   RW         3051    .bss.accel_fliter_3  imu_task.o
    0x20001d70        -       0x0000000c   Zero   RW         3062    .bss.accel_offset   imu_task.o
    0x20001d7c        -       0x00000004   Zero   RW         3048    .bss.accel_temp_dma_rx_buf  imu_task.o
    0x20001d80        -       0x00000001   Zero   RW         3025    .bss.accel_temp_update_flag  imu_task.o
    0x20001d81        -       0x00000001   Zero   RW         3024    .bss.accel_update_flag  imu_task.o
    0x20001d82   COMPRESSED   0x00000002   PAD
    0x20001d84        -       0x00000024   Zero   RW         3046    .bss.bmi088_offset_data  imu_task.o
    0x20001da8        -       0x00000024   Zero   RW         3041    .bss.bmi088_real_data  imu_task.o
    0x20001dcc        -       0x00000004   Zero   RW         2893    .bss.board_data_exchange  gimbal_fun.o
    0x20001dd0        -       0x00000020   Zero   RW         2636    .bss.can1_instance  bsp_can.o
    0x20001df0        -       0x00000020   Zero   RW         2638    .bss.can2_instance  bsp_can.o
    0x20001e10        -       0x00000001   Zero   RW         2635    .bss.can_idx1       bsp_can.o
    0x20001e11        -       0x00000001   Zero   RW         2637    .bss.can_idx2       bsp_can.o
    0x20001e12        -       0x00000001   Zero   RW         3070    .bss.first_temperate  imu_task.o
    0x20001e13   COMPRESSED   0x00000001   PAD
    0x20001e14        -       0x00000004   Zero   RW         2888    .bss.gimbal_pitch_motor  gimbal_fun.o
    0x20001e18        -       0x00000001   Zero   RW         3030    .bss.gimbal_return_finish_flag  imu_task.o
    0x20001e19        -       0x00000008   Zero   RW         3045    .bss.gyro_dma_rx_buf  imu_task.o
    0x20001e21        -       0x00000001   Zero   RW         3023    .bss.gyro_update_flag  imu_task.o
    0x20001e22   COMPRESSED   0x00000002   PAD
    0x20001e24        -       0x000002dc   Zero   RW          252    .bss.hUsbDeviceFS   usb_device.o
    0x20002100        -       0x00000028   Zero   RW           73    .bss.hcan1          can.o
    0x20002128        -       0x00000028   Zero   RW           74    .bss.hcan2          can.o
    0x20002150        -       0x00000060   Zero   RW          112    .bss.hdma_spi1_rx   spi.o
    0x200021b0        -       0x00000060   Zero   RW          113    .bss.hdma_spi1_tx   spi.o
    0x20002210        -       0x00000060   Zero   RW          159    .bss.hdma_usart1_rx  usart.o
    0x20002270        -       0x00000060   Zero   RW          160    .bss.hdma_usart1_tx  usart.o
    0x200022d0        -       0x00000060   Zero   RW          161    .bss.hdma_usart3_rx  usart.o
    0x20002330        -       0x00000060   Zero   RW          162    .bss.hdma_usart6_rx  usart.o
    0x20002390        -       0x00000060   Zero   RW          163    .bss.hdma_usart6_tx  usart.o
    0x200023f0        -       0x00000054   Zero   RW           97    .bss.hi2c3          i2c.o
    0x20002444        -       0x000004e4   Zero   RW          374    .bss.hpcd_USB_OTG_FS  usbd_conf.o
    0x20002928        -       0x00000058   Zero   RW          111    .bss.hspi1          spi.o
    0x20002980        -       0x00000048   Zero   RW          135    .bss.htim1          tim.o
    0x200029c8        -       0x00000048   Zero   RW          138    .bss.htim10         tim.o
    0x20002a10        -       0x00000048   Zero   RW          242    .bss.htim12         stm32f4xx_hal_timebase_tim.o
    0x20002a58        -       0x00000048   Zero   RW          136    .bss.htim4          tim.o
    0x20002aa0        -       0x00000048   Zero   RW          137    .bss.htim5          tim.o
    0x20002ae8        -       0x00000048   Zero   RW          156    .bss.huart1         usart.o
    0x20002b30        -       0x00000048   Zero   RW          157    .bss.huart3         usart.o
    0x20002b78        -       0x00000048   Zero   RW          158    .bss.huart6         usart.o
    0x20002bc0        -       0x00000001   Zero   RW         2657    .bss.id             bsp_uart.o
    0x20002bc1        -       0x00000001   Zero   RW         2816    .bss.idx            dev_motor_dji.o
    0x20002bc2        -       0x00000001   Zero   RW         3029    .bss.imu_init_finish_flag  imu_task.o
    0x20002bc3        -       0x00000001   Zero   RW         3027    .bss.imu_start_dma_flag  imu_task.o
    0x20002bc4        -       0x00000001   Zero   RW         3069    .bss.imu_temp_control.temp_constant_time  imu_task.o
    0x20002bc5   COMPRESSED   0x00000003   PAD
    0x20002bc8        -       0x00000034   Zero   RW         3043    .bss.imu_temp_pid   imu_task.o
    0x20002bfc        -       0x00000004   Zero   RW           57    .bss.insHandle      freertos.o
    0x20002c00        -       0x00000004   Zero   RW         3129    .bss.integralFBx    mahonyahrs.o
    0x20002c04        -       0x00000004   Zero   RW         3130    .bss.integralFBy    mahonyahrs.o
    0x20002c08        -       0x00000004   Zero   RW         3131    .bss.integralFBz    mahonyahrs.o
    0x20002c0c        -       0x00000010   Zero   RW         3042    .bss.ist8310_real_data  imu_task.o
    0x20002c1c        -       0x0000000c   Zero   RW         3064    .bss.mag_offset     imu_task.o
    0x20002c28        -       0x00000001   Zero   RW         3026    .bss.mag_update_flag  imu_task.o
    0x20002c29   COMPRESSED   0x00000003   PAD
    0x20002c2c        -       0x00000030   Zero   RW         2817    .bss.motor_dji_instances  dev_motor_dji.o
    0x20002c5c        -       0x00000004   Zero   RW           55    .bss.myTask01Handle  freertos.o
    0x20002c60        -       0x00000004   Zero   RW         2874    .bss.pitch_angle    gimbal_task.o
    0x20002c64        -       0x00000078   Zero   RW         2251    .bss.prvCheckForValidListAndQueue.ucStaticTimerQueueStorage  timers.o
    0x20002cdc        -       0x00000048   Zero   RW         2250    .bss.prvCheckForValidListAndQueue.xStaticTimerQueue  timers.o
    0x20002d24        -       0x00000004   Zero   RW         2247    .bss.prvSampleTimeNow.xLastTime  timers.o
    0x20002d28        -       0x00000004   Zero   RW         2167    .bss.pxCurrentTCB   tasks.o
    0x20002d2c        -       0x00000004   Zero   RW         2245    .bss.pxCurrentTimerList  timers.o
    0x20002d30        -       0x00000004   Zero   RW         2177    .bss.pxDelayedTaskList  tasks.o
    0x20002d34        -       0x00000004   Zero   RW         2400    .bss.pxEnd          heap_4.o
    0x20002d38        -       0x00000004   Zero   RW         2178    .bss.pxOverflowDelayedTaskList  tasks.o
    0x20002d3c        -       0x00000004   Zero   RW         2246    .bss.pxOverflowTimerList  timers.o
    0x20002d40        -       0x0000008c   Zero   RW         2168    .bss.pxReadyTasksLists  tasks.o
    0x20002dcc        -       0x00000004   Zero   RW         2892    .bss.rc             gimbal_fun.o
    0x20002dd0        -       0x00000008   Zero   RW         2894    .bss.shoot_motor    gimbal_fun.o
    0x20002dd8        -       0x00000004   Zero   RW           53    .bss.testHandle     freertos.o
    0x20002ddc        -       0x00000004   Zero   RW         3128    .bss.twoKi          mahonyahrs.o
    0x20002de0        -       0x00000014   Zero   RW         2658    .bss.uart_instance  bsp_uart.o
    0x20002df4        -       0x00003c00   Zero   RW         2407    .bss.ucHeap         heap_4.o
    0x200069f4        -       0x00000001   Zero   RW         2441    .bss.ucMaxSysCallPriority  port.o
    0x200069f5   COMPRESSED   0x00000003   PAD
    0x200069f8        -       0x00000004   Zero   RW         2442    .bss.ulMaxPRIGROUPValue  port.o
    0x200069fc        -       0x00000004   Zero   RW         1327    .bss.uwTick         stm32f4xx_hal.o
    0x20006a00        -       0x00000004   Zero   RW         2173    .bss.uxCurrentNumberOfTasks  tasks.o
    0x20006a04        -       0x00000004   Zero   RW         2172    .bss.uxDeletedTasksWaitingCleanUp  tasks.o
    0x20006a08        -       0x00000004   Zero   RW         2175    .bss.uxSchedulerSuspended  tasks.o
    0x20006a0c        -       0x00000004   Zero   RW         2170    .bss.uxTaskNumber   tasks.o
    0x20006a10        -       0x00000004   Zero   RW         2169    .bss.uxTopReadyPriority  tasks.o
    0x20006a14        -       0x00000014   Zero   RW         2248    .bss.xActiveTimerList1  timers.o
    0x20006a28        -       0x00000014   Zero   RW         2249    .bss.xActiveTimerList2  timers.o
    0x20006a3c        -       0x00000004   Zero   RW         2401    .bss.xBlockAllocatedBit  heap_4.o
    0x20006a40        -       0x00000014   Zero   RW         2187    .bss.xDelayedTaskList1  tasks.o
    0x20006a54        -       0x00000014   Zero   RW         2188    .bss.xDelayedTaskList2  tasks.o
    0x20006a68        -       0x00000004   Zero   RW         2402    .bss.xFreeBytesRemaining  heap_4.o
    0x20006a6c        -       0x00000200   Zero   RW           48    .bss.xIdleStack     freertos.o
    0x20006c6c        -       0x00000004   Zero   RW         2182    .bss.xIdleTaskHandle  tasks.o
    0x20006c70        -       0x00000054   Zero   RW           47    .bss.xIdleTaskTCBBuffer  freertos.o
    0x20006cc4        -       0x00000004   Zero   RW         2404    .bss.xMinimumEverFreeBytesRemaining  heap_4.o
    0x20006cc8        -       0x00000004   Zero   RW         2183    .bss.xNextTaskUnblockTime  tasks.o
    0x20006ccc        -       0x00000004   Zero   RW         2186    .bss.xNumOfOverflows  tasks.o
    0x20006cd0        -       0x00000004   Zero   RW         2405    .bss.xNumberOfSuccessfulAllocations  heap_4.o
    0x20006cd4        -       0x00000004   Zero   RW         2406    .bss.xNumberOfSuccessfulFrees  heap_4.o
    0x20006cd8        -       0x00000004   Zero   RW         2185    .bss.xPendedTicks   tasks.o
    0x20006cdc        -       0x00000014   Zero   RW         2180    .bss.xPendingReadyList  tasks.o
    0x20006cf0        -       0x00000040   Zero   RW         1986    .bss.xQueueRegistry  queue.o
    0x20006d30        -       0x00000004   Zero   RW         2174    .bss.xSchedulerRunning  tasks.o
    0x20006d34        -       0x00000008   Zero   RW         2403    .bss.xStart         heap_4.o
    0x20006d3c        -       0x00000014   Zero   RW         2179    .bss.xSuspendedTaskList  tasks.o
    0x20006d50        -       0x00000014   Zero   RW         2171    .bss.xTasksWaitingTermination  tasks.o
    0x20006d64        -       0x00000004   Zero   RW         2176    .bss.xTickCount     tasks.o
    0x20006d68        -       0x00000004   Zero   RW         2242    .bss.xTimerQueue    timers.o
    0x20006d6c        -       0x00000400   Zero   RW           50    .bss.xTimerStack    freertos.o
    0x2000716c        -       0x00000004   Zero   RW         2244    .bss.xTimerTaskHandle  timers.o
    0x20007170        -       0x00000054   Zero   RW           49    .bss.xTimerTaskTCBBuffer  freertos.o
    0x200071c4        -       0x00000004   Zero   RW         2184    .bss.xYieldPending  tasks.o
    0x200071c8        -       0x00000004   Zero   RW         3055    .bss.yaw_offset     imu_task.o
    0x200071cc   COMPRESSED   0x00000004   PAD
    0x200071d0        -       0x00000200   Zero   RW            2    HEAP                startup_stm32f407xx.o
    0x200073d0        -       0x00000400   Zero   RW            1    STACK               startup_stm32f407xx.o


    Execution Region RW_IRAM2 (Exec base: 0x2001c000, Load base: 0x0801b440, Size: 0x00000000, Max: 0x00004000, ABSOLUTE)

    **** No section assigned to this execution region ****


==============================================================================

Image component sizes


      Code (inc. data)   RO Data    RW Data    ZI Data      Debug   Object Name

      1136          8          0          0          0       3018   alg_pid.o
      3082          4         18         44          0       6051   bmi088driver.o
       164          0          0          0          0       2101   bmi088middleware.o
      2440          0       1071          1        138       7686   bsp_can.o
        26          0          0          0          0        612   bsp_imu_pwm.o
     21956          0          0          0          0       5723   bsp_spi.o
       670          0          0          0         21       5495   bsp_uart.o
       544          0          0          0         84       6481   can.o
       262          0          0          0          0      17486   cmsis_os.o
      1322         20          0          0         49       7332   dev_motor_dji.o
       574          0          0          0          0       5329   dev_remote_control.o
      1618         24          0         32          0       8506   dm_4310.o
       206          0          0          0          0       3383   dma.o
       302          0         97          0       1716       3541   freertos.o
       598         24         46        393         20      10515   gimbal_fun.o
       508         36          0          0          4        690   gimbal_task.o
       644          0          0          0          0       4260   gpio.o
      1084          0          0          0      15392       4464   heap_4.o
       302          0          0          0         84       5160   i2c.o
      7048         36         12        133        322       9317   imu_task.o
       296          0          0          0          0       2267   list.o
      1194          8          0          4         16       3730   mahonyahrs.o
       308          0          0          0          0       5756   main.o
       378          0          0          0          0       2511   pid.o
      1128         16          0          4          5       3874   port.o
      2594          0          0          0         64      15620   queue.o
       846          0         26          0       1208      13260   segger_rtt.o
      1876         14         16          0          0       3834   segger_rtt_printf.o
       478          0          0          0        280       5153   spi.o
        64         26        392          0       1536        872   startup_stm32f407xx.o
       158          0          0          5          4       7159   stm32f4xx_hal.o
      3282          0          0          0          0      11610   stm32f4xx_hal_can.o
       384          0          0          0          0       9770   stm32f4xx_hal_cortex.o
      2068          8          8          0          0       8548   stm32f4xx_hal_dma.o
      1052          0          0          0          0       5144   stm32f4xx_hal_gpio.o
       676          0          0          0          0      37742   stm32f4xx_hal_i2c.o
        88          0          0          0          0       3404   stm32f4xx_hal_msp.o
      4970          0          0          0          0      14451   stm32f4xx_hal_pcd.o
       192          0          0          0          0       4274   stm32f4xx_hal_pcd_ex.o
      2730          0          0          0          0       7621   stm32f4xx_hal_rcc.o
      1690          0          0          0          0      19506   stm32f4xx_hal_spi.o
      3418         14          0          0          0      36064   stm32f4xx_hal_tim.o
       484          0          0          0          0      15384   stm32f4xx_hal_tim_ex.o
       240          0          0          0         72       7147   stm32f4xx_hal_timebase_tim.o
      3316          0          0          0          0      20392   stm32f4xx_hal_uart.o
       296          0          0          0          0       2803   stm32f4xx_it.o
      5102          0          0          0          0      19828   stm32f4xx_ll_usb.o
        18          0         24          4          0       2572   system_stm32f4xx.o
      5256          0          5          0        300      23899   tasks.o
      1456          0          0          0        288       9571   tim.o
      1634         10         13          0        252      10391   timers.o
      1204          0          0          0        696       7950   usart.o
       118          0          0          0        732       3160   usb_device.o
      2370         12          0        136          0      10873   usbd_cdc.o
       206         36          0         20       4096       2649   usbd_cdc_if.o
      1396          4          0          0       1796      14487   usbd_conf.o
      2130          0          0          0          0       9004   usbd_core.o
      3396         30          0          0          1       8585   usbd_ctlreq.o
       572          0         66         76        512       3282   usbd_desc.o
       232          0          0          0          0       4223   usbd_ioreq.o

    ----------------------------------------------------------------------
    104224        334       1828        864      29712     515520   Object Totals
         0          0         32          0          0          0   (incl. Generated)
       442          4          2         12         24          0   (incl. Padding)

    ----------------------------------------------------------------------

      Code (inc. data)   RO Data    RW Data    ZI Data      Debug   Library Member Name

        90          0          0          0          0          0   __dczerorl2.o
         8          0          0          0          0         68   __main.o
         0          0          0          0          0          0   __rtentry.o
        12          0          0          0          0          0   __rtentry2.o
         6          0          0          0          0          0   __rtentry4.o
        94          8          0          0          0          0   __scatter.o
        28          0          0          0          0          0   __scatter_zi.o
        22          0          0          0          0        100   _rserrno.o
        16          0          0          0          0         68   aeabi_memset4.o
        18          0          0          0          0         80   exit.o
         6          0          0          0          0        152   heapauxi.o
         0          0          0          0          0          0   indicate_semi.o
         2          0          0          0          0          0   libinit.o
         6          0          0          0          0          0   libinit2.o
         2          0          0          0          0          0   libshutdown.o
         2          0          0          0          0          0   libshutdown2.o
         8          4          0          0         96         68   libspace.o
       240          0          0          0          0        100   lludivv7m.o
         8          4          0          0          0         68   rt_errno_addr_intlibspace.o
        68          0          0          0          0         68   rt_memclr.o
        78          0          0          0          0         80   rt_memclr_w.o
       138          0          0          0          0         68   rt_memcpy_v6.o
       100          0          0          0          0         80   rt_memcpy_w.o
         2          0          0          0          0          0   rtexit.o
        10          0          0          0          0          0   rtexit2.o
        62          0          0          0          0         76   strlen.o
        12          4          0          0          0         68   sys_exit.o
        74          0          0          0          0         80   sys_stackheap_outer.o
         2          0          0          0          0         68   use_no_semi.o
        98          4          0          0          0        140   d2f.o
       812         16          0          0          0        392   daddsub_clz.o
        84          0          0          0          0        244   dcmp.o
        24          0          0          0          0        116   dcmpi.o
       696        140          0          0          0        264   ddiv.o
       120          4          0          0          0        140   deqf.o
        94          4          0          0          0        140   dfix.o
        46          0          0          0          0        116   dflt_clz.o
       120          4          0          0          0        140   dgeqf.o
       120          4          0          0          0        140   dleqf.o
       340         12          0          0          0        152   dmul.o
       156          4          0          0          0        140   dnaninf.o
        12          0          0          0          0        116   dretinf.o
        86          4          0          0          0        132   f2d.o
       140          4          0          0          0        132   fnaninf.o
        26          0          0          0          0        116   fpinit.o
        10          0          0          0          0        116   fretinf.o
         0          0          0          0          0          0   usenofp.o
       300         42          0          0          0        176   asinf.o
       684         90          0          0          0        208   atan2f.o
        38          0          0          0          0        116   fpclassifyf.o
        44         12          0          0          0        464   funder.o
        62          0          0          0          0        136   sqrtf.o

    ----------------------------------------------------------------------
      5244        364          0          0         96       5128   Library Totals
        18          0          0          0          0          0   (incl. Padding)

    ----------------------------------------------------------------------

      Code (inc. data)   RO Data    RW Data    ZI Data      Debug   Library Name

      1114         20          0          0         96       1292   c_w.l
      2984        200          0          0          0       2736   fz_wm.l
      1128        144          0          0          0       1100   m_wm.l

    ----------------------------------------------------------------------
      5244        364          0          0         96       5128   Library Totals

    ----------------------------------------------------------------------

==============================================================================


      Code (inc. data)   RO Data    RW Data    ZI Data      Debug   

    109468        698       1828        864      29808     516532   Grand Totals
    109468        698       1828        384      29808     516532   ELF Image Totals (compressed)
    109468        698       1828        384          0          0   ROM Totals

==============================================================================

    Total RO  Size (Code + RO Data)               111296 ( 108.69kB)
    Total RW  Size (RW Data + ZI Data)             30672 (  29.95kB)
    Total ROM Size (Code + RO Data + RW Data)     111680 ( 109.06kB)

==============================================================================

