<html>
<body>
<pre>
<h1>µVision Build Log</h1>
<h2>Tool Versions:</h2>
IDE-Version: ¦ÌVision V5.41.0.0
Copyright (C) 2024 ARM Ltd and ARM Germany GmbH. All rights reserved.
License Information: 21 Zpz, 121, LIC=C0D7S-LT78Q-77JR3-ADKS7-G49UF-4WSI1
 
Tool Versions:
Toolchain:       MDK-ARM Essential  Version: 5.41.0.0
Toolchain Path:  E:\Keil\ARM\ARMCLANG\Bin
C Compiler:      ArmClang.exe V6.22
Assembler:       Armasm.exe V6.22
Linker/Locator:  ArmLink.exe V6.22
Library Manager: ArmAr.exe V6.22
Hex Converter:   FromElf.exe V6.22
CPU DLL:         SARMCM3.DLL V5.41.0.0
Dialog DLL:      DCM.DLL V1.17.5.0
Target DLL:      Segger\JL2CM3.dll V2.99.45.0
Dialog DLL:      TCM.DLL V1.56.4.0
 
<h2>Project:</h2>
D:\RM\hero - ¸±±¾\Hero_chassis\MDK-ARM\Hero.uvprojx
Project File Date:  09/27/2025

<h2>Output:</h2>
*** Using Compiler 'V6.22', folder: 'E:\Keil\ARM\ARMCLANG\Bin'
Build target 'Hero'
Note: source file '..\Module\Com_System\Queue.c' - object file renamed from 'Hero\Queue.o' to 'Hero\queue_1.o'.
compiling Chassis_task.c...
linking...
Program Size: Code=55352 RO-data=2124 RW-data=1360 ZI-data=22208  
FromELF: creating hex file...
"Hero\Hero.axf" - 0 Error(s), 0 Warning(s).

<h2>Software Packages used:</h2>

Package Vendor: ARM
                https://www.keil.com/pack/ARM.CMSIS.6.1.0.pack
                ARM::CMSIS@6.1.0
                CMSIS (Common Microcontroller Software Interface Standard)
   * Component: CORE Version: 6.1.0

Package Vendor: Keil
                https://www.keil.com/pack/Keil.STM32F4xx_DFP.3.0.0.pack
                Keil::STM32F4xx_DFP@3.0.0
                STMicroelectronics STM32F4 Series Device Support

<h2>Collection of Component include folders:</h2>
  ./RTE/_Hero
  E:/Keil/ARM/CMSIS/6.1.0/CMSIS/Core/Include

<h2>Collection of Component Files used:</h2>

   * Component: ARM::CMSIS:CORE@6.1.0
      Include file:  CMSIS/Core/Include/tz_context.h
Build Time Elapsed:  00:00:01
</pre>
</body>
</html>
