Component: Arm Compiler for Embedded 6.22 Tool: armlink [5ee90200]

==============================================================================

Section Cross References

    startup_stm32f407xx.o(STACK) refers (Special) to heapauxi.o(.text) for __use_two_region_memory
    startup_stm32f407xx.o(HEAP) refers (Special) to heapauxi.o(.text) for __use_two_region_memory
    startup_stm32f407xx.o(RESET) refers (Special) to heapauxi.o(.text) for __use_two_region_memory
    startup_stm32f407xx.o(RESET) refers to startup_stm32f407xx.o(STACK) for __initial_sp
    startup_stm32f407xx.o(RESET) refers to startup_stm32f407xx.o(.text) for Reset_Handler
    startup_stm32f407xx.o(RESET) refers to stm32f4xx_it.o(.text.NMI_Handler) for NMI_Handler
    startup_stm32f407xx.o(RESET) refers to stm32f4xx_it.o(.text.HardFault_Handler) for HardFault_Handler
    startup_stm32f407xx.o(RESET) refers to stm32f4xx_it.o(.text.MemManage_Handler) for MemManage_Handler
    startup_stm32f407xx.o(RESET) refers to stm32f4xx_it.o(.text.BusFault_Handler) for BusFault_Handler
    startup_stm32f407xx.o(RESET) refers to stm32f4xx_it.o(.text.UsageFault_Handler) for UsageFault_Handler
    startup_stm32f407xx.o(RESET) refers to port.o(.text.SVC_Handler) for SVC_Handler
    startup_stm32f407xx.o(RESET) refers to stm32f4xx_it.o(.text.DebugMon_Handler) for DebugMon_Handler
    startup_stm32f407xx.o(RESET) refers to port.o(.text.PendSV_Handler) for PendSV_Handler
    startup_stm32f407xx.o(RESET) refers to port.o(.text.SysTick_Handler) for SysTick_Handler
    startup_stm32f407xx.o(RESET) refers to stm32f4xx_it.o(.text.EXTI0_IRQHandler) for EXTI0_IRQHandler
    startup_stm32f407xx.o(RESET) refers to stm32f4xx_it.o(.text.EXTI1_IRQHandler) for EXTI1_IRQHandler
    startup_stm32f407xx.o(RESET) refers to stm32f4xx_it.o(.text.EXTI3_IRQHandler) for EXTI3_IRQHandler
    startup_stm32f407xx.o(RESET) refers to stm32f4xx_it.o(.text.EXTI4_IRQHandler) for EXTI4_IRQHandler
    startup_stm32f407xx.o(RESET) refers to stm32f4xx_it.o(.text.DMA1_Stream1_IRQHandler) for DMA1_Stream1_IRQHandler
    startup_stm32f407xx.o(RESET) refers to stm32f4xx_it.o(.text.CAN1_RX0_IRQHandler) for CAN1_RX0_IRQHandler
    startup_stm32f407xx.o(RESET) refers to stm32f4xx_it.o(.text.EXTI9_5_IRQHandler) for EXTI9_5_IRQHandler
    startup_stm32f407xx.o(RESET) refers to stm32f4xx_it.o(.text.TIM1_UP_TIM10_IRQHandler) for TIM1_UP_TIM10_IRQHandler
    startup_stm32f407xx.o(RESET) refers to stm32f4xx_it.o(.text.TIM4_IRQHandler) for TIM4_IRQHandler
    startup_stm32f407xx.o(RESET) refers to stm32f4xx_it.o(.text.USART1_IRQHandler) for USART1_IRQHandler
    startup_stm32f407xx.o(RESET) refers to stm32f4xx_it.o(.text.USART3_IRQHandler) for USART3_IRQHandler
    startup_stm32f407xx.o(RESET) refers to stm32f4xx_it.o(.text.TIM8_UP_TIM13_IRQHandler) for TIM8_UP_TIM13_IRQHandler
    startup_stm32f407xx.o(RESET) refers to stm32f4xx_it.o(.text.TIM6_DAC_IRQHandler) for TIM6_DAC_IRQHandler
    startup_stm32f407xx.o(RESET) refers to stm32f4xx_it.o(.text.DMA2_Stream1_IRQHandler) for DMA2_Stream1_IRQHandler
    startup_stm32f407xx.o(RESET) refers to stm32f4xx_it.o(.text.DMA2_Stream2_IRQHandler) for DMA2_Stream2_IRQHandler
    startup_stm32f407xx.o(RESET) refers to stm32f4xx_it.o(.text.DMA2_Stream3_IRQHandler) for DMA2_Stream3_IRQHandler
    startup_stm32f407xx.o(RESET) refers to stm32f4xx_it.o(.text.CAN2_RX1_IRQHandler) for CAN2_RX1_IRQHandler
    startup_stm32f407xx.o(RESET) refers to stm32f4xx_it.o(.text.OTG_FS_IRQHandler) for OTG_FS_IRQHandler
    startup_stm32f407xx.o(RESET) refers to stm32f4xx_it.o(.text.DMA2_Stream5_IRQHandler) for DMA2_Stream5_IRQHandler
    startup_stm32f407xx.o(RESET) refers to stm32f4xx_it.o(.text.DMA2_Stream6_IRQHandler) for DMA2_Stream6_IRQHandler
    startup_stm32f407xx.o(RESET) refers to stm32f4xx_it.o(.text.DMA2_Stream7_IRQHandler) for DMA2_Stream7_IRQHandler
    startup_stm32f407xx.o(RESET) refers to stm32f4xx_it.o(.text.USART6_IRQHandler) for USART6_IRQHandler
    startup_stm32f407xx.o(.text) refers (Special) to heapauxi.o(.text) for __use_two_region_memory
    startup_stm32f407xx.o(.text) refers to system_stm32f4xx.o(.text.SystemInit) for SystemInit
    startup_stm32f407xx.o(.text) refers to __main.o(!!!main) for __main
    startup_stm32f407xx.o(.text) refers to startup_stm32f407xx.o(HEAP) for Heap_Mem
    startup_stm32f407xx.o(.text) refers to startup_stm32f407xx.o(STACK) for Stack_Mem
    main.o(.text.main) refers to stm32f4xx_hal.o(.text.HAL_Init) for HAL_Init
    main.o(.text.main) refers to main.o(.text.SystemClock_Config) for SystemClock_Config
    main.o(.text.main) refers to gpio.o(.text.MX_GPIO_Init) for MX_GPIO_Init
    main.o(.text.main) refers to dma.o(.text.MX_DMA_Init) for MX_DMA_Init
    main.o(.text.main) refers to can.o(.text.MX_CAN1_Init) for MX_CAN1_Init
    main.o(.text.main) refers to usart.o(.text.MX_USART3_UART_Init) for MX_USART3_UART_Init
    main.o(.text.main) refers to spi.o(.text.MX_SPI1_Init) for MX_SPI1_Init
[...]
    MX_CRC_Init                              0x08006a15   Thumb Code    36  crc.o(.text.MX_CRC_Init)
    MX_DMA_Init                              0x08006a39   Thumb Code   206  dma.o(.text.MX_DMA_Init)
    MX_FREERTOS_Init                         0x08006b09   Thumb Code   134  freertos.o(.text.MX_FREERTOS_Init)
    MX_GPIO_Init                             0x08006b91   Thumb Code   684  gpio.o(.text.MX_GPIO_Init)
    MX_I2C3_Init                             0x08006e3d   Thumb Code    72  i2c.o(.text.MX_I2C3_Init)
    MX_SPI1_Init                             0x08006e85   Thumb Code    82  spi.o(.text.MX_SPI1_Init)
    MX_TIM10_Init                            0x08006ed9   Thumb Code    52  tim.o(.text.MX_TIM10_Init)
    MX_TIM13_Init                            0x08006f0d   Thumb Code    56  tim.o(.text.MX_TIM13_Init)
    MX_TIM1_Init                             0x08006f45   Thumb Code   288  tim.o(.text.MX_TIM1_Init)
    MX_TIM4_Init                             0x08007065   Thumb Code   134  tim.o(.text.MX_TIM4_Init)
    MX_USART1_UART_Init                      0x080070ed   Thumb Code    64  usart.o(.text.MX_USART1_UART_Init)
    MX_USART3_UART_Init                      0x0800712d   Thumb Code    72  usart.o(.text.MX_USART3_UART_Init)
    MX_USART6_UART_Init                      0x08007175   Thumb Code    64  usart.o(.text.MX_USART6_UART_Init)
    MX_USB_OTG_FS_PCD_Init                   0x080071b5   Thumb Code    62  usb_otg.o(.text.MX_USB_OTG_FS_PCD_Init)
    MemManage_Handler                        0x080071f5   Thumb Code     4  stm32f4xx_it.o(.text.MemManage_Handler)
    Motor_DM_Register                        0x080071f9   Thumb Code   176  dev_motor_dm.o(.text.Motor_DM_Register)
    Motor_Dji_Control                        0x080072a9   Thumb Code   150  dev_motor_dji.o(.text.Motor_Dji_Control)
    Motor_Dji_Register                       0x08007655   Thumb Code   238  dev_motor_dji.o(.text.Motor_Dji_Register)
    Motor_Dji_Transmit                       0x08007745   Thumb Code    78  dev_motor_dji.o(.text.Motor_Dji_Transmit)
    Motor_Dm_Cmd                             0x08007795   Thumb Code    90  dev_motor_dm.o(.text.Motor_Dm_Cmd)
    Motor_Dm_Control                         0x080077f1   Thumb Code   188  dev_motor_dm.o(.text.Motor_Dm_Control)
    Motor_Dm_Mit_Control                     0x08007995   Thumb Code   332  dev_motor_dm.o(.text.Motor_Dm_Mit_Control)
    Motor_Dm_Transmit                        0x08007ae5   Thumb Code    50  dev_motor_dm.o(.text.Motor_Dm_Transmit)
    NMI_Handler                              0x08007b19   Thumb Code     4  stm32f4xx_it.o(.text.NMI_Handler)
    OTG_FS_IRQHandler                        0x08007b89   Thumb Code    16  stm32f4xx_it.o(.text.OTG_FS_IRQHandler)
    PendSV_Handler                           0x08007f21   Thumb Code   100  port.o(.text.PendSV_Handler)
    Pid_Calculate                            0x08007f89   Thumb Code   664  alg_pid.o(.text.Pid_Calculate)
    Pid_Register                             0x080082fd   Thumb Code   252  alg_pid.o(.text.Pid_Register)
    SEGGER_RTT_Write                         0x080083f9   Thumb Code    78  segger_rtt.o(.text.SEGGER_RTT_Write)
    SEGGER_RTT_WriteNoLock                   0x08008449   Thumb Code   176  segger_rtt.o(.text.SEGGER_RTT_WriteNoLock)
    SEGGER_RTT_printf                        0x080084f9   Thumb Code    42  segger_rtt_printf.o(.text.SEGGER_RTT_printf)
    SEGGER_RTT_vprintf                       0x08008525   Thumb Code   924  segger_rtt_printf.o(.text.SEGGER_RTT_vprintf)
    SVC_Handler                              0x080088c1   Thumb Code    36  port.o(.text.SVC_Handler)
    StartDefaultTask                         0x080088e5   Thumb Code    16  freertos.o(.text.StartDefaultTask)
    SysTick_Handler                          0x080088f5   Thumb Code    60  port.o(.text.SysTick_Handler)
    SystemClock_Config                       0x08008931   Thumb Code   188  main.o(.text.SystemClock_Config)
    SystemInit                               0x080089ed   Thumb Code    18  system_stm32f4xx.o(.text.SystemInit)
    TIM1_UP_TIM10_IRQHandler                 0x08008a01   Thumb Code    28  stm32f4xx_it.o(.text.TIM1_UP_TIM10_IRQHandler)
    TIM4_IRQHandler                          0x08008a1d   Thumb Code    16  stm32f4xx_it.o(.text.TIM4_IRQHandler)
    TIM6_DAC_IRQHandler                      0x08008a2d   Thumb Code    16  stm32f4xx_it.o(.text.TIM6_DAC_IRQHandler)
    TIM8_UP_TIM13_IRQHandler                 0x08008a3d   Thumb Code    16  stm32f4xx_it.o(.text.TIM8_UP_TIM13_IRQHandler)
    TIM_Base_SetConfig                       0x08008a4d   Thumb Code   420  stm32f4xx_hal_tim.o(.text.TIM_Base_SetConfig)
    TIM_ETR_SetConfig                        0x08008bf1   Thumb Code    52  stm32f4xx_hal_tim.o(.text.TIM_ETR_SetConfig)
    TIM_OC2_SetConfig                        0x08008d3d   Thumb Code   244  stm32f4xx_hal_tim.o(.text.TIM_OC2_SetConfig)
    UART_Start_Receive_IT                    0x080093e9   Thumb Code    98  stm32f4xx_hal_uart.o(.text.UART_Start_Receive_IT)
    USART1_IRQHandler                        0x080094e1   Thumb Code    16  stm32f4xx_it.o(.text.USART1_IRQHandler)
    USART3_IRQHandler                        0x080094f1   Thumb Code    16  stm32f4xx_it.o(.text.USART3_IRQHandler)
    USART6_IRQHandler                        0x08009501   Thumb Code    16  stm32f4xx_it.o(.text.USART6_IRQHandler)
    USB_ActivateSetup                        0x08009511   Thumb Code    44  stm32f4xx_ll_usb.o(.text.USB_ActivateSetup)
    USB_CoreInit                             0x0800953d   Thumb Code   214  stm32f4xx_ll_usb.o(.text.USB_CoreInit)
    USB_DevDisconnect                        0x0800969d   Thumb Code    42  stm32f4xx_ll_usb.o(.text.USB_DevDisconnect)
    USB_DevInit                              0x080096c9   Thumb Code   666  stm32f4xx_ll_usb.o(.text.USB_DevInit)
    USB_DisableGlobalInt                     0x08009965   Thumb Code    20  stm32f4xx_ll_usb.o(.text.USB_DisableGlobalInt)
    USB_EP0_OutStart                         0x08009979   Thumb Code   158  stm32f4xx_ll_usb.o(.text.USB_EP0_OutStart)
    USB_EPStopXfer                           0x08009a19   Thumb Code   284  stm32f4xx_ll_usb.o(.text.USB_EPStopXfer)
    USB_FlushRxFifo                          0x08009b35   Thumb Code   116  stm32f4xx_ll_usb.o(.text.USB_FlushRxFifo)
    USB_FlushTxFifo                          0x08009ba9   Thumb Code   122  stm32f4xx_ll_usb.o(.text.USB_FlushTxFifo)
    USB_GetDevSpeed                          0x08009c25   Thumb Code    76  stm32f4xx_ll_usb.o(.text.USB_GetDevSpeed)
    USB_GetMode                              0x08009c71   Thumb Code    16  stm32f4xx_ll_usb.o(.text.USB_GetMode)
    USB_ReadDevAllInEpInterrupt              0x08009c81   Thumb Code    36  stm32f4xx_ll_usb.o(.text.USB_ReadDevAllInEpInterrupt)
    USB_ReadDevAllOutEpInterrupt             0x08009ca5   Thumb Code    36  stm32f4xx_ll_usb.o(.text.USB_ReadDevAllOutEpInterrupt)
    USB_ReadDevInEPInterrupt                 0x08009cc9   Thumb Code    78  stm32f4xx_ll_usb.o(.text.USB_ReadDevInEPInterrupt)
    USB_ReadDevOutEPInterrupt                0x08009d19   Thumb Code    46  stm32f4xx_ll_usb.o(.text.USB_ReadDevOutEPInterrupt)
    USB_ReadInterrupts                       0x08009d49   Thumb Code    26  stm32f4xx_ll_usb.o(.text.USB_ReadInterrupts)
    USB_ReadPacket                           0x08009d65   Thumb Code   180  stm32f4xx_ll_usb.o(.text.USB_ReadPacket)
    USB_SetCurrentMode                       0x08009e19   Thumb Code   222  stm32f4xx_ll_usb.o(.text.USB_SetCurrentMode)
    USB_SetDevSpeed                          0x08009ef9   Thumb Code    34  stm32f4xx_ll_usb.o(.text.USB_SetDevSpeed)
    USB_SetTurnaroundTime                    0x08009f1d   Thumb Code   442  stm32f4xx_ll_usb.o(.text.USB_SetTurnaroundTime)
    USB_WritePacket                          0x0800a0d9   Thumb Code   130  stm32f4xx_ll_usb.o(.text.USB_WritePacket)
    UsageFault_Handler                       0x0800a415   Thumb Code     4  stm32f4xx_it.o(.text.UsageFault_Handler)
    data_unpack                              0x0800ab21   Thumb Code   544  chassis_fun.o(.text.data_unpack)
    main                                     0x0800ada9   Thumb Code    88  main.o(.text.main)
    osDelay                                  0x0800ae29   Thumb Code    40  cmsis_os.o(.text.osDelay)
    osKernelStart                            0x0800ae51   Thumb Code    10  cmsis_os.o(.text.osKernelStart)
    osThreadCreate                           0x0800ae5d   Thumb Code   172  cmsis_os.o(.text.osThreadCreate)
    pvPortMalloc                             0x0800b5e5   Thumb Code   492  heap_4.o(.text.pvPortMalloc)
    pxPortInitialiseStack                    0x0800b7d1   Thumb Code    94  port.o(.text.pxPortInitialiseStack)
    uxListRemove                             0x0800b885   Thumb Code    72  list.o(.text.uxListRemove)
    vApplicationGetIdleTaskMemory            0x0800b8cd   Thumb Code    42  freertos.o(.text.vApplicationGetIdleTaskMemory)
    vListInitialise                          0x0800b8f9   Thumb Code    46  list.o(.text.vListInitialise)
    vListInitialiseItem                      0x0800b929   Thumb Code    14  list.o(.text.vListInitialiseItem)
    vListInsert                              0x0800b939   Thumb Code   106  list.o(.text.vListInsert)
    vListInsertEnd                           0x0800b9a5   Thumb Code    58  list.o(.text.vListInsertEnd)
    vPortEnterCritical                       0x0800b9f5   Thumb Code    86  port.o(.text.vPortEnterCritical)
    vPortExitCritical                        0x0800ba4d   Thumb Code    74  port.o(.text.vPortExitCritical)
    vPortFree                                0x0800ba99   Thumb Code   206  heap_4.o(.text.vPortFree)
    vPortSetupTimerInterrupt                 0x0800bb69   Thumb Code    68  port.o(.text.vPortSetupTimerInterrupt)
    vTaskDelay                               0x0800bbad   Thumb Code   110  tasks.o(.text.vTaskDelay)
    vTaskStartScheduler                      0x0800bc1d   Thumb Code   206  tasks.o(.text.vTaskStartScheduler)
    vTaskSuspendAll                          0x0800bced   Thumb Code    16  tasks.o(.text.vTaskSuspendAll)
    vTaskSwitchContext                       0x0800bcfd   Thumb Code   190  tasks.o(.text.vTaskSwitchContext)
    xPortStartScheduler                      0x0800bdbd   Thumb Code   342  port.o(.text.xPortStartScheduler)
    xTaskCreate                              0x0800bf15   Thumb Code   158  tasks.o(.text.xTaskCreate)
    xTaskCreateStatic                        0x0800bfb5   Thumb Code   206  tasks.o(.text.xTaskCreateStatic)
    xTaskIncrementTick                       0x0800c085   Thumb Code   440  tasks.o(.text.xTaskIncrementTick)
    xTaskResumeAll                           0x0800c23d   Thumb Code   376  tasks.o(.text.xTaskResumeAll)
    __ARM_fpclassify                         0x0800c3b5   Thumb Code    48  fpclassify.o(i.__ARM_fpclassify)
    __hardfp_cos                             0x0800c3e9   Thumb Code   180  cos.o(i.__hardfp_cos)
    __hardfp_sin                             0x0800c4b1   Thumb Code   180  sin.o(i.__hardfp_sin)
    __ieee754_rem_pio2                       0x0800c579   Thumb Code   938  rred.o(i.__ieee754_rem_pio2)
    __kernel_cos                             0x0800c9b1   Thumb Code   322  cos_i.o(i.__kernel_cos)
    __kernel_poly                            0x0800cb21   Thumb Code   248  poly.o(i.__kernel_poly)
    __kernel_sin                             0x0800cc19   Thumb Code   280  sin_i.o(i.__kernel_sin)
    __mathlib_dbl_infnan                     0x0800cd49   Thumb Code    20  dunder.o(i.__mathlib_dbl_infnan)
    __mathlib_dbl_invalid                    0x0800cd61   Thumb Code    24  dunder.o(i.__mathlib_dbl_invalid)
    __mathlib_dbl_underflow                  0x0800cd81   Thumb Code    24  dunder.o(i.__mathlib_dbl_underflow)
    fabs                                     0x0800cda1   Thumb Code    24  fabs.o(i.fabs)
    __aeabi_dneg                             0x0800cdb9   Thumb Code     0  basic.o(x$fpl$basic)
    _dneg                                    0x0800cdb9   Thumb Code     6  basic.o(x$fpl$basic)
    __aeabi_fneg                             0x0800cdbf   Thumb Code     0  basic.o(x$fpl$basic)
    _fneg                                    0x0800cdbf   Thumb Code     6  basic.o(x$fpl$basic)
    _dabs                                    0x0800cdc5   Thumb Code     6  basic.o(x$fpl$basic)
    _fabs                                    0x0800cdcb   Thumb Code     6  basic.o(x$fpl$basic)
    __aeabi_d2f                              0x0800cdd1   Thumb Code     0  d2f.o(x$fpl$d2f)
    _d2f                                     0x0800cdd1   Thumb Code    98  d2f.o(x$fpl$d2f)
    __aeabi_dadd                             0x0800ce35   Thumb Code     0  daddsub_clz.o(x$fpl$dadd)
    _dadd                                    0x0800ce35   Thumb Code   332  daddsub_clz.o(x$fpl$dadd)
    __fpl_dcmp_Inf                           0x0800cf85   Thumb Code    24  dcmpi.o(x$fpl$dcmpinf)
    __aeabi_ddiv                             0x0800cf9d   Thumb Code     0  ddiv.o(x$fpl$ddiv)
    _ddiv                                    0x0800cf9d   Thumb Code   560  ddiv.o(x$fpl$ddiv)
    __aeabi_cdcmpeq                          0x0800d255   Thumb Code     0  deqf.o(x$fpl$deqf)
    _dcmpeq                                  0x0800d255   Thumb Code   120  deqf.o(x$fpl$deqf)
    __aeabi_d2iz                             0x0800d2cd   Thumb Code     0  dfix.o(x$fpl$dfix)
    _dfix                                    0x0800d2cd   Thumb Code    94  dfix.o(x$fpl$dfix)
    __aeabi_i2d                              0x0800d32b   Thumb Code     0  dflt_clz.o(x$fpl$dflt)
    _dflt                                    0x0800d32b   Thumb Code    46  dflt_clz.o(x$fpl$dflt)
    __aeabi_ui2d                             0x0800d359   Thumb Code     0  dflt_clz.o(x$fpl$dfltu)
    _dfltu                                   0x0800d359   Thumb Code    38  dflt_clz.o(x$fpl$dfltu)
    __aeabi_cdcmpge                          0x0800d381   Thumb Code     0  dgeqf.o(x$fpl$dgeqf)
    _dcmpge                                  0x0800d381   Thumb Code   120  dgeqf.o(x$fpl$dgeqf)
    __aeabi_cdcmple                          0x0800d3f9   Thumb Code     0  dleqf.o(x$fpl$dleqf)
    _dcmple                                  0x0800d3f9   Thumb Code   120  dleqf.o(x$fpl$dleqf)
    __fpl_dcmple_InfNaN                      0x0800d45b   Thumb Code     0  dleqf.o(x$fpl$dleqf)
    __aeabi_dmul                             0x0800d471   Thumb Code     0  dmul.o(x$fpl$dmul)
    _dmul                                    0x0800d471   Thumb Code   332  dmul.o(x$fpl$dmul)
    __fpl_dnaninf                            0x0800d5c5   Thumb Code   156  dnaninf.o(x$fpl$dnaninf)
    __fpl_dretinf                            0x0800d661   Thumb Code    12  dretinf.o(x$fpl$dretinf)
    __aeabi_drsub                            0x0800d66d   Thumb Code     0  daddsub_clz.o(x$fpl$drsb)
    _drsb                                    0x0800d66d   Thumb Code    22  daddsub_clz.o(x$fpl$drsb)
    __aeabi_dsub                             0x0800d685   Thumb Code     0  daddsub_clz.o(x$fpl$dsub)
    _dsub                                    0x0800d685   Thumb Code   472  daddsub_clz.o(x$fpl$dsub)
    __aeabi_f2d                              0x0800d861   Thumb Code     0  f2d.o(x$fpl$f2d)
    _f2d                                     0x0800d861   Thumb Code    86  f2d.o(x$fpl$f2d)
    __aeabi_dcmpeq                           0x0800d8b7   Thumb Code     0  dcmp.o(x$fpl$fcmp)
    _deq                                     0x0800d8b7   Thumb Code    14  dcmp.o(x$fpl$fcmp)
    _dneq                                    0x0800d8c5   Thumb Code    14  dcmp.o(x$fpl$fcmp)
    __aeabi_dcmpgt                           0x0800d8d3   Thumb Code     0  dcmp.o(x$fpl$fcmp)
    _dgr                                     0x0800d8d3   Thumb Code    14  dcmp.o(x$fpl$fcmp)
    __aeabi_dcmpge                           0x0800d8e1   Thumb Code     0  dcmp.o(x$fpl$fcmp)
    _dgeq                                    0x0800d8e1   Thumb Code    14  dcmp.o(x$fpl$fcmp)
    __aeabi_dcmple                           0x0800d8ef   Thumb Code     0  dcmp.o(x$fpl$fcmp)
    _dleq                                    0x0800d8ef   Thumb Code    14  dcmp.o(x$fpl$fcmp)
    __aeabi_dcmplt                           0x0800d8fd   Thumb Code     0  dcmp.o(x$fpl$fcmp)
    _dls                                     0x0800d8fd   Thumb Code    14  dcmp.o(x$fpl$fcmp)
    __fpl_fnaninf                            0x0800d90b   Thumb Code   140  fnaninf.o(x$fpl$fnaninf)
    _fp_init                                 0x0800d997   Thumb Code    26  fpinit.o(x$fpl$fpinit)
    __fplib_config_fpu_vfp                   0x0800d9af   Thumb Code     0  fpinit.o(x$fpl$fpinit)
    __fplib_config_pureend_doubles           0x0800d9af   Thumb Code     0  fpinit.o(x$fpl$fpinit)
    __fpl_fretinf                            0x0800d9b1   Thumb Code    10  fretinf.o(x$fpl$fretinf)
    __I$use$fp                               0x0800d9ba   Number         0  usenofp.o(x$fpl$usenofp)
    AHBPrescTable                            0x0800db20   Data          16  system_stm32f4xx.o(.rodata.AHBPrescTable)
    APBPrescTable                            0x0800db30   Data           8  system_stm32f4xx.o(.rodata.APBPrescTable)
    Region$$Table$$Base                      0x0800e064   Number         0  anon$$obj.o(Region$$Table)
    Region$$Table$$Limit                     0x0800e084   Number         0  anon$$obj.o(Region$$Table)
    SystemCoreClock                          0x200003ec   Data           4  system_stm32f4xx.o(.data.SystemCoreClock)
    board_data_exchange_config               0x200003f0   Data          17  chassis_fun.o(.data.board_data_exchange_config)
    dm_cmd_frame                             0x20000402   Data          32  dev_motor_dm.o(.data.dm_cmd_frame)
    rammer_motor_config                      0x20000424   Data         144  chassis_fun.o(.data.rammer_motor_config)
    uwTickFreq                               0x200004b4   Data           1  stm32f4xx_hal.o(.data.uwTickFreq)
    uwTickPrio                               0x200004b8   Data           4  stm32f4xx_hal.o(.data.uwTickPrio)
    yaw_motor_config                         0x200004c0   Data         144  chassis_fun.o(.data.yaw_motor_config)
    __libspace_start                         0x20000550   Data          96  libspace.o(.bss)
    __temporary_stack_top$libspace           0x200005b0   Data           0  libspace.o(.bss)
    CHASSIS_TASKHandle                       0x200005f8   Data           4  freertos.o(.bss.CHASSIS_TASKHandle)
    Chassis                                  0x20000600   Data           4  chassis_fun.o(.bss.Chassis)
    _SEGGER_RTT                              0x20000608   Data         168  segger_rtt.o(.bss._SEGGER_RTT)
    board_data_exchange                      0x20000ac0   Data           4  chassis_fun.o(.bss.board_data_exchange)
    defaultTaskHandle                        0x20000b08   Data           4  freertos.o(.bss.defaultTaskHandle)
    hcan1                                    0x20000b0c   Data          40  can.o(.bss.hcan1)
    hcan2                                    0x20000b34   Data          40  can.o(.bss.hcan2)
    hcrc                                     0x20000b5c   Data           8  crc.o(.bss.hcrc)
    hdma_spi1_rx                             0x20000b64   Data          96  spi.o(.bss.hdma_spi1_rx)
    hdma_spi1_tx                             0x20000bc4   Data          96  spi.o(.bss.hdma_spi1_tx)
    hdma_usart1_rx                           0x20000c24   Data          96  usart.o(.bss.hdma_usart1_rx)
    hdma_usart1_tx                           0x20000c84   Data          96  usart.o(.bss.hdma_usart1_tx)
    hdma_usart3_rx                           0x20000ce4   Data          96  usart.o(.bss.hdma_usart3_rx)
    hdma_usart6_rx                           0x20000d44   Data          96  usart.o(.bss.hdma_usart6_rx)
    hdma_usart6_tx                           0x20000da4   Data          96  usart.o(.bss.hdma_usart6_tx)
    hi2c3                                    0x20000e04   Data          84  i2c.o(.bss.hi2c3)
    hpcd_USB_OTG_FS                          0x20000e58   Data        1252  usb_otg.o(.bss.hpcd_USB_OTG_FS)
    hspi1                                    0x2000133c   Data          88  spi.o(.bss.hspi1)
    htim1                                    0x20001394   Data          72  tim.o(.bss.htim1)
    htim10                                   0x200013dc   Data          72  tim.o(.bss.htim10)
    htim13                                   0x20001424   Data          72  tim.o(.bss.htim13)
    htim4                                    0x2000146c   Data          72  tim.o(.bss.htim4)
    htim6                                    0x200014b4   Data          72  stm32f4xx_hal_timebase_tim.o(.bss.htim6)
    huart1                                   0x200014fc   Data          72  usart.o(.bss.huart1)
    huart3                                   0x20001544   Data          72  usart.o(.bss.huart3)
    huart6                                   0x2000158c   Data          72  usart.o(.bss.huart6)
    id                                       0x200015d4   Data           1  bsp_uart.o(.bss.id)
    pxCurrentTCB                             0x20001608   Data           4  tasks.o(.bss.pxCurrentTCB)
    rammer_motor                             0x200016a4   Data           4  chassis_fun.o(.bss.rammer_motor)
    remote_ctrl                              0x200016a8   Data          16  chassis_fun.o(.bss.remote_ctrl)
    uart_instance                            0x200016e0   Data          20  bsp_uart.o(.bss.uart_instance)
    uwTick                                   0x200052fc   Data           4  stm32f4xx_hal.o(.bss.uwTick)
    yaw_angle                                0x20005604   Data           4  chassis_task.o(.bss.yaw_angle)
    yaw_motor                                0x20005608   Data           4  chassis_fun.o(.bss.yaw_motor)



==============================================================================

Memory Map of the image

  Image Entry point : 0x08000189

  Load Region LR_IROM1 (Base: 0x08000000, Size: 0x0000e5d8, Max: 0x00100000, ABSOLUTE, COMPRESSED[0x0000e160])

    Execution Region ER_IROM1 (Exec base: 0x08000000, Load base: 0x08000000, Size: 0x0000e084, Max: 0x00100000, ABSOLUTE)

    Exec Addr    Load Addr    Size         Type   Attr      Idx    E Section Name        Object

    0x08000000   0x08000000   0x00000188   Data   RO            3    RESET               startup_stm32f407xx.o
    0x08000188   0x08000188   0x00000008   Code   RO         2796  * !!!main             c_w.l(__main.o)
    0x08000190   0x08000190   0x0000005c   Code   RO         3120    !!!scatter          c_w.l(__scatter.o)
    0x080001ec   0x080001ec   0x0000005a   Code   RO         3118    !!dczerorl2         c_w.l(__dczerorl2.o)
    0x08000246   0x08000246   0x00000002   PAD
    0x08000248   0x08000248   0x00000002   Code   RO         3121    !!handler_null      c_w.l(__scatter.o)
    0x0800024a   0x0800024a   0x00000002   PAD
    0x0800024c   0x0800024c   0x0000001c   Code   RO         3124    !!handler_zi        c_w.l(__scatter_zi.o)
    0x08000268   0x08000268   0x00000002   Code   RO         3053    .ARM.Collect$$libinit$$00000000  c_w.l(libinit.o)
    0x0800026a   0x0800026a   0x00000004   Code   RO         2872    .ARM.Collect$$libinit$$00000001  c_w.l(libinit2.o)
    0x0800026e   0x0800026e   0x00000000   Code   RO         2875    .ARM.Collect$$libinit$$00000004  c_w.l(libinit2.o)
    0x0800026e   0x0800026e   0x00000000   Code   RO         2877    .ARM.Collect$$libinit$$00000006  c_w.l(libinit2.o)
    0x0800026e   0x0800026e   0x00000000   Code   RO         2880    .ARM.Collect$$libinit$$0000000C  c_w.l(libinit2.o)
    0x0800026e   0x0800026e   0x00000000   Code   RO         2882    .ARM.Collect$$libinit$$0000000E  c_w.l(libinit2.o)
    0x0800026e   0x0800026e   0x00000000   Code   RO         2884    .ARM.Collect$$libinit$$00000010  c_w.l(libinit2.o)
    0x0800026e   0x0800026e   0x00000000   Code   RO         2887    .ARM.Collect$$libinit$$00000013  c_w.l(libinit2.o)
    0x0800026e   0x0800026e   0x00000000   Code   RO         2889    .ARM.Collect$$libinit$$00000015  c_w.l(libinit2.o)
    0x0800026e   0x0800026e   0x00000000   Code   RO         2891    .ARM.Collect$$libinit$$00000017  c_w.l(libinit2.o)
    0x0800026e   0x0800026e   0x00000000   Code   RO         2893    .ARM.Collect$$libinit$$00000019  c_w.l(libinit2.o)
    0x0800026e   0x0800026e   0x00000000   Code   RO         2895    .ARM.Collect$$libinit$$0000001B  c_w.l(libinit2.o)
    0x0800026e   0x0800026e   0x00000000   Code   RO         2897    .ARM.Collect$$libinit$$0000001D  c_w.l(libinit2.o)
    0x0800026e   0x0800026e   0x00000000   Code   RO         2899    .ARM.Collect$$libinit$$0000001F  c_w.l(libinit2.o)
    0x0800026e   0x0800026e   0x00000000   Code   RO         2901    .ARM.Collect$$libinit$$00000021  c_w.l(libinit2.o)
    0x0800026e   0x0800026e   0x00000000   Code   RO         2903    .ARM.Collect$$libinit$$00000023  c_w.l(libinit2.o)
    0x0800026e   0x0800026e   0x00000000   Code   RO         2905    .ARM.Collect$$libinit$$00000025  c_w.l(libinit2.o)
    0x0800026e   0x0800026e   0x00000000   Code   RO         2907    .ARM.Collect$$libinit$$00000027  c_w.l(libinit2.o)
    0x0800026e   0x0800026e   0x00000000   Code   RO         2911    .ARM.Collect$$libinit$$0000002E  c_w.l(libinit2.o)
    0x0800026e   0x0800026e   0x00000000   Code   RO         2913    .ARM.Collect$$libinit$$00000030  c_w.l(libinit2.o)
    0x0800026e   0x0800026e   0x00000000   Code   RO         2915    .ARM.Collect$$libinit$$00000032  c_w.l(libinit2.o)
    0x0800026e   0x0800026e   0x00000000   Code   RO         2917    .ARM.Collect$$libinit$$00000034  c_w.l(libinit2.o)
    0x0800026e   0x0800026e   0x00000002   Code   RO         2918    .ARM.Collect$$libinit$$00000035  c_w.l(libinit2.o)
    0x08000270   0x08000270   0x00000002   Code   RO         3115    .ARM.Collect$$libshutdown$$00000000  c_w.l(libshutdown.o)
    0x08000272   0x08000272   0x00000000   Code   RO         3071    .ARM.Collect$$libshutdown$$00000002  c_w.l(libshutdown2.o)
    0x08000272   0x08000272   0x00000000   Code   RO         3073    .ARM.Collect$$libshutdown$$00000004  c_w.l(libshutdown2.o)
    0x08000272   0x08000272   0x00000000   Code   RO         3076    .ARM.Collect$$libshutdown$$00000007  c_w.l(libshutdown2.o)
    0x08000272   0x08000272   0x00000000   Code   RO         3079    .ARM.Collect$$libshutdown$$0000000A  c_w.l(libshutdown2.o)
    0x08000272   0x08000272   0x00000000   Code   RO         3081    .ARM.Collect$$libshutdown$$0000000C  c_w.l(libshutdown2.o)
    0x08000272   0x08000272   0x00000000   Code   RO         3084    .ARM.Collect$$libshutdown$$0000000F  c_w.l(libshutdown2.o)
    0x08000272   0x08000272   0x00000002   Code   RO         3085    .ARM.Collect$$libshutdown$$00000010  c_w.l(libshutdown2.o)
    0x08000274   0x08000274   0x00000000   Code   RO         2836    .ARM.Collect$$rtentry$$00000000  c_w.l(__rtentry.o)
    0x08000274   0x08000274   0x00000000   Code   RO         2969    .ARM.Collect$$rtentry$$00000002  c_w.l(__rtentry2.o)
    0x08000274   0x08000274   0x00000006   Code   RO         2981    .ARM.Collect$$rtentry$$00000004  c_w.l(__rtentry4.o)
    0x0800027a   0x0800027a   0x00000000   Code   RO         2971    .ARM.Collect$$rtentry$$00000009  c_w.l(__rtentry2.o)
    0x0800027a   0x0800027a   0x00000004   Code   RO         2972    .ARM.Collect$$rtentry$$0000000A  c_w.l(__rtentry2.o)
    0x0800027e   0x0800027e   0x00000000   Code   RO         2974    .ARM.Collect$$rtentry$$0000000C  c_w.l(__rtentry2.o)
    0x0800027e   0x0800027e   0x00000008   Code   RO         2975    .ARM.Collect$$rtentry$$0000000D  c_w.l(__rtentry2.o)
    0x08000286   0x08000286   0x00000002   Code   RO         3058    .ARM.Collect$$rtexit$$00000000  c_w.l(rtexit.o)
    0x08000288   0x08000288   0x00000000   Code   RO         3091    .ARM.Collect$$rtexit$$00000002  c_w.l(rtexit2.o)
    0x08000288   0x08000288   0x00000004   Code   RO         3092    .ARM.Collect$$rtexit$$00000003  c_w.l(rtexit2.o)
    0x0800028c   0x0800028c   0x00000006   Code   RO         3093    .ARM.Collect$$rtexit$$00000004  c_w.l(rtexit2.o)
    0x08000292   0x08000292   0x00000002   PAD
    0x08000294   0x08000294   0x00000040   Code   RO            4    .text               startup_stm32f407xx.o
    0x080002d4   0x080002d4   0x000000f0   Code   RO         2776    .text               c_w.l(lludivv7m.o)
    0x080003c4   0x080003c4   0x0000008a   Code   RO         2784    .text               c_w.l(rt_memcpy_v6.o)
    0x0800044e   0x0800044e   0x00000044   Code   RO         2788    .text               c_w.l(rt_memclr.o)
    0x08000492   0x08000492   0x0000004e   Code   RO         2790    .text               c_w.l(rt_memclr_w.o)
    0x080004e0   0x080004e0   0x00000006   Code   RO         2794    .text               c_w.l(heapauxi.o)
    0x080004e6   0x080004e6   0x00000016   Code   RO         2864    .text               c_w.l(_rserrno.o)
    0x080004fc   0x080004fc   0x00000064   Code   RO         2868    .text               c_w.l(rt_memcpy_w.o)
    0x08000560   0x08000560   0x00000008   Code   RO         2965    .text               c_w.l(libspace.o)
    0x08000568   0x08000568   0x00000008   Code   RO         2988    .text               c_w.l(rt_errno_addr_intlibspace.o)
    0x08000570   0x08000570   0x00000002   Code   RO         3025    .text               c_w.l(use_no_semi.o)
    0x08000572   0x08000572   0x00000000   Code   RO         3027    .text               c_w.l(indicate_semi.o)
    0x08000572   0x08000572   0x0000004a   Code   RO         3028    .text               c_w.l(sys_stackheap_outer.o)
    0x080005bc   0x080005bc   0x00000012   Code   RO         3034    .text               c_w.l(exit.o)
    0x080005ce   0x080005ce   0x00000002   PAD
    0x080005d0   0x080005d0   0x0000000c   Code   RO         3054    .text               c_w.l(sys_exit.o)
    0x080005dc   0x080005dc   0x0000013e   Code   RO         2541    .text.Absolute_Calc  alg_chassis_calc.o
    0x0800071a   0x0800071a   0x00000002   PAD
    0x0800071c   0x0800071c   0x00000070   Code   RO         2703    .text.Angle_Normalize  dev_motor_dm.o
    0x0800078c   0x0800078c   0x00000004   Code   RO          197    .text.BusFault_Handler  stm32f4xx_it.o
    0x08000790   0x08000790   0x00000010   Code   RO          213    .text.CAN1_RX0_IRQHandler  stm32f4xx_it.o
    0x080007a0   0x080007a0   0x00000010   Code   RO          235    .text.CAN2_RX1_IRQHandler  stm32f4xx_it.o
    0x080007b0   0x080007b0   0x0000003e   Code   RO         2426    .text.CAN_Select_Handle  bsp_can.o
    0x080007ee   0x080007ee   0x00000002   PAD
    0x080007f0   0x080007f0   0x000000d2   Code   RO         2428    .text.Can_ID_List_Mode_Filter_Init  bsp_can.o
    0x080008c2   0x080008c2   0x00000002   PAD
    0x080008c4   0x080008c4   0x000000bc   Code   RO         2442    .text.Can_ID_Mask_Mode_Filter_Init  bsp_can.o
    0x08000980   0x08000980   0x00000082   Code   RO         2424    .text.Can_Init      bsp_can.o
    0x08000a02   0x08000a02   0x00000002   PAD
    0x08000a04   0x08000a04   0x000000f6   Code   RO         2420    .text.Can_Register  bsp_can.o
    0x08000afa   0x08000afa   0x00000002   PAD
    0x08000afc   0x08000afc   0x00000270   Code   RO         2422    .text.Can_Register_Check  bsp_can.o
    0x08000d6c   0x08000d6c   0x000000e2   Code   RO         2430    .text.Can_Register_To_x_Instance  bsp_can.o
    0x08000e4e   0x08000e4e   0x00000002   PAD
    0x08000e50   0x08000e50   0x00000184   Code   RO         2444    .text.Can_Service_Init  bsp_can.o
    0x08000fd4   0x08000fd4   0x00000058   Code   RO         2434    .text.Can_Transmit  bsp_can.o
    0x0800102c   0x0800102c   0x0000009c   Code   RO         2539    .text.Chassis_Control  alg_chassis_calc.o
    0x080010c8   0x080010c8   0x00000220   Code   RO         2543    .text.Chassis_IK_Calc  alg_chassis_calc.o
    0x080012e8   0x080012e8   0x00000070   Code   RO         2545    .text.Chassis_Mode_Choose  alg_chassis_calc.o
    0x08001358   0x08001358   0x00000076   Code   RO         2291    .text.Chassis_Motor_Init  chassis_fun.o
    0x080013ce   0x080013ce   0x00000002   PAD
    0x080013d0   0x080013d0   0x000000f6   Code   RO         2535    .text.Chassis_Register  alg_chassis_calc.o
    0x080014c6   0x080014c6   0x00000002   PAD
    0x080014c8   0x080014c8   0x00000076   Code   RO         2537    .text.Chassis_judgment  alg_chassis_calc.o
    0x0800153e   0x0800153e   0x00000002   PAD
    0x08001540   0x08001540   0x00000384   Code   RO         2280    .text.Chassis_task  chassis_task.o
    0x080018c4   0x080018c4   0x00000010   Code   RO          211    .text.DMA1_Stream1_IRQHandler  stm32f4xx_it.o
    0x080018d4   0x080018d4   0x00000010   Code   RO          229    .text.DMA2_Stream1_IRQHandler  stm32f4xx_it.o
    0x080018e4   0x080018e4   0x00000010   Code   RO          231    .text.DMA2_Stream2_IRQHandler  stm32f4xx_it.o
    0x080018f4   0x080018f4   0x00000010   Code   RO          233    .text.DMA2_Stream3_IRQHandler  stm32f4xx_it.o
    0x08001904   0x08001904   0x00000010   Code   RO          239    .text.DMA2_Stream5_IRQHandler  stm32f4xx_it.o
    0x08001914   0x08001914   0x00000010   Code   RO          241    .text.DMA2_Stream6_IRQHandler  stm32f4xx_it.o
    0x08001924   0x08001924   0x00000010   Code   RO          243    .text.DMA2_Stream7_IRQHandler  stm32f4xx_it.o
    0x08001934   0x08001934   0x00000056   Code   RO          869    .text.DMA_CalcBaseAndBitshift  stm32f4xx_hal_dma.o
    0x0800198a   0x0800198a   0x00000002   PAD
    0x0800198c   0x0800198c   0x000000f0   Code   RO          867    .text.DMA_CheckFifoParam  stm32f4xx_hal_dma.o
    0x08001a7c   0x08001a7c   0x00000002   Code   RO          201    .text.DebugMon_Handler  stm32f4xx_it.o
    0x08001a7e   0x08001a7e   0x00000002   PAD
    0x08001a80   0x08001a80   0x0000000a   Code   RO          203    .text.EXTI0_IRQHandler  stm32f4xx_it.o
    0x08001a8a   0x08001a8a   0x00000002   PAD
    0x08001a8c   0x08001a8c   0x0000000a   Code   RO          205    .text.EXTI1_IRQHandler  stm32f4xx_it.o
    0x08001a96   0x08001a96   0x00000002   PAD
    0x08001a98   0x08001a98   0x0000000a   Code   RO          207    .text.EXTI3_IRQHandler  stm32f4xx_it.o
    0x08001aa2   0x08001aa2   0x00000002   PAD
    0x08001aa4   0x08001aa4   0x0000000a   Code   RO          209    .text.EXTI4_IRQHandler  stm32f4xx_it.o
    0x08001aae   0x08001aae   0x00000002   PAD
    0x08001ab0   0x08001ab0   0x0000000a   Code   RO          215    .text.EXTI9_5_IRQHandler  stm32f4xx_it.o
    0x08001aba   0x08001aba   0x00000002   PAD
    0x08001abc   0x08001abc   0x00000006   Code   RO           15    .text.Error_Handler  main.o
    0x08001ac2   0x08001ac2   0x00000002   PAD
    0x08001ac4   0x08001ac4   0x0000007c   Code   RO         2547    .text.Find_Angle    alg_chassis_calc.o
    0x08001b40   0x08001b40   0x00000052   Code   RO          646    .text.HAL_CAN_ActivateNotification  stm32f4xx_hal_can.o
    0x08001b92   0x08001b92   0x00000002   PAD
    0x08001b94   0x08001b94   0x00000156   Code   RO          632    .text.HAL_CAN_AddTxMessage  stm32f4xx_hal_can.o
    0x08001cea   0x08001cea   0x00000002   PAD
    0x08001cec   0x08001cec   0x0000019e   Code   RO          622    .text.HAL_CAN_ConfigFilter  stm32f4xx_hal_can.o
    0x08001e8a   0x08001e8a   0x00000002   PAD
    0x08001e8c   0x08001e8c   0x00000008   Code   RO          676    .text.HAL_CAN_ErrorCallback  stm32f4xx_hal_can.o
    0x08001e94   0x08001e94   0x00000052   Code   RO          644    .text.HAL_CAN_GetRxFifoFillLevel  stm32f4xx_hal_can.o
    0x08001ee6   0x08001ee6   0x00000002   PAD
    0x08001ee8   0x08001ee8   0x00000212   Code   RO          642    .text.HAL_CAN_GetRxMessage  stm32f4xx_hal_can.o
    0x080020fa   0x080020fa   0x00000002   PAD
    0x080020fc   0x080020fc   0x00000070   Code   RO          636    .text.HAL_CAN_GetTxMailboxesFreeLevel  stm32f4xx_hal_can.o
    0x0800216c   0x0800216c   0x000003f2   Code   RO          650    .text.HAL_CAN_IRQHandler  stm32f4xx_hal_can.o
    0x0800255e   0x0800255e   0x00000002   PAD
    0x08002560   0x08002560   0x000001de   Code   RO          612    .text.HAL_CAN_Init  stm32f4xx_hal_can.o
    0x0800273e   0x0800273e   0x00000002   PAD
    0x08002740   0x08002740   0x00000184   Code   RO           61    .text.HAL_CAN_MspInit  can.o
    0x080028c4   0x080028c4   0x00000008   Code   RO          664    .text.HAL_CAN_RxFifo0FullCallback  stm32f4xx_hal_can.o
    0x080028cc   0x080028cc   0x000000c6   Code   RO         2436    .text.HAL_CAN_RxFifo0MsgPendingCallback  bsp_can.o
    0x08002992   0x08002992   0x00000002   PAD
    0x08002994   0x08002994   0x00000008   Code   RO          668    .text.HAL_CAN_RxFifo1FullCallback  stm32f4xx_hal_can.o
    0x0800299c   0x0800299c   0x000000c6   Code   RO         2440    .text.HAL_CAN_RxFifo1MsgPendingCallback  bsp_can.o
    0x08002a62   0x08002a62   0x00000002   PAD
    0x08002a64   0x08002a64   0x00000008   Code   RO          672    .text.HAL_CAN_SleepCallback  stm32f4xx_hal_can.o
    0x08002a6c   0x08002a6c   0x0000008a   Code   RO          624    .text.HAL_CAN_Start  stm32f4xx_hal_can.o
    0x08002af6   0x08002af6   0x00000002   PAD
    0x08002af8   0x08002af8   0x00000008   Code   RO          654    .text.HAL_CAN_TxMailbox0AbortCallback  stm32f4xx_hal_can.o
    0x08002b00   0x08002b00   0x00000008   Code   RO          652    .text.HAL_CAN_TxMailbox0CompleteCallback  stm32f4xx_hal_can.o
    0x08002b08   0x08002b08   0x00000008   Code   RO          658    .text.HAL_CAN_TxMailbox1AbortCallback  stm32f4xx_hal_can.o
    0x08002b10   0x08002b10   0x00000008   Code   RO          656    .text.HAL_CAN_TxMailbox1CompleteCallback  stm32f4xx_hal_can.o
    0x08002b18   0x08002b18   0x00000008   Code   RO          662    .text.HAL_CAN_TxMailbox2AbortCallback  stm32f4xx_hal_can.o
    0x08002b20   0x08002b20   0x00000008   Code   RO          660    .text.HAL_CAN_TxMailbox2CompleteCallback  stm32f4xx_hal_can.o
    0x08002b28   0x08002b28   0x00000008   Code   RO          674    .text.HAL_CAN_WakeUpFromRxMsgCallback  stm32f4xx_hal_can.o
    0x08002b30   0x08002b30   0x00000040   Code   RO         1129    .text.HAL_CRC_Init  stm32f4xx_hal_crc.o
    0x08002b70   0x08002b70   0x0000003e   Code   RO           77    .text.HAL_CRC_MspInit  crc.o
    0x08002bae   0x08002bae   0x00000002   PAD
    0x08002bb0   0x08002bb0   0x000000ec   Code   RO          879    .text.HAL_DMA_Abort  stm32f4xx_hal_dma.o
    0x08002c9c   0x08002c9c   0x00000044   Code   RO          881    .text.HAL_DMA_Abort_IT  stm32f4xx_hal_dma.o
    0x08002ce0   0x08002ce0   0x0000031e   Code   RO          885    .text.HAL_DMA_IRQHandler  stm32f4xx_hal_dma.o
    0x08002ffe   0x08002ffe   0x00000002   PAD
    0x08003000   0x08003000   0x0000016e   Code   RO          865    .text.HAL_DMA_Init  stm32f4xx_hal_dma.o
    0x0800316e   0x0800316e   0x00000002   PAD
    0x08003170   0x08003170   0x00000042   Code   RO         1060    .text.HAL_Delay     stm32f4xx_hal.o
    0x080031b2   0x080031b2   0x00000002   PAD
    0x080031b4   0x080031b4   0x0000000a   Code   RO          841    .text.HAL_GPIO_EXTI_Callback  stm32f4xx_hal_gpio.o
    0x080031be   0x080031be   0x00000002   PAD
    0x080031c0   0x080031c0   0x00000038   Code   RO          839    .text.HAL_GPIO_EXTI_IRQHandler  stm32f4xx_hal_gpio.o
    0x080031f8   0x080031f8   0x000003b6   Code   RO          827    .text.HAL_GPIO_Init  stm32f4xx_hal_gpio.o
    0x080035ae   0x080035ae   0x00000002   PAD
    0x080035b0   0x080035b0   0x0000002e   Code   RO          833    .text.HAL_GPIO_WritePin  stm32f4xx_hal_gpio.o
    0x080035de   0x080035de   0x00000002   PAD
    0x080035e0   0x080035e0   0x0000000c   Code   RO         1052    .text.HAL_GetTick   stm32f4xx_hal.o
    0x080035ec   0x080035ec   0x000002a4   Code   RO         1150    .text.HAL_I2C_Init  stm32f4xx_hal_i2c.o
    0x08003890   0x08003890   0x000000e6   Code   RO           99    .text.HAL_I2C_MspInit  i2c.o
    0x08003976   0x08003976   0x00000002   PAD
    0x08003978   0x08003978   0x0000001a   Code   RO         1050    .text.HAL_IncTick   stm32f4xx_hal.o
    0x08003992   0x08003992   0x00000002   PAD
    0x08003994   0x08003994   0x00000036   Code   RO         1040    .text.HAL_Init      stm32f4xx_hal.o
    0x080039ca   0x080039ca   0x00000002   PAD
    0x080039cc   0x080039cc   0x000000f0   Code   RO          262    .text.HAL_InitTick  stm32f4xx_hal_timebase_tim.o
    0x08003abc   0x08003abc   0x00000058   Code   RO          254    .text.HAL_MspInit   stm32f4xx_hal_msp.o
    0x08003b14   0x08003b14   0x00000014   Code   RO          975    .text.HAL_NVIC_EnableIRQ  stm32f4xx_hal_cortex.o
    0x08003b28   0x08003b28   0x00000032   Code   RO          967    .text.HAL_NVIC_SetPriority  stm32f4xx_hal_cortex.o
    0x08003b5a   0x08003b5a   0x00000002   PAD
    0x08003b5c   0x08003b5c   0x00000010   Code   RO          963    .text.HAL_NVIC_SetPriorityGrouping  stm32f4xx_hal_cortex.o
    0x08003b6c   0x08003b6c   0x0000000c   Code   RO         1657    .text.HAL_PCDEx_LPM_Callback  stm32f4xx_hal_pcd_ex.o
    0x08003b78   0x08003b78   0x00000008   Code   RO         1606    .text.HAL_PCD_ConnectCallback  stm32f4xx_hal_pcd.o
    0x08003b80   0x08003b80   0x0000000c   Code   RO         1590    .text.HAL_PCD_DataInStageCallback  stm32f4xx_hal_pcd.o
    0x08003b8c   0x08003b8c   0x0000000c   Code   RO         1612    .text.HAL_PCD_DataOutStageCallback  stm32f4xx_hal_pcd.o
    0x08003b98   0x08003b98   0x00000008   Code   RO         1608    .text.HAL_PCD_DisconnectCallback  stm32f4xx_hal_pcd.o
    0x08003ba0   0x08003ba0   0x0000005e   Code   RO         1604    .text.HAL_PCD_EP_Abort  stm32f4xx_hal_pcd.o
    0x08003bfe   0x08003bfe   0x00000002   PAD
    0x08003c00   0x08003c00   0x0000083a   Code   RO         1582    .text.HAL_PCD_IRQHandler  stm32f4xx_hal_pcd.o
    0x0800443a   0x0800443a   0x00000002   PAD
    0x0800443c   0x0800443c   0x0000000c   Code   RO         1592    .text.HAL_PCD_ISOINIncompleteCallback  stm32f4xx_hal_pcd.o
    0x08004448   0x08004448   0x0000000c   Code   RO         1588    .text.HAL_PCD_ISOOUTIncompleteCallback  stm32f4xx_hal_pcd.o
    0x08004454   0x08004454   0x00000242   Code   RO         1570    .text.HAL_PCD_Init  stm32f4xx_hal_pcd.o
    0x08004696   0x08004696   0x00000002   PAD
    0x08004698   0x08004698   0x000000b0   Code   RO          179    .text.HAL_PCD_MspInit  usb_otg.o
    0x08004748   0x08004748   0x00000008   Code   RO         1600    .text.HAL_PCD_ResetCallback  stm32f4xx_hal_pcd.o
    0x08004750   0x08004750   0x00000008   Code   RO         1596    .text.HAL_PCD_ResumeCallback  stm32f4xx_hal_pcd.o
    0x08004758   0x08004758   0x00000008   Code   RO         1602    .text.HAL_PCD_SOFCallback  stm32f4xx_hal_pcd.o
    0x08004760   0x08004760   0x00000008   Code   RO         1614    .text.HAL_PCD_SetupStageCallback  stm32f4xx_hal_pcd.o
    0x08004768   0x08004768   0x00000008   Code   RO         1598    .text.HAL_PCD_SuspendCallback  stm32f4xx_hal_pcd.o
    0x08004770   0x08004770   0x00000262   Code   RO          695    .text.HAL_RCC_ClockConfig  stm32f4xx_hal_rcc.o
    0x080049d2   0x080049d2   0x00000002   PAD
    0x080049d4   0x080049d4   0x00000054   Code   RO          713    .text.HAL_RCC_GetClockConfig  stm32f4xx_hal_rcc.o
    0x08004a28   0x08004a28   0x0000000c   Code   RO          705    .text.HAL_RCC_GetHCLKFreq  stm32f4xx_hal_rcc.o
    0x08004a34   0x08004a34   0x00000022   Code   RO          707    .text.HAL_RCC_GetPCLK1Freq  stm32f4xx_hal_rcc.o
    0x08004a56   0x08004a56   0x00000002   PAD
    0x08004a58   0x08004a58   0x00000022   Code   RO          709    .text.HAL_RCC_GetPCLK2Freq  stm32f4xx_hal_rcc.o
    0x08004a7a   0x08004a7a   0x00000002   PAD
    0x08004a7c   0x08004a7c   0x000000e6   Code   RO          697    .text.HAL_RCC_GetSysClockFreq  stm32f4xx_hal_rcc.o
    0x08004b62   0x08004b62   0x00000002   PAD
    0x08004b64   0x08004b64   0x000006be   Code   RO          693    .text.HAL_RCC_OscConfig  stm32f4xx_hal_rcc.o
    0x08005222   0x08005222   0x00000002   PAD
    0x08005224   0x08005224   0x00000102   Code   RO         1322    .text.HAL_SPI_Init  stm32f4xx_hal_spi.o
    0x08005326   0x08005326   0x00000002   PAD
    0x08005328   0x08005328   0x000001c2   Code   RO          113    .text.HAL_SPI_MspInit  spi.o
    0x080054ea   0x080054ea   0x00000002   PAD
    0x080054ec   0x080054ec   0x00000008   Code   RO          599    .text.HAL_TIMEx_BreakCallback  stm32f4xx_hal_tim_ex.o
    0x080054f4   0x080054f4   0x00000008   Code   RO          595    .text.HAL_TIMEx_CommutCallback  stm32f4xx_hal_tim_ex.o
    0x080054fc   0x080054fc   0x000000b2   Code   RO          591    .text.HAL_TIMEx_ConfigBreakDeadTime  stm32f4xx_hal_tim_ex.o
    0x080055ae   0x080055ae   0x00000002   PAD
    0x080055b0   0x080055b0   0x00000122   Code   RO          589    .text.HAL_TIMEx_MasterConfigSynchronization  stm32f4xx_hal_tim_ex.o
    0x080056d2   0x080056d2   0x00000002   PAD
    0x080056d4   0x080056d4   0x0000009c   Code   RO          276    .text.HAL_TIM_Base_Init  stm32f4xx_hal_tim.o
    0x08005770   0x08005770   0x0000017e   Code   RO          137    .text.HAL_TIM_Base_MspInit  tim.o
    0x080058ee   0x080058ee   0x00000002   PAD
    0x080058f0   0x080058f0   0x000000f6   Code   RO          290    .text.HAL_TIM_Base_Start_IT  stm32f4xx_hal_tim.o
    0x080059e6   0x080059e6   0x00000002   PAD
    0x080059e8   0x080059e8   0x00000184   Code   RO          468    .text.HAL_TIM_ConfigClockSource  stm32f4xx_hal_tim.o
    0x08005b6c   0x08005b6c   0x00000008   Code   RO          412    .text.HAL_TIM_IC_CaptureCallback  stm32f4xx_hal_tim.o
    0x08005b74   0x08005b74   0x0000021a   Code   RO          410    .text.HAL_TIM_IRQHandler  stm32f4xx_hal_tim.o
    0x08005d8e   0x08005d8e   0x00000002   PAD
    0x08005d90   0x08005d90   0x0000006c   Code   RO          129    .text.HAL_TIM_MspPostInit  tim.o
    0x08005dfc   0x08005dfc   0x00000008   Code   RO          414    .text.HAL_TIM_OC_DelayElapsedCallback  stm32f4xx_hal_tim.o
    0x08005e04   0x08005e04   0x00000142   Code   RO          442    .text.HAL_TIM_PWM_ConfigChannel  stm32f4xx_hal_tim.o
    0x08005f46   0x08005f46   0x00000002   PAD
    0x08005f48   0x08005f48   0x0000009c   Code   RO          330    .text.HAL_TIM_PWM_Init  stm32f4xx_hal_tim.o
    0x08005fe4   0x08005fe4   0x00000008   Code   RO          332    .text.HAL_TIM_PWM_MspInit  stm32f4xx_hal_tim.o
    0x08005fec   0x08005fec   0x00000008   Code   RO          416    .text.HAL_TIM_PWM_PulseFinishedCallback  stm32f4xx_hal_tim.o
    0x08005ff4   0x08005ff4   0x00000022   Code   RO           17    .text.HAL_TIM_PeriodElapsedCallback  main.o
    0x08006016   0x08006016   0x00000002   PAD
    0x08006018   0x08006018   0x00000008   Code   RO          420    .text.HAL_TIM_TriggerCallback  stm32f4xx_hal_tim.o
    0x08006020   0x08006020   0x0000000c   Code   RO         1531    .text.HAL_UARTEx_RxEventCallback  stm32f4xx_hal_uart.o
    0x0800602c   0x0800602c   0x00000008   Code   RO         1529    .text.HAL_UART_ErrorCallback  stm32f4xx_hal_uart.o
    0x08006034   0x08006034   0x0000045c   Code   RO         1523    .text.HAL_UART_IRQHandler  stm32f4xx_hal_uart.o
    0x08006490   0x08006490   0x0000009e   Code   RO         1439    .text.HAL_UART_Init  stm32f4xx_hal_uart.o
    0x0800652e   0x0800652e   0x00000002   PAD
    0x08006530   0x08006530   0x000003d0   Code   RO          158    .text.HAL_UART_MspInit  usart.o
    0x08006900   0x08006900   0x00000056   Code   RO         1463    .text.HAL_UART_Receive_IT  stm32f4xx_hal_uart.o
    0x08006956   0x08006956   0x00000002   PAD
    0x08006958   0x08006958   0x00000010   Code   RO         2470    .text.HAL_UART_RxCpltCallback  bsp_uart.o
    0x08006968   0x08006968   0x00000008   Code   RO         1537    .text.HAL_UART_TxCpltCallback  stm32f4xx_hal_uart.o
    0x08006970   0x08006970   0x00000004   Code   RO          193    .text.HardFault_Handler  stm32f4xx_it.o
    0x08006974   0x08006974   0x0000004e   Code   RO           57    .text.MX_CAN1_Init  can.o
    0x080069c2   0x080069c2   0x00000002   PAD
    0x080069c4   0x080069c4   0x0000004e   Code   RO           59    .text.MX_CAN2_Init  can.o
    0x08006a12   0x08006a12   0x00000002   PAD
    0x08006a14   0x08006a14   0x00000024   Code   RO           75    .text.MX_CRC_Init   crc.o
    0x08006a38   0x08006a38   0x000000ce   Code   RO           89    .text.MX_DMA_Init   dma.o
    0x08006b06   0x08006b06   0x00000002   PAD
    0x08006b08   0x08006b08   0x00000086   Code   RO           37    .text.MX_FREERTOS_Init  freertos.o
    0x08006b8e   0x08006b8e   0x00000002   PAD
    0x08006b90   0x08006b90   0x000002ac   Code   RO           27    .text.MX_GPIO_Init  gpio.o
    0x08006e3c   0x08006e3c   0x00000048   Code   RO           97    .text.MX_I2C3_Init  i2c.o
    0x08006e84   0x08006e84   0x00000052   Code   RO          111    .text.MX_SPI1_Init  spi.o
    0x08006ed6   0x08006ed6   0x00000002   PAD
    0x08006ed8   0x08006ed8   0x00000034   Code   RO          133    .text.MX_TIM10_Init  tim.o
    0x08006f0c   0x08006f0c   0x00000038   Code   RO          135    .text.MX_TIM13_Init  tim.o
    0x08006f44   0x08006f44   0x00000120   Code   RO          127    .text.MX_TIM1_Init  tim.o
    0x08007064   0x08007064   0x00000086   Code   RO          131    .text.MX_TIM4_Init  tim.o
    0x080070ea   0x080070ea   0x00000002   PAD
    0x080070ec   0x080070ec   0x00000040   Code   RO          152    .text.MX_USART1_UART_Init  usart.o
    0x0800712c   0x0800712c   0x00000048   Code   RO          154    .text.MX_USART3_UART_Init  usart.o
    0x08007174   0x08007174   0x00000040   Code   RO          156    .text.MX_USART6_UART_Init  usart.o
    0x080071b4   0x080071b4   0x0000003e   Code   RO          177    .text.MX_USB_OTG_FS_PCD_Init  usb_otg.o
    0x080071f2   0x080071f2   0x00000002   PAD
    0x080071f4   0x080071f4   0x00000004   Code   RO          195    .text.MemManage_Handler  stm32f4xx_it.o
    0x080071f8   0x080071f8   0x000000b0   Code   RO         2685    .text.Motor_DM_Register  dev_motor_dm.o
    0x080072a8   0x080072a8   0x00000096   Code   RO         2652    .text.Motor_Dji_Control  dev_motor_dji.o
    0x0800733e   0x0800733e   0x00000002   PAD
    0x08007340   0x08007340   0x00000208   Code   RO         2650    .text.Motor_Dji_Decode  dev_motor_dji.o
    0x08007548   0x08007548   0x0000010c   Code   RO         2660    .text.Motor_Dji_Grouping  dev_motor_dji.o
    0x08007654   0x08007654   0x000000ee   Code   RO         2648    .text.Motor_Dji_Register  dev_motor_dji.o
    0x08007742   0x08007742   0x00000002   PAD
    0x08007744   0x08007744   0x0000004e   Code   RO         2658    .text.Motor_Dji_Transmit  dev_motor_dji.o
    0x08007792   0x08007792   0x00000002   PAD
    0x08007794   0x08007794   0x0000005a   Code   RO         2689    .text.Motor_Dm_Cmd  dev_motor_dm.o
    0x080077ee   0x080077ee   0x00000002   PAD
    0x080077f0   0x080077f0   0x000000bc   Code   RO         2695    .text.Motor_Dm_Control  dev_motor_dm.o
    0x080078ac   0x080078ac   0x000000e6   Code   RO         2687    .text.Motor_Dm_Decode  dev_motor_dm.o
    0x08007992   0x08007992   0x00000002   PAD
    0x08007994   0x08007994   0x00000150   Code   RO         2691    .text.Motor_Dm_Mit_Control  dev_motor_dm.o
    0x08007ae4   0x08007ae4   0x00000032   Code   RO         2699    .text.Motor_Dm_Transmit  dev_motor_dm.o
    0x08007b16   0x08007b16   0x00000002   PAD
    0x08007b18   0x08007b18   0x00000004   Code   RO          191    .text.NMI_Handler   stm32f4xx_it.o
    0x08007b1c   0x08007b1c   0x0000006c   Code   RO          973    .text.NVIC_EncodePriority  stm32f4xx_hal_cortex.o
    0x08007b88   0x08007b88   0x00000010   Code   RO          237    .text.OTG_FS_IRQHandler  stm32f4xx_it.o
    0x08007b98   0x08007b98   0x0000008a   Code   RO         1586    .text.PCD_EP_OutSetupPacket_int  stm32f4xx_hal_pcd.o
    0x08007c22   0x08007c22   0x00000002   PAD
    0x08007c24   0x08007c24   0x000001c8   Code   RO         1584    .text.PCD_EP_OutXfrComplete_int  stm32f4xx_hal_pcd.o
    0x08007dec   0x08007dec   0x00000132   Code   RO         1594    .text.PCD_WriteEmptyTxFifo  stm32f4xx_hal_pcd.o
    0x08007f1e   0x08007f1e   0x00000002   PAD
    0x08007f20   0x08007f20   0x00000064   Code   RO         2264    .text.PendSV_Handler  port.o
    0x08007f84   0x08007f84   0x00000004   PAD
    0x08007f88   0x08007f88   0x000002a0   Code   RO         2518    .text.Pid_Calculate  alg_pid.o
    0x08008228   0x08008228   0x00000050   Code   RO         2522    .text.Pid_Limit     alg_pid.o
    0x08008278   0x08008278   0x00000084   Code   RO         2520    .text.Pid_Protect   alg_pid.o
    0x080082fc   0x080082fc   0x000000fc   Code   RO         2516    .text.Pid_Register  alg_pid.o
    0x080083f8   0x080083f8   0x0000004e   Code   RO         2334    .text.SEGGER_RTT_Write  segger_rtt.o
    0x08008446   0x08008446   0x00000002   PAD
    0x08008448   0x08008448   0x000000b0   Code   RO         2330    .text.SEGGER_RTT_WriteNoLock  segger_rtt.o
    0x080084f8   0x080084f8   0x0000002a   Code   RO         2409    .text.SEGGER_RTT_printf  segger_rtt_printf.o
    0x08008522   0x08008522   0x00000002   PAD
    0x08008524   0x08008524   0x0000039c   Code   RO         2401    .text.SEGGER_RTT_vprintf  segger_rtt_printf.o
    0x080088c0   0x080088c0   0x00000024   Code   RO         2248    .text.SVC_Handler   port.o
    0x080088e4   0x080088e4   0x00000010   Code   RO           39    .text.StartDefaultTask  freertos.o
    0x080088f4   0x080088f4   0x0000003c   Code   RO         2266    .text.SysTick_Handler  port.o
    0x08008930   0x08008930   0x000000bc   Code   RO           13    .text.SystemClock_Config  main.o
    0x080089ec   0x080089ec   0x00000012   Code   RO         1773    .text.SystemInit    system_stm32f4xx.o
    0x080089fe   0x080089fe   0x00000002   PAD
    0x08008a00   0x08008a00   0x0000001c   Code   RO          217    .text.TIM1_UP_TIM10_IRQHandler  stm32f4xx_it.o
    0x08008a1c   0x08008a1c   0x00000010   Code   RO          219    .text.TIM4_IRQHandler  stm32f4xx_it.o
    0x08008a2c   0x08008a2c   0x00000010   Code   RO          227    .text.TIM6_DAC_IRQHandler  stm32f4xx_it.o
    0x08008a3c   0x08008a3c   0x00000010   Code   RO          225    .text.TIM8_UP_TIM13_IRQHandler  stm32f4xx_it.o
    0x08008a4c   0x08008a4c   0x000001a4   Code   RO          280    .text.TIM_Base_SetConfig  stm32f4xx_hal_tim.o
    0x08008bf0   0x08008bf0   0x00000034   Code   RO          466    .text.TIM_ETR_SetConfig  stm32f4xx_hal_tim.o
    0x08008c24   0x08008c24   0x0000002a   Code   RO          472    .text.TIM_ITRx_SetConfig  stm32f4xx_hal_tim.o
    0x08008c4e   0x08008c4e   0x00000002   PAD
    0x08008c50   0x08008c50   0x000000ea   Code   RO          424    .text.TIM_OC1_SetConfig  stm32f4xx_hal_tim.o
    0x08008d3a   0x08008d3a   0x00000002   PAD
    0x08008d3c   0x08008d3c   0x000000f4   Code   RO          426    .text.TIM_OC2_SetConfig  stm32f4xx_hal_tim.o
    0x08008e30   0x08008e30   0x000000f2   Code   RO          428    .text.TIM_OC3_SetConfig  stm32f4xx_hal_tim.o
    0x08008f22   0x08008f22   0x00000002   PAD
    0x08008f24   0x08008f24   0x000000a4   Code   RO          430    .text.TIM_OC4_SetConfig  stm32f4xx_hal_tim.o
    0x08008fc8   0x08008fc8   0x00000050   Code   RO          470    .text.TIM_TI1_ConfigInputStage  stm32f4xx_hal_tim.o
    0x08009018   0x08009018   0x00000052   Code   RO          474    .text.TIM_TI2_ConfigInputStage  stm32f4xx_hal_tim.o
    0x0800906a   0x0800906a   0x00000002   PAD
    0x0800906c   0x0800906c   0x0000001c   Code   RO         1527    .text.UART_DMAAbortOnError  stm32f4xx_hal_uart.o
    0x08009088   0x08009088   0x00000094   Code   RO         1487    .text.UART_EndRxTransfer  stm32f4xx_hal_uart.o
    0x0800911c   0x0800911c   0x00000026   Code   RO         1535    .text.UART_EndTransmit_IT  stm32f4xx_hal_uart.o
    0x08009142   0x08009142   0x00000002   PAD
    0x08009144   0x08009144   0x00000168   Code   RO         1525    .text.UART_Receive_IT  stm32f4xx_hal_uart.o
    0x080092ac   0x080092ac   0x0000013a   Code   RO         1443    .text.UART_SetConfig  stm32f4xx_hal_uart.o
    0x080093e6   0x080093e6   0x00000002   PAD
    0x080093e8   0x080093e8   0x00000062   Code   RO         1465    .text.UART_Start_Receive_IT  stm32f4xx_hal_uart.o
    0x0800944a   0x0800944a   0x00000002   PAD
    0x0800944c   0x0800944c   0x00000094   Code   RO         1533    .text.UART_Transmit_IT  stm32f4xx_hal_uart.o
    0x080094e0   0x080094e0   0x00000010   Code   RO          221    .text.USART1_IRQHandler  stm32f4xx_it.o
    0x080094f0   0x080094f0   0x00000010   Code   RO          223    .text.USART3_IRQHandler  stm32f4xx_it.o
    0x08009500   0x08009500   0x00000010   Code   RO          245    .text.USART6_IRQHandler  stm32f4xx_it.o
    0x08009510   0x08009510   0x0000002c   Code   RO         1734    .text.USB_ActivateSetup  stm32f4xx_ll_usb.o
    0x0800953c   0x0800953c   0x000000d6   Code   RO         1668    .text.USB_CoreInit  stm32f4xx_ll_usb.o
    0x08009612   0x08009612   0x00000002   PAD
    0x08009614   0x08009614   0x00000088   Code   RO         1670    .text.USB_CoreReset  stm32f4xx_ll_usb.o
    0x0800969c   0x0800969c   0x0000002a   Code   RO         1718    .text.USB_DevDisconnect  stm32f4xx_ll_usb.o
    0x080096c6   0x080096c6   0x00000002   PAD
    0x080096c8   0x080096c8   0x0000029a   Code   RO         1682    .text.USB_DevInit   stm32f4xx_ll_usb.o
    0x08009962   0x08009962   0x00000002   PAD
    0x08009964   0x08009964   0x00000014   Code   RO         1676    .text.USB_DisableGlobalInt  stm32f4xx_ll_usb.o
    0x08009978   0x08009978   0x0000009e   Code   RO         1736    .text.USB_EP0_OutStart  stm32f4xx_ll_usb.o
    0x08009a16   0x08009a16   0x00000002   PAD
    0x08009a18   0x08009a18   0x0000011c   Code   RO         1704    .text.USB_EPStopXfer  stm32f4xx_ll_usb.o
    0x08009b34   0x08009b34   0x00000074   Code   RO         1688    .text.USB_FlushRxFifo  stm32f4xx_ll_usb.o
    0x08009ba8   0x08009ba8   0x0000007a   Code   RO         1686    .text.USB_FlushTxFifo  stm32f4xx_ll_usb.o
    0x08009c22   0x08009c22   0x00000002   PAD
    0x08009c24   0x08009c24   0x0000004c   Code   RO         1690    .text.USB_GetDevSpeed  stm32f4xx_ll_usb.o
    0x08009c70   0x08009c70   0x00000010   Code   RO         1680    .text.USB_GetMode   stm32f4xx_ll_usb.o
    0x08009c80   0x08009c80   0x00000024   Code   RO         1726    .text.USB_ReadDevAllInEpInterrupt  stm32f4xx_ll_usb.o
    0x08009ca4   0x08009ca4   0x00000024   Code   RO         1724    .text.USB_ReadDevAllOutEpInterrupt  stm32f4xx_ll_usb.o
    0x08009cc8   0x08009cc8   0x0000004e   Code   RO         1730    .text.USB_ReadDevInEPInterrupt  stm32f4xx_ll_usb.o
    0x08009d16   0x08009d16   0x00000002   PAD
    0x08009d18   0x08009d18   0x0000002e   Code   RO         1728    .text.USB_ReadDevOutEPInterrupt  stm32f4xx_ll_usb.o
    0x08009d46   0x08009d46   0x00000002   PAD
    0x08009d48   0x08009d48   0x0000001a   Code   RO         1720    .text.USB_ReadInterrupts  stm32f4xx_ll_usb.o
    0x08009d62   0x08009d62   0x00000002   PAD
    0x08009d64   0x08009d64   0x000000b4   Code   RO         1706    .text.USB_ReadPacket  stm32f4xx_ll_usb.o
    0x08009e18   0x08009e18   0x000000de   Code   RO         1678    .text.USB_SetCurrentMode  stm32f4xx_ll_usb.o
    0x08009ef6   0x08009ef6   0x00000002   PAD
    0x08009ef8   0x08009ef8   0x00000022   Code   RO         1684    .text.USB_SetDevSpeed  stm32f4xx_ll_usb.o
    0x08009f1a   0x08009f1a   0x00000002   PAD
    0x08009f1c   0x08009f1c   0x000001ba   Code   RO         1672    .text.USB_SetTurnaroundTime  stm32f4xx_ll_usb.o
    0x0800a0d6   0x0800a0d6   0x00000002   PAD
    0x0800a0d8   0x0800a0d8   0x00000082   Code   RO         1702    .text.USB_WritePacket  stm32f4xx_ll_usb.o
    0x0800a15a   0x0800a15a   0x00000002   PAD
    0x0800a15c   0x0800a15c   0x000000a6   Code   RO         2438    .text.USER_CAN_RxFifo0MsgPendingCallback  bsp_can.o
    0x0800a202   0x0800a202   0x00000002   PAD
    0x0800a204   0x0800a204   0x0000020e   Code   RO         2472    .text.Uart_RxCallback  bsp_uart.o
    0x0800a412   0x0800a412   0x00000002   PAD
    0x0800a414   0x0800a414   0x00000004   Code   RO          199    .text.UsageFault_Handler  stm32f4xx_it.o
    0x0800a418   0x0800a418   0x000000a4   Code   RO         2312    .text._DoInit       segger_rtt.o
    0x0800a4bc   0x0800a4bc   0x0000003e   Code   RO         2324    .text._GetAvailWriteSpace  segger_rtt.o
    0x0800a4fa   0x0800a4fa   0x00000002   PAD
    0x0800a4fc   0x0800a4fc   0x000001cc   Code   RO         2405    .text._PrintInt     segger_rtt_printf.o
    0x0800a6c8   0x0800a6c8   0x000001ac   Code   RO         2407    .text._PrintUnsigned  segger_rtt_printf.o
    0x0800a874   0x0800a874   0x00000076   Code   RO         2403    .text._StoreChar    segger_rtt_printf.o
    0x0800a8ea   0x0800a8ea   0x00000002   PAD
    0x0800a8ec   0x0800a8ec   0x000000e4   Code   RO         2328    .text._WriteBlocking  segger_rtt.o
    0x0800a9d0   0x0800a9d0   0x0000008c   Code   RO         2326    .text._WriteNoCheck  segger_rtt.o
    0x0800aa5c   0x0800aa5c   0x00000030   Code   RO          977    .text.__NVIC_EnableIRQ  stm32f4xx_hal_cortex.o
    0x0800aa8c   0x0800aa8c   0x00000010   Code   RO          969    .text.__NVIC_GetPriorityGrouping  stm32f4xx_hal_cortex.o
    0x0800aa9c   0x0800aa9c   0x00000042   Code   RO          971    .text.__NVIC_SetPriority  stm32f4xx_hal_cortex.o
    0x0800aade   0x0800aade   0x00000002   PAD
    0x0800aae0   0x0800aae0   0x0000003c   Code   RO          965    .text.__NVIC_SetPriorityGrouping  stm32f4xx_hal_cortex.o
    0x0800ab1c   0x0800ab1c   0x00000004   PAD
    0x0800ab20   0x0800ab20   0x00000230   Code   RO         2289    .text.data_unpack   chassis_fun.o
    0x0800ad50   0x0800ad50   0x00000058   Code   RO         2693    .text.float_to_uint  dev_motor_dm.o
    0x0800ada8   0x0800ada8   0x00000058   Code   RO           11    .text.main          main.o
    0x0800ae00   0x0800ae00   0x00000028   Code   RO         2103    .text.makeFreeRtosPriority  cmsis_os.o
    0x0800ae28   0x0800ae28   0x00000028   Code   RO         2117    .text.osDelay       cmsis_os.o
    0x0800ae50   0x0800ae50   0x0000000a   Code   RO         2093    .text.osKernelStart  cmsis_os.o
    0x0800ae5a   0x0800ae5a   0x00000002   PAD
    0x0800ae5c   0x0800ae5c   0x000000ac   Code   RO         2101    .text.osThreadCreate  cmsis_os.o
    0x0800af08   0x0800af08   0x000000f4   Code   RO         1971    .text.prvAddCurrentTaskToDelayedList  tasks.o
    0x0800affc   0x0800affc   0x00000110   Code   RO         1957    .text.prvAddNewTaskToReadyList  tasks.o
    0x0800b10c   0x0800b10c   0x0000005a   Code   RO         2061    .text.prvCheckTasksWaitingTermination  tasks.o
    0x0800b166   0x0800b166   0x00000002   PAD
    0x0800b168   0x0800b168   0x0000005e   Code   RO         1963    .text.prvDeleteTCB  tasks.o
    0x0800b1c6   0x0800b1c6   0x00000002   PAD
    0x0800b1c8   0x0800b1c8   0x000000bc   Code   RO         2215    .text.prvHeapInit   heap_4.o
    0x0800b284   0x0800b284   0x00000038   Code   RO         1995    .text.prvIdleTask   tasks.o
    0x0800b2bc   0x0800b2bc   0x00000114   Code   RO         1955    .text.prvInitialiseNewTask  tasks.o
    0x0800b3d0   0x0800b3d0   0x0000008e   Code   RO         2059    .text.prvInitialiseTaskLists  tasks.o
    0x0800b45e   0x0800b45e   0x00000002   PAD
    0x0800b460   0x0800b460   0x000000c6   Code   RO         2217    .text.prvInsertBlockIntoFreeList  heap_4.o
    0x0800b526   0x0800b526   0x00000002   PAD
    0x0800b528   0x0800b528   0x00000028   Code   RO         2256    .text.prvPortStartFirstTask  port.o
    0x0800b550   0x0800b550   0x00000046   Code   RO         1965    .text.prvResetNextTaskUnblockTime  tasks.o
    0x0800b596   0x0800b596   0x00000002   PAD
    0x0800b598   0x0800b598   0x0000004c   Code   RO         2246    .text.prvTaskExitError  port.o
    0x0800b5e4   0x0800b5e4   0x000001ec   Code   RO         2213    .text.pvPortMalloc  heap_4.o
    0x0800b7d0   0x0800b7d0   0x0000005e   Code   RO         2244    .text.pxPortInitialiseStack  port.o
    0x0800b82e   0x0800b82e   0x00000002   PAD
    0x0800b830   0x0800b830   0x00000052   Code   RO         2701    .text.uint_to_float  dev_motor_dm.o
    0x0800b882   0x0800b882   0x00000002   PAD
    0x0800b884   0x0800b884   0x00000048   Code   RO         1825    .text.uxListRemove  list.o
    0x0800b8cc   0x0800b8cc   0x0000002a   Code   RO           35    .text.vApplicationGetIdleTaskMemory  freertos.o
    0x0800b8f6   0x0800b8f6   0x00000002   PAD
    0x0800b8f8   0x0800b8f8   0x0000002e   Code   RO         1817    .text.vListInitialise  list.o
    0x0800b926   0x0800b926   0x00000002   PAD
    0x0800b928   0x0800b928   0x0000000e   Code   RO         1819    .text.vListInitialiseItem  list.o
    0x0800b936   0x0800b936   0x00000002   PAD
    0x0800b938   0x0800b938   0x0000006a   Code   RO         1823    .text.vListInsert   list.o
    0x0800b9a2   0x0800b9a2   0x00000002   PAD
    0x0800b9a4   0x0800b9a4   0x0000003a   Code   RO         1821    .text.vListInsertEnd  list.o
    0x0800b9de   0x0800b9de   0x00000002   PAD
    0x0800b9e0   0x0800b9e0   0x00000014   Code   RO         2254    .text.vPortEnableVFP  port.o
    0x0800b9f4   0x0800b9f4   0x00000056   Code   RO         2260    .text.vPortEnterCritical  port.o
    0x0800ba4a   0x0800ba4a   0x00000002   PAD
    0x0800ba4c   0x0800ba4c   0x0000004a   Code   RO         2262    .text.vPortExitCritical  port.o
    0x0800ba96   0x0800ba96   0x00000002   PAD
    0x0800ba98   0x0800ba98   0x000000ce   Code   RO         2219    .text.vPortFree     heap_4.o
    0x0800bb66   0x0800bb66   0x00000002   PAD
    0x0800bb68   0x0800bb68   0x00000044   Code   RO         2252    .text.vPortSetupTimerInterrupt  port.o
    0x0800bbac   0x0800bbac   0x0000006e   Code   RO         1975    .text.vTaskDelay    tasks.o
    0x0800bc1a   0x0800bc1a   0x00000002   PAD
    0x0800bc1c   0x0800bc1c   0x000000ce   Code   RO         1993    .text.vTaskStartScheduler  tasks.o
    0x0800bcea   0x0800bcea   0x00000002   PAD
    0x0800bcec   0x0800bcec   0x00000010   Code   RO         1969    .text.vTaskSuspendAll  tasks.o
    0x0800bcfc   0x0800bcfc   0x000000be   Code   RO         1985    .text.vTaskSwitchContext  tasks.o
    0x0800bdba   0x0800bdba   0x00000002   PAD
    0x0800bdbc   0x0800bdbc   0x00000156   Code   RO         2250    .text.xPortStartScheduler  port.o
    0x0800bf12   0x0800bf12   0x00000002   PAD
    0x0800bf14   0x0800bf14   0x0000009e   Code   RO         1959    .text.xTaskCreate   tasks.o
    0x0800bfb2   0x0800bfb2   0x00000002   PAD
    0x0800bfb4   0x0800bfb4   0x000000ce   Code   RO         1953    .text.xTaskCreateStatic  tasks.o
    0x0800c082   0x0800c082   0x00000002   PAD
    0x0800c084   0x0800c084   0x000001b8   Code   RO         1999    .text.xTaskIncrementTick  tasks.o
    0x0800c23c   0x0800c23c   0x00000178   Code   RO         1973    .text.xTaskResumeAll  tasks.o
    0x0800c3b4   0x0800c3b4   0x00000030   Code   RO         3021    i.__ARM_fpclassify  m_wm.l(fpclassify.o)
    0x0800c3e4   0x0800c3e4   0x00000004   PAD
    0x0800c3e8   0x0800c3e8   0x000000c8   Code   RO         2822    i.__hardfp_cos      m_wm.l(cos.o)
    0x0800c4b0   0x0800c4b0   0x000000c8   Code   RO         2828    i.__hardfp_sin      m_wm.l(sin.o)
    0x0800c578   0x0800c578   0x00000438   Code   RO         2953    i.__ieee754_rem_pio2  m_wm.l(rred.o)
    0x0800c9b0   0x0800c9b0   0x00000170   Code   RO         2936    i.__kernel_cos      m_wm.l(cos_i.o)
    0x0800cb20   0x0800cb20   0x000000f8   Code   RO         3023    i.__kernel_poly     m_wm.l(poly.o)
    0x0800cc18   0x0800cc18   0x00000130   Code   RO         2958    i.__kernel_sin      m_wm.l(sin_i.o)
    0x0800cd48   0x0800cd48   0x00000014   Code   RO         2940    i.__mathlib_dbl_infnan  m_wm.l(dunder.o)
    0x0800cd5c   0x0800cd5c   0x00000004   PAD
    0x0800cd60   0x0800cd60   0x00000020   Code   RO         2942    i.__mathlib_dbl_invalid  m_wm.l(dunder.o)
    0x0800cd80   0x0800cd80   0x00000020   Code   RO         2945    i.__mathlib_dbl_underflow  m_wm.l(dunder.o)
    0x0800cda0   0x0800cda0   0x00000018   Code   RO         3017    i.fabs              m_wm.l(fabs.o)
    0x0800cdb8   0x0800cdb8   0x00000018   Code   RO         2919    x$fpl$basic         fz_wm.l(basic.o)
    0x0800cdd0   0x0800cdd0   0x00000062   Code   RO         2798    x$fpl$d2f           fz_wm.l(d2f.o)
    0x0800ce32   0x0800ce32   0x00000002   PAD
    0x0800ce34   0x0800ce34   0x00000150   Code   RO         2800    x$fpl$dadd          fz_wm.l(daddsub_clz.o)
    0x0800cf84   0x0800cf84   0x00000018   Code   RO         3007    x$fpl$dcmpinf       fz_wm.l(dcmpi.o)
    0x0800cf9c   0x0800cf9c   0x000002b8   Code   RO         2809    x$fpl$ddiv          fz_wm.l(ddiv.o)
    0x0800d254   0x0800d254   0x00000078   Code   RO         2921    x$fpl$deqf          fz_wm.l(deqf.o)
    0x0800d2cc   0x0800d2cc   0x0000005e   Code   RO         3009    x$fpl$dfix          fz_wm.l(dfix.o)
    0x0800d32a   0x0800d32a   0x0000002e   Code   RO         2813    x$fpl$dflt          fz_wm.l(dflt_clz.o)
    0x0800d358   0x0800d358   0x00000026   Code   RO         2812    x$fpl$dfltu         fz_wm.l(dflt_clz.o)
    0x0800d37e   0x0800d37e   0x00000002   PAD
    0x0800d380   0x0800d380   0x00000078   Code   RO         2923    x$fpl$dgeqf         fz_wm.l(dgeqf.o)
    0x0800d3f8   0x0800d3f8   0x00000078   Code   RO         2925    x$fpl$dleqf         fz_wm.l(dleqf.o)
    0x0800d470   0x0800d470   0x00000154   Code   RO         2818    x$fpl$dmul          fz_wm.l(dmul.o)
    0x0800d5c4   0x0800d5c4   0x0000009c   Code   RO         2927    x$fpl$dnaninf       fz_wm.l(dnaninf.o)
    0x0800d660   0x0800d660   0x0000000c   Code   RO         2929    x$fpl$dretinf       fz_wm.l(dretinf.o)
    0x0800d66c   0x0800d66c   0x00000016   Code   RO         2801    x$fpl$drsb          fz_wm.l(daddsub_clz.o)
    0x0800d682   0x0800d682   0x00000002   PAD
    0x0800d684   0x0800d684   0x000001dc   Code   RO         2802    x$fpl$dsub          fz_wm.l(daddsub_clz.o)
    0x0800d860   0x0800d860   0x00000056   Code   RO         2820    x$fpl$f2d           fz_wm.l(f2d.o)
    0x0800d8b6   0x0800d8b6   0x00000054   Code   RO         2806    x$fpl$fcmp          fz_wm.l(dcmp.o)
    0x0800d90a   0x0800d90a   0x0000008c   Code   RO         2931    x$fpl$fnaninf       fz_wm.l(fnaninf.o)
    0x0800d996   0x0800d996   0x0000001a   Code   RO         3013    x$fpl$fpinit        fz_wm.l(fpinit.o)
    0x0800d9b0   0x0800d9b0   0x0000000a   Code   RO         2933    x$fpl$fretinf       fz_wm.l(fretinf.o)
    0x0800d9ba   0x0800d9ba   0x00000000   Code   RO         2935    x$fpl$usenofp       fz_wm.l(usenofp.o)
    0x0800d9ba   0x0800d9ba   0x00000006   PAD
    0x0800d9c0   0x0800d9c0   0x00000030   Data   RO         2937    .constdata          m_wm.l(cos_i.o)
    0x0800d9f0   0x0800d9f0   0x000000cc   Data   RO         2955    .constdata          m_wm.l(rred.o)
    0x0800dabc   0x0800dabc   0x00000004   PAD
    0x0800dac0   0x0800dac0   0x00000028   Data   RO         2959    .constdata          m_wm.l(sin_i.o)
    0x0800dae8   0x0800dae8   0x0000001c   Data   RO           48    .rodata..L__const.MX_FREERTOS_Init.os_thread_def_CHASSIS_TASK  freertos.o
    0x0800db04   0x0800db04   0x0000001c   Data   RO           46    .rodata..L__const.MX_FREERTOS_Init.os_thread_def_defaultTask  freertos.o
    0x0800db20   0x0800db20   0x00000010   Data   RO         1778    .rodata.AHBPrescTable  system_stm32f4xx.o
    0x0800db30   0x0800db30   0x00000008   Data   RO         1779    .rodata.APBPrescTable  system_stm32f4xx.o
    0x0800db38   0x0800db38   0x00000008   Data   RO          895    .rodata.DMA_CalcBaseAndBitshift.flagBitshiftOffset  stm32f4xx_hal_dma.o
    0x0800db40   0x0800db40   0x00000011   Data   RO         2385    .rodata._DoInit._aInitStr  segger_rtt.o
    0x0800db51   0x0800db51   0x00000010   Data   RO         2412    .rodata._PrintUnsigned._aV2C  segger_rtt_printf.o
    0x0800db61   0x0800db61   0x00000019   Data   RO           45    .rodata.str1.1      freertos.o
    0x0800db7a   0x0800db7a   0x00000005   Data   RO         2075    .rodata.str1.1      tasks.o
    0x0800db7f   0x0800db7f   0x00000020   Data   RO         2293    .rodata.str1.1      chassis_fun.o
    0x0800db9f   0x0800db9f   0x00000009   Data   RO         2386    .rodata.str1.1      segger_rtt.o
    0x0800dba8   0x0800dba8   0x00000007   Data   RO         2411    .rodata.str1.1      segger_rtt_printf.o
    0x0800dbaf   0x0800dbaf   0x000004b4   Data   RO         2447    .rodata.str1.1      bsp_can.o
    0x0800e063   0x0800e063   0x00000001   PAD
    0x0800e064   0x0800e064   0x00000020   Data   RO         3117    Region$$Table       anon$$obj.o


    Execution Region RW_IRAM1 (Exec base: 0x20000000, Load base: 0x0800e088, Size: 0x00005c10, Max: 0x0001c000, ABSOLUTE, COMPRESSED[0x000000d8])

    Exec Addr    Load Addr    Size         Type   Attr      Idx    E Section Name        Object

    0x20000000   COMPRESSED   0x00000001   Data   RW         2455    .data.Can_ID_List_Mode_Filter_Init.can2_filter_idx  bsp_can.o
    0x20000001   COMPRESSED   0x00000003   PAD
    0x20000004   COMPRESSED   0x000003e8   Data   RW         2300    .data.Chassis_config  chassis_fun.o
    0x200003ec   COMPRESSED   0x00000004   Data   RW         1777    .data.SystemCoreClock  system_stm32f4xx.o
    0x200003f0   COMPRESSED   0x00000011   Data   RW         2294    .data.board_data_exchange_config  chassis_fun.o
    0x20000401   COMPRESSED   0x00000001   Data   RW         2446    .data.can_init_flag  bsp_can.o
    0x20000402   COMPRESSED   0x00000020   Data   RW         2705    .data.dm_cmd_frame  dev_motor_dm.o
    0x20000422   COMPRESSED   0x00000002   PAD
    0x20000424   COMPRESSED   0x00000090   Data   RW         2296    .data.rammer_motor_config  chassis_fun.o
    0x200004b4   COMPRESSED   0x00000001   Data   RW         1095    .data.uwTickFreq    stm32f4xx_hal.o
    0x200004b5   COMPRESSED   0x00000003   PAD
    0x200004b8   COMPRESSED   0x00000004   Data   RW         1094    .data.uwTickPrio    stm32f4xx_hal.o
    0x200004bc   COMPRESSED   0x00000004   Data   RW         2272    .data.uxCriticalNesting  port.o
    0x200004c0   COMPRESSED   0x00000090   Data   RW         2295    .data.yaw_motor_config  chassis_fun.o
    0x20000550        -       0x00000060   Zero   RW         2966    .bss                c_w.l(libspace.o)
    0x200005b0        -       0x00000024   Zero   RW         2448    .bss.CAN_RxFIFO0Frame  bsp_can.o
    0x200005d4        -       0x00000024   Zero   RW         2453    .bss.CAN_RxFIFO1Frame  bsp_can.o
    0x200005f8        -       0x00000004   Zero   RW           49    .bss.CHASSIS_TASKHandle  freertos.o
    0x200005fc        -       0x00000001   Zero   RW         2454    .bss.Can_ID_List_Mode_Filter_Init.can1_filter_idx  bsp_can.o
    0x200005fd   COMPRESSED   0x00000003   PAD
    0x20000600        -       0x00000004   Zero   RW         2301    .bss.Chassis        chassis_fun.o
    0x20000604        -       0x00000004   Zero   RW           67    .bss.HAL_RCC_CAN1_CLK_ENABLED  can.o
    0x20000608        -       0x000000a8   Zero   RW         2382    .bss._SEGGER_RTT    segger_rtt.o
    0x200006b0        -       0x00000010   Zero   RW         2388    .bss._acDownBuffer  segger_rtt.o
    0x200006c0        -       0x00000400   Zero   RW         2387    .bss._acUpBuffer    segger_rtt.o
    0x20000ac0        -       0x00000004   Zero   RW         2297    .bss.board_data_exchange  chassis_fun.o
    0x20000ac4        -       0x00000020   Zero   RW         2450    .bss.can1_instance  bsp_can.o
    0x20000ae4        -       0x00000020   Zero   RW         2452    .bss.can2_instance  bsp_can.o
    0x20000b04        -       0x00000001   Zero   RW         2456    .bss.can_fifo_select_flag  bsp_can.o
    0x20000b05        -       0x00000001   Zero   RW         2449    .bss.can_idx1       bsp_can.o
    0x20000b06        -       0x00000001   Zero   RW         2451    .bss.can_idx2       bsp_can.o
    0x20000b07   COMPRESSED   0x00000001   PAD
    0x20000b08        -       0x00000004   Zero   RW           47    .bss.defaultTaskHandle  freertos.o
    0x20000b0c        -       0x00000028   Zero   RW           65    .bss.hcan1          can.o
    0x20000b34        -       0x00000028   Zero   RW           66    .bss.hcan2          can.o
    0x20000b5c        -       0x00000008   Zero   RW           81    .bss.hcrc           crc.o
    0x20000b64        -       0x00000060   Zero   RW          118    .bss.hdma_spi1_rx   spi.o
    0x20000bc4        -       0x00000060   Zero   RW          119    .bss.hdma_spi1_tx   spi.o
    0x20000c24        -       0x00000060   Zero   RW          165    .bss.hdma_usart1_rx  usart.o
    0x20000c84        -       0x00000060   Zero   RW          166    .bss.hdma_usart1_tx  usart.o
    0x20000ce4        -       0x00000060   Zero   RW          167    .bss.hdma_usart3_rx  usart.o
    0x20000d44        -       0x00000060   Zero   RW          168    .bss.hdma_usart6_rx  usart.o
    0x20000da4        -       0x00000060   Zero   RW          169    .bss.hdma_usart6_tx  usart.o
    0x20000e04        -       0x00000054   Zero   RW          103    .bss.hi2c3          i2c.o
    0x20000e58        -       0x000004e4   Zero   RW          183    .bss.hpcd_USB_OTG_FS  usb_otg.o
    0x2000133c        -       0x00000058   Zero   RW          117    .bss.hspi1          spi.o
    0x20001394        -       0x00000048   Zero   RW          141    .bss.htim1          tim.o
    0x200013dc        -       0x00000048   Zero   RW          143    .bss.htim10         tim.o
    0x20001424        -       0x00000048   Zero   RW          144    .bss.htim13         tim.o
    0x2000146c        -       0x00000048   Zero   RW          142    .bss.htim4          tim.o
    0x200014b4        -       0x00000048   Zero   RW          268    .bss.htim6          stm32f4xx_hal_timebase_tim.o
    0x200014fc        -       0x00000048   Zero   RW          162    .bss.huart1         usart.o
    0x20001544        -       0x00000048   Zero   RW          163    .bss.huart3         usart.o
    0x2000158c        -       0x00000048   Zero   RW          164    .bss.huart6         usart.o
    0x200015d4        -       0x00000001   Zero   RW         2474    .bss.id             bsp_uart.o
    0x200015d5        -       0x00000001   Zero   RW         2664    .bss.idx            dev_motor_dji.o
    0x200015d6   COMPRESSED   0x00000002   PAD
    0x200015d8        -       0x00000030   Zero   RW         2665    .bss.motor_dji_instances  dev_motor_dji.o
    0x20001608        -       0x00000004   Zero   RW         2063    .bss.pxCurrentTCB   tasks.o
    0x2000160c        -       0x00000004   Zero   RW         2080    .bss.pxDelayedTaskList  tasks.o
    0x20001610        -       0x00000004   Zero   RW         2229    .bss.pxEnd          heap_4.o
    0x20001614        -       0x00000004   Zero   RW         2081    .bss.pxOverflowDelayedTaskList  tasks.o
    0x20001618        -       0x0000008c   Zero   RW         2064    .bss.pxReadyTasksLists  tasks.o
    0x200016a4        -       0x00000004   Zero   RW         2299    .bss.rammer_motor   chassis_fun.o
    0x200016a8        -       0x00000010   Zero   RW         2302    .bss.remote_ctrl    chassis_fun.o
    0x200016b8        -       0x00000004   Zero   RW         2484    .bss.uart10_handle  bsp_uart.o
    0x200016bc        -       0x00000004   Zero   RW         2475    .bss.uart1_handle   bsp_uart.o
    0x200016c0        -       0x00000004   Zero   RW         2478    .bss.uart2_handle   bsp_uart.o
    0x200016c4        -       0x00000004   Zero   RW         2476    .bss.uart3_handle   bsp_uart.o
    0x200016c8        -       0x00000004   Zero   RW         2479    .bss.uart4_handle   bsp_uart.o
    0x200016cc        -       0x00000004   Zero   RW         2480    .bss.uart5_handle   bsp_uart.o
    0x200016d0        -       0x00000004   Zero   RW         2477    .bss.uart6_handle   bsp_uart.o
    0x200016d4        -       0x00000004   Zero   RW         2481    .bss.uart7_handle   bsp_uart.o
    0x200016d8        -       0x00000004   Zero   RW         2482    .bss.uart8_handle   bsp_uart.o
    0x200016dc        -       0x00000004   Zero   RW         2483    .bss.uart9_handle   bsp_uart.o
    0x200016e0        -       0x00000014   Zero   RW         2485    .bss.uart_instance  bsp_uart.o
    0x200016f4        -       0x00003c00   Zero   RW         2236    .bss.ucHeap         heap_4.o
    0x200052f4        -       0x00000001   Zero   RW         2270    .bss.ucMaxSysCallPriority  port.o
    0x200052f5   COMPRESSED   0x00000003   PAD
    0x200052f8        -       0x00000004   Zero   RW         2271    .bss.ulMaxPRIGROUPValue  port.o
    0x200052fc        -       0x00000004   Zero   RW         1096    .bss.uwTick         stm32f4xx_hal.o
    0x20005300        -       0x00000004   Zero   RW         2069    .bss.uxCurrentNumberOfTasks  tasks.o
    0x20005304        -       0x00000004   Zero   RW         2068    .bss.uxDeletedTasksWaitingCleanUp  tasks.o
    0x20005308        -       0x00000004   Zero   RW         2071    .bss.uxSchedulerSuspended  tasks.o
    0x2000530c        -       0x00000004   Zero   RW         2066    .bss.uxTaskNumber   tasks.o
    0x20005310        -       0x00000004   Zero   RW         2065    .bss.uxTopReadyPriority  tasks.o
    0x20005314        -       0x00000004   Zero   RW         2230    .bss.xBlockAllocatedBit  heap_4.o
    0x20005318        -       0x00000014   Zero   RW         2083    .bss.xDelayedTaskList1  tasks.o
    0x2000532c        -       0x00000014   Zero   RW         2084    .bss.xDelayedTaskList2  tasks.o
    0x20005340        -       0x00000004   Zero   RW         2231    .bss.xFreeBytesRemaining  heap_4.o
    0x20005344        -       0x00000200   Zero   RW           44    .bss.xIdleStack     freertos.o
    0x20005544        -       0x00000004   Zero   RW         2076    .bss.xIdleTaskHandle  tasks.o
    0x20005548        -       0x00000054   Zero   RW           43    .bss.xIdleTaskTCBBuffer  freertos.o
    0x2000559c        -       0x00000004   Zero   RW         2233    .bss.xMinimumEverFreeBytesRemaining  heap_4.o
    0x200055a0        -       0x00000004   Zero   RW         2077    .bss.xNextTaskUnblockTime  tasks.o
    0x200055a4        -       0x00000004   Zero   RW         2082    .bss.xNumOfOverflows  tasks.o
    0x200055a8        -       0x00000004   Zero   RW         2234    .bss.xNumberOfSuccessfulAllocations  heap_4.o
    0x200055ac        -       0x00000004   Zero   RW         2235    .bss.xNumberOfSuccessfulFrees  heap_4.o
    0x200055b0        -       0x00000004   Zero   RW         2079    .bss.xPendedTicks   tasks.o
    0x200055b4        -       0x00000014   Zero   RW         2074    .bss.xPendingReadyList  tasks.o
    0x200055c8        -       0x00000004   Zero   RW         2070    .bss.xSchedulerRunning  tasks.o
    0x200055cc        -       0x00000008   Zero   RW         2232    .bss.xStart         heap_4.o
    0x200055d4        -       0x00000014   Zero   RW         2073    .bss.xSuspendedTaskList  tasks.o
    0x200055e8        -       0x00000014   Zero   RW         2067    .bss.xTasksWaitingTermination  tasks.o
    0x200055fc        -       0x00000004   Zero   RW         2072    .bss.xTickCount     tasks.o
    0x20005600        -       0x00000004   Zero   RW         2078    .bss.xYieldPending  tasks.o
    0x20005604        -       0x00000004   Zero   RW         2282    .bss.yaw_angle      chassis_task.o
    0x20005608        -       0x00000004   Zero   RW         2298    .bss.yaw_motor      chassis_fun.o
    0x2000560c   COMPRESSED   0x00000004   PAD
    0x20005610        -       0x00000200   Zero   RW            2    HEAP                startup_stm32f407xx.o
    0x20005810        -       0x00000400   Zero   RW            1    STACK               startup_stm32f407xx.o


    Execution Region RW_IRAM2 (Exec base: 0x2001c000, Load base: 0x0800e160, Size: 0x00000000, Max: 0x00004000, ABSOLUTE)

    **** No section assigned to this execution region ****


==============================================================================

Image component sizes


      Code (inc. data)   RO Data    RW Data    ZI Data      Debug   Object Name

      1618         40          0          0          0       7879   alg_chassis_calc.o
      1136          8          0          0          0       2958   alg_pid.o
      2724          0       1204          2        140       8003   bsp_can.o
       542          0          0          0         61       6029   bsp_uart.o
       544          0          0          0         84       6413   can.o
       678         16         32       1305         32       8199   chassis_fun.o
       900         36          0          0          4        972   chassis_task.o
       262          0          0          0          0      16321   cmsis_os.o
        98          0          0          0          8       2489   crc.o
      1254         16          0          0         49       7226   dev_motor_dji.o
      1352         20          0         32          0       8226   dev_motor_dm.o
       206          0          0          0          0       3315   dma.o
       192          0         81          0        604       2951   freertos.o
       684          0          0          0          0       4208   gpio.o
      1084          0          0          0      15392       4396   heap_4.o
       302          0          0          0         84       5092   i2c.o
       296          0          0          0          0       2199   list.o
       316          0          0          0          0       5690   main.o
       996         16          0          4          5       3806   port.o
       848          0         26          0       1208      13349   segger_rtt.o
      1972         14         23          0          0       3954   segger_rtt_printf.o
       532          0          0          0        280       5103   spi.o
        64         26        392          0       1536        832   startup_stm32f407xx.o
       158          0          0          5          4       7091   stm32f4xx_hal.o
      3276          0          0          0          0      11531   stm32f4xx_hal_can.o
       384          0          0          0          0       9702   stm32f4xx_hal_cortex.o
        64          0          0          0          0       2719   stm32f4xx_hal_crc.o
      1794          8          8          0          0       8480   stm32f4xx_hal_dma.o
      1062          0          0          0          0       5076   stm32f4xx_hal_gpio.o
       676          0          0          0          0      37665   stm32f4xx_hal_i2c.o
        88          0          0          0          0       3336   stm32f4xx_hal_msp.o
      3782          0          0          0          0      14391   stm32f4xx_hal_pcd.o
        12          0          0          0          0       4206   stm32f4xx_hal_pcd_ex.o
      2730          0          0          0          0       7580   stm32f4xx_hal_rcc.o
       258          0          0          0          0      19440   stm32f4xx_hal_spi.o
      3406         14          0          0          0      35985   stm32f4xx_hal_tim.o
       484          0          0          0          0      15316   stm32f4xx_hal_tim_ex.o
       240          0          0          0         72       7078   stm32f4xx_hal_timebase_tim.o
      2522          0          0          0          0      20411   stm32f4xx_hal_uart.o
       356          0          0          0          0       3032   stm32f4xx_it.o
      3124          0          0          0          0      19775   stm32f4xx_ll_usb.o
        18          0         24          4          0       2487   system_stm32f4xx.o
      2946          0          5          0        300      21816   tasks.o
      1020          0          0          0        288       9163   tim.o
      1176          0          0          0        696       7882   usart.o
       238          0          0          0       1252       6613   usb_otg.o

    ----------------------------------------------------------------------
     48664        218       1828       1360      22112     410385   Object Totals
         0          0         32          0          0          0   (incl. Generated)
       250          4          1          8         13          0   (incl. Padding)

    ----------------------------------------------------------------------

      Code (inc. data)   RO Data    RW Data    ZI Data      Debug   Library Member Name

        90          0          0          0          0          0   __dczerorl2.o
         8          0          0          0          0         68   __main.o
         0          0          0          0          0          0   __rtentry.o
        12          0          0          0          0          0   __rtentry2.o
         6          0          0          0          0          0   __rtentry4.o
        94          8          0          0          0          0   __scatter.o
        28          0          0          0          0          0   __scatter_zi.o
        22          0          0          0          0        100   _rserrno.o
        18          0          0          0          0         80   exit.o
         6          0          0          0          0        152   heapauxi.o
         0          0          0          0          0          0   indicate_semi.o
         2          0          0          0          0          0   libinit.o
         6          0          0          0          0          0   libinit2.o
         2          0          0          0          0          0   libshutdown.o
         2          0          0          0          0          0   libshutdown2.o
         8          4          0          0         96         68   libspace.o
       240          0          0          0          0        100   lludivv7m.o
         8          4          0          0          0         68   rt_errno_addr_intlibspace.o
        68          0          0          0          0         68   rt_memclr.o
        78          0          0          0          0         80   rt_memclr_w.o
       138          0          0          0          0         68   rt_memcpy_v6.o
       100          0          0          0          0         80   rt_memcpy_w.o
         2          0          0          0          0          0   rtexit.o
        10          0          0          0          0          0   rtexit2.o
        12          4          0          0          0         68   sys_exit.o
        74          0          0          0          0         80   sys_stackheap_outer.o
         2          0          0          0          0         68   use_no_semi.o
        24          0          0          0          0        164   basic.o
        98          4          0          0          0        140   d2f.o
       834         16          0          0          0        516   daddsub_clz.o
        84          0          0          0          0        244   dcmp.o
        24          0          0          0          0        116   dcmpi.o
       696        140          0          0          0        264   ddiv.o
       120          4          0          0          0        140   deqf.o
        94          4          0          0          0        140   dfix.o
        84          0          0          0          0        232   dflt_clz.o
       120          4          0          0          0        140   dgeqf.o
       120          4          0          0          0        140   dleqf.o
       340         12          0          0          0        152   dmul.o
       156          4          0          0          0        140   dnaninf.o
        12          0          0          0          0        116   dretinf.o
        86          4          0          0          0        132   f2d.o
       140          4          0          0          0        132   fnaninf.o
        26          0          0          0          0        116   fpinit.o
        10          0          0          0          0        116   fretinf.o
         0          0          0          0          0          0   usenofp.o
       200         20          0          0          0        164   cos.o
       368         46         48          0          0        200   cos_i.o
        84         16          0          0          0        372   dunder.o
        24          0          0          0          0        124   fabs.o
        48          0          0          0          0        124   fpclassify.o
       248          0          0          0          0        152   poly.o
      1080        142        204          0          0        188   rred.o
       200         20          0          0          0        164   sin.o
       304         24         40          0          0        208   sin_i.o

    ----------------------------------------------------------------------
      6688        488        296          0         96       5984   Library Totals
        28          0          4          0          0          0   (incl. Padding)

    ----------------------------------------------------------------------

      Code (inc. data)   RO Data    RW Data    ZI Data      Debug   Library Name

      1036         20          0          0         96       1148   c_w.l
      3068        200          0          0          0       3140   fz_wm.l
      2556        268        292          0          0       1696   m_wm.l

    ----------------------------------------------------------------------
      6688        488        296          0         96       5984   Library Totals

    ----------------------------------------------------------------------

==============================================================================


      Code (inc. data)   RO Data    RW Data    ZI Data      Debug   

     55352        706       2124       1360      22208     412037   Grand Totals
     55352        706       2124        216      22208     412037   ELF Image Totals (compressed)
     55352        706       2124        216          0          0   ROM Totals

==============================================================================

    Total RO  Size (Code + RO Data)                57476 (  56.13kB)
    Total RW  Size (RW Data + ZI Data)             23568 (  23.02kB)
    Total ROM Size (Code + RO Data + RW Data)      57692 (  56.34kB)

==============================================================================

